Archive member included to satisfy reference by file (symbol)

e:/developmentenvironment/gcc-arm-none-eabi/bin/../lib/gcc/arm-none-eabi/10.3.1/thumb/v7-m/nofp\libgcc.a(_arm_muldf3.o)
                              CMakeFiles/gp_mcu2.elf.dir/Core/Src/soil_humi.c.obj (__aeabi_dmul)
e:/developmentenvironment/gcc-arm-none-eabi/bin/../lib/gcc/arm-none-eabi/10.3.1/thumb/v7-m/nofp\libgcc.a(_arm_mulsf3.o)
                              CMakeFiles/gp_mcu2.elf.dir/Core/Src/main.c.obj (__aeabi_fmul)
e:/developmentenvironment/gcc-arm-none-eabi/bin/../lib/gcc/arm-none-eabi/10.3.1/thumb/v7-m/nofp\libgcc.a(_arm_addsubdf3.o)
                              CMakeFiles/gp_mcu2.elf.dir/Core/Src/soil_humi.c.obj (__aeabi_dadd)
e:/developmentenvironment/gcc-arm-none-eabi/bin/../lib/gcc/arm-none-eabi/10.3.1/thumb/v7-m/nofp\libgcc.a(_arm_muldivdf3.o)
                              CMakeFiles/gp_mcu2.elf.dir/Core/Src/bh1750.c.obj (__aeabi_ddiv)
e:/developmentenvironment/gcc-arm-none-eabi/bin/../lib/gcc/arm-none-eabi/10.3.1/thumb/v7-m/nofp\libgcc.a(_arm_cmpdf2.o)
                              CMakeFiles/gp_mcu2.elf.dir/Core/Src/main.c.obj (__aeabi_dcmplt)
e:/developmentenvironment/gcc-arm-none-eabi/bin/../lib/gcc/arm-none-eabi/10.3.1/thumb/v7-m/nofp\libgcc.a(_arm_fixdfsi.o)
                              CMakeFiles/gp_mcu2.elf.dir/Core/Src/bh1750.c.obj (__aeabi_d2iz)
e:/developmentenvironment/gcc-arm-none-eabi/bin/../lib/gcc/arm-none-eabi/10.3.1/thumb/v7-m/nofp\libgcc.a(_arm_fixunsdfsi.o)
                              CMakeFiles/gp_mcu2.elf.dir/Core/Src/soil_humi.c.obj (__aeabi_d2uiz)
e:/developmentenvironment/gcc-arm-none-eabi/bin/../lib/gcc/arm-none-eabi/10.3.1/thumb/v7-m/nofp\libgcc.a(_arm_addsubsf3.o)
                              CMakeFiles/gp_mcu2.elf.dir/Core/Src/main.c.obj (__aeabi_fsub)
e:/developmentenvironment/gcc-arm-none-eabi/bin/../lib/gcc/arm-none-eabi/10.3.1/thumb/v7-m/nofp\libgcc.a(_arm_muldivsf3.o)
                              CMakeFiles/gp_mcu2.elf.dir/Core/Src/main.c.obj (__aeabi_fdiv)
e:/developmentenvironment/gcc-arm-none-eabi/bin/../lib/gcc/arm-none-eabi/10.3.1/thumb/v7-m/nofp\libgcc.a(_arm_cmpsf2.o)
                              CMakeFiles/gp_mcu2.elf.dir/Core/Src/main.c.obj (__aeabi_fcmplt)
e:/developmentenvironment/gcc-arm-none-eabi/bin/../lib/gcc/arm-none-eabi/10.3.1/../../../../arm-none-eabi/lib/thumb/v7-m/nofp\libg.a(lib_a-errno.o)
                              CMakeFiles/gp_mcu2.elf.dir/Core/Src/syscalls.c.obj (__errno)
e:/developmentenvironment/gcc-arm-none-eabi/bin/../lib/gcc/arm-none-eabi/10.3.1/../../../../arm-none-eabi/lib/thumb/v7-m/nofp\libg.a(lib_a-exit.o)
                              e:/developmentenvironment/gcc-arm-none-eabi/bin/../lib/gcc/arm-none-eabi/10.3.1/../../../../arm-none-eabi/lib/thumb/v7-m/nofp/crt0.o (exit)
e:/developmentenvironment/gcc-arm-none-eabi/bin/../lib/gcc/arm-none-eabi/10.3.1/../../../../arm-none-eabi/lib/thumb/v7-m/nofp\libg.a(lib_a-impure.o)
                              e:/developmentenvironment/gcc-arm-none-eabi/bin/../lib/gcc/arm-none-eabi/10.3.1/../../../../arm-none-eabi/lib/thumb/v7-m/nofp\libg.a(lib_a-exit.o) (_global_impure_ptr)
e:/developmentenvironment/gcc-arm-none-eabi/bin/../lib/gcc/arm-none-eabi/10.3.1/../../../../arm-none-eabi/lib/thumb/v7-m/nofp\libg.a(lib_a-init.o)
                              e:/developmentenvironment/gcc-arm-none-eabi/bin/../lib/gcc/arm-none-eabi/10.3.1/../../../../arm-none-eabi/lib/thumb/v7-m/nofp/crt0.o (__libc_init_array)
e:/developmentenvironment/gcc-arm-none-eabi/bin/../lib/gcc/arm-none-eabi/10.3.1/../../../../arm-none-eabi/lib/thumb/v7-m/nofp\libg.a(lib_a-memset.o)
                              e:/developmentenvironment/gcc-arm-none-eabi/bin/../lib/gcc/arm-none-eabi/10.3.1/../../../../arm-none-eabi/lib/thumb/v7-m/nofp/crt0.o (memset)
e:/developmentenvironment/gcc-arm-none-eabi/bin/../lib/gcc/arm-none-eabi/10.3.1/../../../../arm-none-eabi/lib/thumb/v7-m/nofp\libg.a(lib_a-printf.o)
                              CMakeFiles/gp_mcu2.elf.dir/Core/Src/main.c.obj (printf)
e:/developmentenvironment/gcc-arm-none-eabi/bin/../lib/gcc/arm-none-eabi/10.3.1/../../../../arm-none-eabi/lib/thumb/v7-m/nofp\libg.a(lib_a-puts.o)
                              CMakeFiles/gp_mcu2.elf.dir/Core/Src/bh1750.c.obj (puts)
e:/developmentenvironment/gcc-arm-none-eabi/bin/../lib/gcc/arm-none-eabi/10.3.1/../../../../arm-none-eabi/lib/thumb/v7-m/nofp\libg.a(lib_a-strlen-stub.o)
                              e:/developmentenvironment/gcc-arm-none-eabi/bin/../lib/gcc/arm-none-eabi/10.3.1/../../../../arm-none-eabi/lib/thumb/v7-m/nofp\libg.a(lib_a-puts.o) (strlen)
e:/developmentenvironment/gcc-arm-none-eabi/bin/../lib/gcc/arm-none-eabi/10.3.1/../../../../arm-none-eabi/lib/thumb/v7-m/nofp\libg.a(lib_a-vfprintf.o)
                              e:/developmentenvironment/gcc-arm-none-eabi/bin/../lib/gcc/arm-none-eabi/10.3.1/../../../../arm-none-eabi/lib/thumb/v7-m/nofp\libg.a(lib_a-printf.o) (_vfprintf_r)
[...]
Memory Configuration

Name             Origin             Length             Attributes
RAM              0x20000000         0x00005000         xrw
FLASH            0x08000000         0x00010000         xr
*default*        0x00000000         0xffffffff

Linker script and memory map

LOAD e:/developmentenvironment/gcc-arm-none-eabi/bin/../lib/gcc/arm-none-eabi/10.3.1/thumb/v7-m/nofp/crti.o
LOAD e:/developmentenvironment/gcc-arm-none-eabi/bin/../lib/gcc/arm-none-eabi/10.3.1/thumb/v7-m/nofp/crtbegin.o
LOAD e:/developmentenvironment/gcc-arm-none-eabi/bin/../lib/gcc/arm-none-eabi/10.3.1/../../../../arm-none-eabi/lib/thumb/v7-m/nofp/crt0.o
LOAD CMakeFiles/gp_mcu2.elf.dir/Core/Src/adc.c.obj
LOAD CMakeFiles/gp_mcu2.elf.dir/Core/Src/bh1750.c.obj
LOAD CMakeFiles/gp_mcu2.elf.dir/Core/Src/dht11.c.obj
LOAD CMakeFiles/gp_mcu2.elf.dir/Core/Src/dma.c.obj
LOAD CMakeFiles/gp_mcu2.elf.dir/Core/Src/gpio.c.obj
LOAD CMakeFiles/gp_mcu2.elf.dir/Core/Src/i2c.c.obj
LOAD CMakeFiles/gp_mcu2.elf.dir/Core/Src/main.c.obj
LOAD CMakeFiles/gp_mcu2.elf.dir/Core/Src/soil_humi.c.obj
LOAD CMakeFiles/gp_mcu2.elf.dir/Core/Src/stm32f1xx_hal_msp.c.obj
LOAD CMakeFiles/gp_mcu2.elf.dir/Core/Src/stm32f1xx_it.c.obj
LOAD CMakeFiles/gp_mcu2.elf.dir/Core/Src/syscalls.c.obj
LOAD CMakeFiles/gp_mcu2.elf.dir/Core/Src/system_stm32f1xx.c.obj
LOAD CMakeFiles/gp_mcu2.elf.dir/Core/Src/task_queue.c.obj
LOAD CMakeFiles/gp_mcu2.elf.dir/Core/Src/tim.c.obj
LOAD CMakeFiles/gp_mcu2.elf.dir/Core/Src/usart.c.obj
LOAD CMakeFiles/gp_mcu2.elf.dir/Drivers/STM32F1xx_HAL_Driver/Src/stm32f1xx_hal.c.obj
LOAD CMakeFiles/gp_mcu2.elf.dir/Drivers/STM32F1xx_HAL_Driver/Src/stm32f1xx_hal_adc.c.obj
LOAD CMakeFiles/gp_mcu2.elf.dir/Drivers/STM32F1xx_HAL_Driver/Src/stm32f1xx_hal_adc_ex.c.obj
LOAD CMakeFiles/gp_mcu2.elf.dir/Drivers/STM32F1xx_HAL_Driver/Src/stm32f1xx_hal_cortex.c.obj
LOAD CMakeFiles/gp_mcu2.elf.dir/Drivers/STM32F1xx_HAL_Driver/Src/stm32f1xx_hal_dma.c.obj
LOAD CMakeFiles/gp_mcu2.elf.dir/Drivers/STM32F1xx_HAL_Driver/Src/stm32f1xx_hal_exti.c.obj
LOAD CMakeFiles/gp_mcu2.elf.dir/Drivers/STM32F1xx_HAL_Driver/Src/stm32f1xx_hal_flash.c.obj
LOAD CMakeFiles/gp_mcu2.elf.dir/Drivers/STM32F1xx_HAL_Driver/Src/stm32f1xx_hal_flash_ex.c.obj
LOAD CMakeFiles/gp_mcu2.elf.dir/Drivers/STM32F1xx_HAL_Driver/Src/stm32f1xx_hal_gpio.c.obj
LOAD CMakeFiles/gp_mcu2.elf.dir/Drivers/STM32F1xx_HAL_Driver/Src/stm32f1xx_hal_gpio_ex.c.obj
LOAD CMakeFiles/gp_mcu2.elf.dir/Drivers/STM32F1xx_HAL_Driver/Src/stm32f1xx_hal_i2c.c.obj
LOAD CMakeFiles/gp_mcu2.elf.dir/Drivers/STM32F1xx_HAL_Driver/Src/stm32f1xx_hal_pwr.c.obj
LOAD CMakeFiles/gp_mcu2.elf.dir/Drivers/STM32F1xx_HAL_Driver/Src/stm32f1xx_hal_rcc.c.obj
LOAD CMakeFiles/gp_mcu2.elf.dir/Drivers/STM32F1xx_HAL_Driver/Src/stm32f1xx_hal_rcc_ex.c.obj
LOAD CMakeFiles/gp_mcu2.elf.dir/Drivers/STM32F1xx_HAL_Driver/Src/stm32f1xx_hal_tim.c.obj
LOAD CMakeFiles/gp_mcu2.elf.dir/Drivers/STM32F1xx_HAL_Driver/Src/stm32f1xx_hal_tim_ex.c.obj
LOAD CMakeFiles/gp_mcu2.elf.dir/Drivers/STM32F1xx_HAL_Driver/Src/stm32f1xx_hal_uart.c.obj
LOAD CMakeFiles/gp_mcu2.elf.dir/startup/startup_stm32f103xb.s.obj
START GROUP
LOAD e:/developmentenvironment/gcc-arm-none-eabi/bin/../lib/gcc/arm-none-eabi/10.3.1/thumb/v7-m/nofp\libgcc.a
LOAD e:/developmentenvironment/gcc-arm-none-eabi/bin/../lib/gcc/arm-none-eabi/10.3.1/../../../../arm-none-eabi/lib/thumb/v7-m/nofp\libg.a
LOAD e:/developmentenvironment/gcc-arm-none-eabi/bin/../lib/gcc/arm-none-eabi/10.3.1/../../../../arm-none-eabi/lib/thumb/v7-m/nofp\libc.a
END GROUP
LOAD e:/developmentenvironment/gcc-arm-none-eabi/bin/../lib/gcc/arm-none-eabi/10.3.1/thumb/v7-m/nofp/crtend.o
LOAD e:/developmentenvironment/gcc-arm-none-eabi/bin/../lib/gcc/arm-none-eabi/10.3.1/thumb/v7-m/nofp/crtn.o
                0x20005000                _estack = 0x20005000
                0x00000200                _Min_Heap_Size = 0x200
                0x00000400                _Min_Stack_Size = 0x400

.isr_vector     0x08000000      0x10c
                0x08000000                . = ALIGN (0x4)
 *(.isr_vector)
 .isr_vector    0x08000000      0x10c CMakeFiles/gp_mcu2.elf.dir/startup/startup_stm32f103xb.s.obj
                0x08000000                g_pfnVectors
                0x0800010c                . = ALIGN (0x4)

.text           0x08000110     0xb198
                0x08000110                . = ALIGN (0x4)
 *(.text)
 .text          0x08000110       0x40 e:/developmentenvironment/gcc-arm-none-eabi/bin/../lib/gcc/arm-none-eabi/10.3.1/thumb/v7-m/nofp/crtbegin.o
 .text          0x08000150      0x378 e:/developmentenvironment/gcc-arm-none-eabi/bin/../lib/gcc/arm-none-eabi/10.3.1/thumb/v7-m/nofp\libgcc.a(_arm_addsubdf3.o)
                0x08000150                __aeabi_drsub
                0x08000158                __aeabi_dsub
                0x08000158                __subdf3
                0x0800015c                __aeabi_dadd
                0x0800015c                __adddf3
                0x080003d4                __floatunsidf
                0x080003d4                __aeabi_ui2d
                0x080003f4                __floatsidf
                0x080003f4                __aeabi_i2d
                0x08000418                __aeabi_f2d
                0x08000418                __extendsfdf2
                0x0800045c                __floatundidf
                0x0800045c                __aeabi_ul2d
                0x0800046c                __floatdidf
                0x0800046c                __aeabi_l2d
 .text          0x080004c8      0x424 e:/developmentenvironment/gcc-arm-none-eabi/bin/../lib/gcc/arm-none-eabi/10.3.1/thumb/v7-m/nofp\libgcc.a(_arm_muldivdf3.o)
                0x080004c8                __aeabi_dmul
                0x080004c8                __muldf3
                0x0800071c                __divdf3
                0x0800071c                __aeabi_ddiv
 .text          0x080008ec      0x110 e:/developmentenvironment/gcc-arm-none-eabi/bin/../lib/gcc/arm-none-eabi/10.3.1/thumb/v7-m/nofp\libgcc.a(_arm_cmpdf2.o)
                0x080008ec                __gtdf2
                0x080008ec                __gedf2
                0x080008f4                __ltdf2
                0x080008f4                __ledf2
                0x080008fc                __nedf2
                0x080008fc                __eqdf2
                0x080008fc                __cmpdf2
                0x08000978                __aeabi_cdrcmple
                0x08000988                __aeabi_cdcmpeq
                0x08000988                __aeabi_cdcmple
                0x08000998                __aeabi_dcmpeq
                0x080009ac                __aeabi_dcmplt
                0x080009c0                __aeabi_dcmple
                0x080009d4                __aeabi_dcmpge
                0x080009e8                __aeabi_dcmpgt
 .text          0x080009fc       0x50 e:/developmentenvironment/gcc-arm-none-eabi/bin/../lib/gcc/arm-none-eabi/10.3.1/thumb/v7-m/nofp\libgcc.a(_arm_fixdfsi.o)
                0x080009fc                __aeabi_d2iz
                0x080009fc                __fixdfsi
 .text          0x08000a4c       0x40 e:/developmentenvironment/gcc-arm-none-eabi/bin/../lib/gcc/arm-none-eabi/10.3.1/thumb/v7-m/nofp\libgcc.a(_arm_fixunsdfsi.o)
                0x08000a4c                __aeabi_d2uiz
                0x08000a4c                __fixunsdfsi
 .text          0x08000a8c      0x21c e:/developmentenvironment/gcc-arm-none-eabi/bin/../lib/gcc/arm-none-eabi/10.3.1/thumb/v7-m/nofp\libgcc.a(_arm_addsubsf3.o)
                0x08000a8c                __aeabi_frsub
                0x08000a94                __subsf3
                0x08000a94                __aeabi_fsub
                0x08000a98                __aeabi_fadd
                0x08000a98                __addsf3
                0x08000bf8                __aeabi_ui2f
                0x08000bf8                __floatunsisf
                0x08000c00                __aeabi_i2f
                0x08000c00                __floatsisf
                0x08000c1c                __aeabi_ul2f
                0x08000c1c                __floatundisf
                0x08000c2c                __aeabi_l2f
                0x08000c2c                __floatdisf
 .text          0x08000ca8      0x2a0 e:/developmentenvironment/gcc-arm-none-eabi/bin/../lib/gcc/arm-none-eabi/10.3.1/thumb/v7-m/nofp\libgcc.a(_arm_muldivsf3.o)
                0x08000ca8                __mulsf3
                0x08000ca8                __aeabi_fmul
                0x08000e10                __aeabi_fdiv
                0x08000e10                __divsf3
 .text          0x08000f48       0xec e:/developmentenvironment/gcc-arm-none-eabi/bin/../lib/gcc/arm-none-eabi/10.3.1/thumb/v7-m/nofp\libgcc.a(_arm_cmpsf2.o)
                0x08000f48                __gesf2
                0x08000f48                __gtsf2
                0x08000f50                __lesf2
                0x08000f50                __ltsf2
                0x08000f58                __nesf2
                0x08000f58                __eqsf2
                0x08000f58                __cmpsf2
                0x08000fb8                __aeabi_cfrcmple
                0x08000fc0                __aeabi_cfcmpeq
                0x08000fc0                __aeabi_cfcmple
                0x08000fd0                __aeabi_fcmpeq
                0x08000fe4                __aeabi_fcmplt
                0x08000ff8                __aeabi_fcmple
                0x0800100c                __aeabi_fcmpge
                0x08001020                __aeabi_fcmpgt
 .text          0x08001034       0xec e:/developmentenvironment/gcc-arm-none-eabi/bin/../lib/gcc/arm-none-eabi/10.3.1/../../../../arm-none-eabi/lib/thumb/v7-m/nofp\libg.a(lib_a-memcpy.o)
                0x08001034                memcpy
 .text          0x08001120       0x2c e:/developmentenvironment/gcc-arm-none-eabi/bin/../lib/gcc/arm-none-eabi/10.3.1/thumb/v7-m/nofp\libgcc.a(_arm_unorddf2.o)
                0x08001120                __unorddf2
                0x08001120                __aeabi_dcmpun
 .text          0x0800114c       0x30 e:/developmentenvironment/gcc-arm-none-eabi/bin/../lib/gcc/arm-none-eabi/10.3.1/thumb/v7-m/nofp\libgcc.a(_aeabi_uldivmod.o)
                0x0800114c                __aeabi_uldivmod
 .text          0x0800117c      0x2d4 e:/developmentenvironment/gcc-arm-none-eabi/bin/../lib/gcc/arm-none-eabi/10.3.1/thumb/v7-m/nofp\libgcc.a(_udivmoddi4.o)
                0x0800117c                __udivmoddi4
 .text          0x08001450        0x4 e:/developmentenvironment/gcc-arm-none-eabi/bin/../lib/gcc/arm-none-eabi/10.3.1/thumb/v7-m/nofp\libgcc.a(_dvmd_tls.o)
                0x08001450                __aeabi_idiv0
                0x08001450                __aeabi_ldiv0
 *(.text*)
 .text.MX_ADC1_Init
                0x08001454       0x58 CMakeFiles/gp_mcu2.elf.dir/Core/Src/adc.c.obj
                0x08001454                MX_ADC1_Init
 .text.HAL_ADC_MspInit
                0x080014ac       0x60 CMakeFiles/gp_mcu2.elf.dir/Core/Src/adc.c.obj
                0x080014ac                HAL_ADC_MspInit
 .text.bh1750_init
                0x0800150c       0x3c CMakeFiles/gp_mcu2.elf.dir/Core/Src/bh1750.c.obj
                0x0800150c                bh1750_init
 .text.bh1750_read
                0x08001548       0x54 CMakeFiles/gp_mcu2.elf.dir/Core/Src/bh1750.c.obj
                0x08001548                bh1750_read
 .text.DHT11_IO_IN
                0x0800159c       0x2c CMakeFiles/gp_mcu2.elf.dir/Core/Src/dht11.c.obj
                0x0800159c                DHT11_IO_IN
 .text.DHT11_IO_OUT
                0x080015c8       0x30 CMakeFiles/gp_mcu2.elf.dir/Core/Src/dht11.c.obj
                0x080015c8                DHT11_IO_OUT
 .text.DHT11_Rst
                0x080015f8       0x30 CMakeFiles/gp_mcu2.elf.dir/Core/Src/dht11.c.obj
                0x080015f8                DHT11_Rst
 .text.DHT11_Check
                0x08001628       0x58 CMakeFiles/gp_mcu2.elf.dir/Core/Src/dht11.c.obj
                0x08001628                DHT11_Check
 .text.DHT11_Read_Bit
                0x08001680       0x5c CMakeFiles/gp_mcu2.elf.dir/Core/Src/dht11.c.obj
                0x08001680                DHT11_Read_Bit
 .text.DHT11_Read_Byte
                0x080016dc       0x1e CMakeFiles/gp_mcu2.elf.dir/Core/Src/dht11.c.obj
                0x080016dc                DHT11_Read_Byte
 .text.DHT11_Read_Data
                0x080016fa       0x5c CMakeFiles/gp_mcu2.elf.dir/Core/Src/dht11.c.obj
                0x080016fa                DHT11_Read_Data
 *fill*         0x08001756        0x2 
 .text.MX_GPIO_Init
                0x08001758       0xb4 CMakeFiles/gp_mcu2.elf.dir/Core/Src/gpio.c.obj
                0x08001758                MX_GPIO_Init
 .text.MX_I2C1_Init
                0x0800180c       0x3c CMakeFiles/gp_mcu2.elf.dir/Core/Src/i2c.c.obj
                0x0800180c                MX_I2C1_Init
 .text.HAL_I2C_MspInit
                0x08001848       0x64 CMakeFiles/gp_mcu2.elf.dir/Core/Src/i2c.c.obj
                0x08001848                HAL_I2C_MspInit
 .text.HAL_TIM_PeriodElapsedCallback
                0x080018ac       0x3c CMakeFiles/gp_mcu2.elf.dir/Core/Src/main.c.obj
                0x080018ac                HAL_TIM_PeriodElapsedCallback
 .text.idel_task
                0x080018e8       0x5c CMakeFiles/gp_mcu2.elf.dir/Core/Src/main.c.obj
                0x080018e8                idel_task
 .text.read_sensor_data_task
                0x08001944       0x60 CMakeFiles/gp_mcu2.elf.dir/Core/Src/main.c.obj
                0x08001944                read_sensor_data_task
 *fill*         0x080019a4        0x4 
 .text.control_servo_task
                0x080019a8      0x204 CMakeFiles/gp_mcu2.elf.dir/Core/Src/main.c.obj
                0x080019a8                control_servo_task
 .text.send_sensor_data_task
                0x08001bac       0xbc CMakeFiles/gp_mcu2.elf.dir/Core/Src/main.c.obj
                0x08001bac                send_sensor_data_task
 .text.Error_Handler
                0x08001c68        0x4 CMakeFiles/gp_mcu2.elf.dir/Core/Src/main.c.obj
                0x08001c68                Error_Handler
 .text.SystemClock_Config
                0x08001c6c       0x84 CMakeFiles/gp_mcu2.elf.dir/Core/Src/main.c.obj
                0x08001c6c                SystemClock_Config
 .text.hw_init  0x08001cf0       0x50 CMakeFiles/gp_mcu2.elf.dir/Core/Src/main.c.obj
                0x08001cf0                hw_init
 .text.main     0x08001d40       0x34 CMakeFiles/gp_mcu2.elf.dir/Core/Src/main.c.obj
                0x08001d40                main
 *fill*         0x08001d74        0x4 
 .text.soil_humi_read
                0x08001d78       0x64 CMakeFiles/gp_mcu2.elf.dir/Core/Src/soil_humi.c.obj
                0x08001d78                soil_humi_read
 .text.HAL_MspInit
                0x08001ddc       0x44 CMakeFiles/gp_mcu2.elf.dir/Core/Src/stm32f1xx_hal_msp.c.obj
                0x08001ddc                HAL_MspInit
 .text.NMI_Handler
                0x08001e20        0x2 CMakeFiles/gp_mcu2.elf.dir/Core/Src/stm32f1xx_it.c.obj
                0x08001e20                NMI_Handler
 .text.HardFault_Handler
                0x08001e22        0x2 CMakeFiles/gp_mcu2.elf.dir/Core/Src/stm32f1xx_it.c.obj
                0x08001e22                HardFault_Handler
 .text.MemManage_Handler
                0x08001e24        0x2 CMakeFiles/gp_mcu2.elf.dir/Core/Src/stm32f1xx_it.c.obj
                0x08001e24                MemManage_Handler
 .text.BusFault_Handler
                0x08001e26        0x2 CMakeFiles/gp_mcu2.elf.dir/Core/Src/stm32f1xx_it.c.obj
                0x08001e26                BusFault_Handler
 .text.UsageFault_Handler
                0x08001e28        0x2 CMakeFiles/gp_mcu2.elf.dir/Core/Src/stm32f1xx_it.c.obj
                0x08001e28                UsageFault_Handler
 .text.SVC_Handler
                0x08001e2a        0x2 CMakeFiles/gp_mcu2.elf.dir/Core/Src/stm32f1xx_it.c.obj
                0x08001e2a                SVC_Handler
 .text.DebugMon_Handler
                0x08001e2c        0x2 CMakeFiles/gp_mcu2.elf.dir/Core/Src/stm32f1xx_it.c.obj
                0x08001e2c                DebugMon_Handler
 .text.PendSV_Handler
                0x08001e2e        0x2 CMakeFiles/gp_mcu2.elf.dir/Core/Src/stm32f1xx_it.c.obj
                0x08001e2e                PendSV_Handler
 .text.SysTick_Handler
                0x08001e30        0x8 CMakeFiles/gp_mcu2.elf.dir/Core/Src/stm32f1xx_it.c.obj
                0x08001e30                SysTick_Handler
 .text.DMA1_Channel6_IRQHandler
                0x08001e38       0x10 CMakeFiles/gp_mcu2.elf.dir/Core/Src/stm32f1xx_it.c.obj
                0x08001e38                DMA1_Channel6_IRQHandler
 .text.TIM4_IRQHandler
                0x08001e48       0x10 CMakeFiles/gp_mcu2.elf.dir/Core/Src/stm32f1xx_it.c.obj
                0x08001e48                TIM4_IRQHandler
 .text.USART2_IRQHandler
                0x08001e58       0x18 CMakeFiles/gp_mcu2.elf.dir/Core/Src/stm32f1xx_it.c.obj
                0x08001e58                USART2_IRQHandler
 .text._getpid  0x08001e70        0x4 CMakeFiles/gp_mcu2.elf.dir/Core/Src/syscalls.c.obj
                0x08001e70                _getpid
 .text._kill    0x08001e74       0x10 CMakeFiles/gp_mcu2.elf.dir/Core/Src/syscalls.c.obj
                0x08001e74                _kill
 .text._exit    0x08001e84        0xc CMakeFiles/gp_mcu2.elf.dir/Core/Src/syscalls.c.obj
                0x08001e84                _exit
 .text._read    0x08001e90       0x20 CMakeFiles/gp_mcu2.elf.dir/Core/Src/syscalls.c.obj
                0x08001e90                _read
 .text._sbrk    0x08001eb0       0x3c CMakeFiles/gp_mcu2.elf.dir/Core/Src/syscalls.c.obj
                0x08001eb0                _sbrk
 .text._close   0x08001eec        0x6 CMakeFiles/gp_mcu2.elf.dir/Core/Src/syscalls.c.obj
                0x08001eec                _close
 .text._fstat   0x08001ef2        0xa CMakeFiles/gp_mcu2.elf.dir/Core/Src/syscalls.c.obj
                0x08001ef2                _fstat
 .text._isatty  0x08001efc        0x4 CMakeFiles/gp_mcu2.elf.dir/Core/Src/syscalls.c.obj
                0x08001efc                _isatty
 .text._lseek   0x08001f00        0x4 CMakeFiles/gp_mcu2.elf.dir/Core/Src/syscalls.c.obj
                0x08001f00                _lseek
 .text.SystemInit
                0x08001f04        0x2 CMakeFiles/gp_mcu2.elf.dir/Core/Src/system_stm32f1xx.c.obj
                0x08001f04                SystemInit
 *fill*         0x08001f06        0x2 
 .text.MX_TIM3_Init
                0x08001f08       0x54 CMakeFiles/gp_mcu2.elf.dir/Core/Src/tim.c.obj
                0x08001f08                MX_TIM3_Init
 .text.MX_TIM4_Init
                0x08001f5c       0x74 CMakeFiles/gp_mcu2.elf.dir/Core/Src/tim.c.obj
                0x08001f5c                MX_TIM4_Init
 .text.HAL_TIM_PWM_MspInit
                0x08001fd0       0x26 CMakeFiles/gp_mcu2.elf.dir/Core/Src/tim.c.obj
                0x08001fd0                HAL_TIM_PWM_MspInit
 *fill*         0x08001ff6        0x2 
 .text.HAL_TIM_OnePulse_MspInit
                0x08001ff8       0x2c CMakeFiles/gp_mcu2.elf.dir/Core/Src/tim.c.obj
                0x08001ff8                HAL_TIM_OnePulse_MspInit
 .text.HAL_TIM_Base_MspInit
                0x08002024       0x40 CMakeFiles/gp_mcu2.elf.dir/Core/Src/tim.c.obj
                0x08002024                HAL_TIM_Base_MspInit
 .text.HAL_TIM_MspPostInit
                0x08002064       0x64 CMakeFiles/gp_mcu2.elf.dir/Core/Src/tim.c.obj
                0x08002064                HAL_TIM_MspPostInit
 .text.MX_TIM2_Init
                0x080020c8       0x84 CMakeFiles/gp_mcu2.elf.dir/Core/Src/tim.c.obj
                0x080020c8                MX_TIM2_Init
 .text.Delay_us
                0x0800214c       0x34 CMakeFiles/gp_mcu2.elf.dir/Core/Src/tim.c.obj
                0x0800214c                Delay_us
 .text.MX_USART1_UART_Init
                0x08002180       0x34 CMakeFiles/gp_mcu2.elf.dir/Core/Src/usart.c.obj
                0x08002180                MX_USART1_UART_Init
 .text.MX_USART2_UART_Init
                0x080021b4       0x34 CMakeFiles/gp_mcu2.elf.dir/Core/Src/usart.c.obj
                0x080021b4                MX_USART2_UART_Init
 .text.HAL_UART_MspInit
                0x080021e8      0x11c CMakeFiles/gp_mcu2.elf.dir/Core/Src/usart.c.obj
                0x080021e8                HAL_UART_MspInit
 .text._write   0x08002304       0x18 CMakeFiles/gp_mcu2.elf.dir/Core/Src/usart.c.obj
                0x08002304                _write
 .text.HAL_InitTick
                0x0800231c       0x4c CMakeFiles/gp_mcu2.elf.dir/Drivers/STM32F1xx_HAL_Driver/Src/stm32f1xx_hal.c.obj
                0x0800231c                HAL_InitTick
 .text.HAL_Init
                0x08002368       0x24 CMakeFiles/gp_mcu2.elf.dir/Drivers/STM32F1xx_HAL_Driver/Src/stm32f1xx_hal.c.obj
                0x08002368                HAL_Init
 .text.HAL_IncTick
                0x0800238c       0x18 CMakeFiles/gp_mcu2.elf.dir/Drivers/STM32F1xx_HAL_Driver/Src/stm32f1xx_hal.c.obj
                0x0800238c                HAL_IncTick
 .text.HAL_GetTick
                0x080023a4        0xc CMakeFiles/gp_mcu2.elf.dir/Drivers/STM32F1xx_HAL_Driver/Src/stm32f1xx_hal.c.obj
                0x080023a4                HAL_GetTick
 .text.HAL_Delay
                0x080023b0       0x28 CMakeFiles/gp_mcu2.elf.dir/Drivers/STM32F1xx_HAL_Driver/Src/stm32f1xx_hal.c.obj
                0x080023b0                HAL_Delay
 .text.HAL_ADC_PollForConversion
                0x080023d8      0x184 CMakeFiles/gp_mcu2.elf.dir/Drivers/STM32F1xx_HAL_Driver/Src/stm32f1xx_hal_adc.c.obj
                0x080023d8                HAL_ADC_PollForConversion
 .text.HAL_ADC_GetValue
                0x0800255c        0x6 CMakeFiles/gp_mcu2.elf.dir/Drivers/STM32F1xx_HAL_Driver/Src/stm32f1xx_hal_adc.c.obj
                0x0800255c                HAL_ADC_GetValue
 *fill*         0x08002562        0x2 
 .text.HAL_ADC_ConfigChannel
                0x08002564      0x144 CMakeFiles/gp_mcu2.elf.dir/Drivers/STM32F1xx_HAL_Driver/Src/stm32f1xx_hal_adc.c.obj
                0x08002564                HAL_ADC_ConfigChannel
 .text.ADC_Enable
                0x080026a8       0x88 CMakeFiles/gp_mcu2.elf.dir/Drivers/STM32F1xx_HAL_Driver/Src/stm32f1xx_hal_adc.c.obj
                0x080026a8                ADC_Enable
 .text.HAL_ADC_Start
                0x08002730       0xe8 CMakeFiles/gp_mcu2.elf.dir/Drivers/STM32F1xx_HAL_Driver/Src/stm32f1xx_hal_adc.c.obj
                0x08002730                HAL_ADC_Start
 .text.ADC_ConversionStop_Disable
                0x08002818       0x56 CMakeFiles/gp_mcu2.elf.dir/Drivers/STM32F1xx_HAL_Driver/Src/stm32f1xx_hal_adc.c.obj
                0x08002818                ADC_ConversionStop_Disable
 *fill*         0x0800286e        0x2 
 .text.HAL_ADC_Init
                0x08002870      0x108 CMakeFiles/gp_mcu2.elf.dir/Drivers/STM32F1xx_HAL_Driver/Src/stm32f1xx_hal_adc.c.obj
                0x08002870                HAL_ADC_Init
 .text.HAL_ADC_Stop
                0x08002978       0x34 CMakeFiles/gp_mcu2.elf.dir/Drivers/STM32F1xx_HAL_Driver/Src/stm32f1xx_hal_adc.c.obj
                0x08002978                HAL_ADC_Stop
 .text.HAL_NVIC_SetPriorityGrouping
                0x080029ac       0x24 CMakeFiles/gp_mcu2.elf.dir/Drivers/STM32F1xx_HAL_Driver/Src/stm32f1xx_hal_cortex.c.obj
                0x080029ac                HAL_NVIC_SetPriorityGrouping
 .text.HAL_NVIC_SetPriority
                0x080029d0       0x70 CMakeFiles/gp_mcu2.elf.dir/Drivers/STM32F1xx_HAL_Driver/Src/stm32f1xx_hal_cortex.c.obj
                0x080029d0                HAL_NVIC_SetPriority
 .text.HAL_NVIC_EnableIRQ
                0x08002a40       0x1c CMakeFiles/gp_mcu2.elf.dir/Drivers/STM32F1xx_HAL_Driver/Src/stm32f1xx_hal_cortex.c.obj
                0x08002a40                HAL_NVIC_EnableIRQ
 .text.HAL_SYSTICK_Config
                0x08002a5c       0x28 CMakeFiles/gp_mcu2.elf.dir/Drivers/STM32F1xx_HAL_Driver/Src/stm32f1xx_hal_cortex.c.obj
                0x08002a5c                HAL_SYSTICK_Config
 .text.HAL_DMA_Init
                0x08002a84       0x6c CMakeFiles/gp_mcu2.elf.dir/Drivers/STM32F1xx_HAL_Driver/Src/stm32f1xx_hal_dma.c.obj
                0x08002a84                HAL_DMA_Init
 .text.HAL_DMA_Abort
                0x08002af0       0x44 CMakeFiles/gp_mcu2.elf.dir/Drivers/STM32F1xx_HAL_Driver/Src/stm32f1xx_hal_dma.c.obj
                0x08002af0                HAL_DMA_Abort
 .text.HAL_DMA_Abort_IT
                0x08002b34       0x98 CMakeFiles/gp_mcu2.elf.dir/Drivers/STM32F1xx_HAL_Driver/Src/stm32f1xx_hal_dma.c.obj
                0x08002b34                HAL_DMA_Abort_IT
 .text.HAL_DMA_IRQHandler
                0x08002bcc      0x144 CMakeFiles/gp_mcu2.elf.dir/Drivers/STM32F1xx_HAL_Driver/Src/stm32f1xx_hal_dma.c.obj
                0x08002bcc                HAL_DMA_IRQHandler
 .text.HAL_GPIO_Init
                0x08002d10      0x224 CMakeFiles/gp_mcu2.elf.dir/Drivers/STM32F1xx_HAL_Driver/Src/stm32f1xx_hal_gpio.c.obj
                0x08002d10                HAL_GPIO_Init
 .text.HAL_GPIO_ReadPin
                0x08002f34        0xe CMakeFiles/gp_mcu2.elf.dir/Drivers/STM32F1xx_HAL_Driver/Src/stm32f1xx_hal_gpio.c.obj
                0x08002f34                HAL_GPIO_ReadPin
 .text.HAL_GPIO_WritePin
                0x08002f42        0xc CMakeFiles/gp_mcu2.elf.dir/Drivers/STM32F1xx_HAL_Driver/Src/stm32f1xx_hal_gpio.c.obj
                0x08002f42                HAL_GPIO_WritePin
 .text.HAL_GPIO_TogglePin
                0x08002f4e       0x12 CMakeFiles/gp_mcu2.elf.dir/Drivers/STM32F1xx_HAL_Driver/Src/stm32f1xx_hal_gpio.c.obj
                0x08002f4e                HAL_GPIO_TogglePin
 .text.I2C_IsAcknowledgeFailed
                0x08002f60       0x32 CMakeFiles/gp_mcu2.elf.dir/Drivers/STM32F1xx_HAL_Driver/Src/stm32f1xx_hal_i2c.c.obj
 .text.I2C_WaitOnFlagUntilTimeout
                0x08002f92       0x7c CMakeFiles/gp_mcu2.elf.dir/Drivers/STM32F1xx_HAL_Driver/Src/stm32f1xx_hal_i2c.c.obj
 .text.I2C_WaitOnMasterAddressFlagUntilTimeout
                0x0800300e       0xaa CMakeFiles/gp_mcu2.elf.dir/Drivers/STM32F1xx_HAL_Driver/Src/stm32f1xx_hal_i2c.c.obj
 .text.I2C_MasterRequestWrite
                0x080030b8       0xb4 CMakeFiles/gp_mcu2.elf.dir/Drivers/STM32F1xx_HAL_Driver/Src/stm32f1xx_hal_i2c.c.obj
 .text.I2C_MasterRequestRead
                0x0800316c      0x120 CMakeFiles/gp_mcu2.elf.dir/Drivers/STM32F1xx_HAL_Driver/Src/stm32f1xx_hal_i2c.c.obj
 .text.I2C_WaitOnTXEFlagUntilTimeout
                0x0800328c       0x54 CMakeFiles/gp_mcu2.elf.dir/Drivers/STM32F1xx_HAL_Driver/Src/stm32f1xx_hal_i2c.c.obj
 .text.I2C_WaitOnBTFFlagUntilTimeout
                0x080032e0       0x54 CMakeFiles/gp_mcu2.elf.dir/Drivers/STM32F1xx_HAL_Driver/Src/stm32f1xx_hal_i2c.c.obj
 .text.I2C_WaitOnRXNEFlagUntilTimeout
                0x08003334       0x6a CMakeFiles/gp_mcu2.elf.dir/Drivers/STM32F1xx_HAL_Driver/Src/stm32f1xx_hal_i2c.c.obj
 *fill*         0x0800339e        0x2 
 .text.HAL_I2C_Init
                0x080033a0      0x1bc CMakeFiles/gp_mcu2.elf.dir/Drivers/STM32F1xx_HAL_Driver/Src/stm32f1xx_hal_i2c.c.obj
                0x080033a0                HAL_I2C_Init
 .text.HAL_I2C_Master_Transmit
                0x0800355c      0x178 CMakeFiles/gp_mcu2.elf.dir/Drivers/STM32F1xx_HAL_Driver/Src/stm32f1xx_hal_i2c.c.obj
                0x0800355c                HAL_I2C_Master_Transmit
 .text.HAL_I2C_Master_Receive
                0x080036d4      0x344 CMakeFiles/gp_mcu2.elf.dir/Drivers/STM32F1xx_HAL_Driver/Src/stm32f1xx_hal_i2c.c.obj
                0x080036d4                HAL_I2C_Master_Receive
 .text.RCC_Delay
                0x08003a18       0x2c CMakeFiles/gp_mcu2.elf.dir/Drivers/STM32F1xx_HAL_Driver/Src/stm32f1xx_hal_rcc.c.obj
 .text.HAL_RCC_OscConfig
                0x08003a44      0x410 CMakeFiles/gp_mcu2.elf.dir/Drivers/STM32F1xx_HAL_Driver/Src/stm32f1xx_hal_rcc.c.obj
                0x08003a44                HAL_RCC_OscConfig
 .text.HAL_RCC_GetSysClockFreq
                0x08003e54       0x70 CMakeFiles/gp_mcu2.elf.dir/Drivers/STM32F1xx_HAL_Driver/Src/stm32f1xx_hal_rcc.c.obj
                0x08003e54                HAL_RCC_GetSysClockFreq
 .text.HAL_RCC_ClockConfig
                0x08003ec4      0x16c CMakeFiles/gp_mcu2.elf.dir/Drivers/STM32F1xx_HAL_Driver/Src/stm32f1xx_hal_rcc.c.obj
                0x08003ec4                HAL_RCC_ClockConfig
 .text.HAL_RCC_GetHCLKFreq
                0x08004030        0xc CMakeFiles/gp_mcu2.elf.dir/Drivers/STM32F1xx_HAL_Driver/Src/stm32f1xx_hal_rcc.c.obj
                0x08004030                HAL_RCC_GetHCLKFreq
 .text.HAL_RCC_GetPCLK1Freq
                0x0800403c       0x20 CMakeFiles/gp_mcu2.elf.dir/Drivers/STM32F1xx_HAL_Driver/Src/stm32f1xx_hal_rcc.c.obj
                0x0800403c                HAL_RCC_GetPCLK1Freq
 .text.HAL_RCC_GetPCLK2Freq
                0x0800405c       0x20 CMakeFiles/gp_mcu2.elf.dir/Drivers/STM32F1xx_HAL_Driver/Src/stm32f1xx_hal_rcc.c.obj
                0x0800405c                HAL_RCC_GetPCLK2Freq
 .text.HAL_RCCEx_PeriphCLKConfig
                0x0800407c      0x118 CMakeFiles/gp_mcu2.elf.dir/Drivers/STM32F1xx_HAL_Driver/Src/stm32f1xx_hal_rcc_ex.c.obj
                0x0800407c                HAL_RCCEx_PeriphCLKConfig
 .text.HAL_RCCEx_GetPeriphCLKFreq
                0x08004194      0x100 CMakeFiles/gp_mcu2.elf.dir/Drivers/STM32F1xx_HAL_Driver/Src/stm32f1xx_hal_rcc_ex.c.obj
                0x08004194                HAL_RCCEx_GetPeriphCLKFreq
 .text.TIM_OC1_SetConfig
                0x08004294       0x5c CMakeFiles/gp_mcu2.elf.dir/Drivers/STM32F1xx_HAL_Driver/Src/stm32f1xx_hal_tim.c.obj
 .text.TIM_OC3_SetConfig
                0x080042f0       0x64 CMakeFiles/gp_mcu2.elf.dir/Drivers/STM32F1xx_HAL_Driver/Src/stm32f1xx_hal_tim.c.obj
 .text.TIM_OC4_SetConfig
                0x08004354       0x48 CMakeFiles/gp_mcu2.elf.dir/Drivers/STM32F1xx_HAL_Driver/Src/stm32f1xx_hal_tim.c.obj
 .text.TIM_TI1_ConfigInputStage
                0x0800439c       0x24 CMakeFiles/gp_mcu2.elf.dir/Drivers/STM32F1xx_HAL_Driver/Src/stm32f1xx_hal_tim.c.obj
 .text.TIM_TI2_ConfigInputStage
                0x080043c0       0x26 CMakeFiles/gp_mcu2.elf.dir/Drivers/STM32F1xx_HAL_Driver/Src/stm32f1xx_hal_tim.c.obj
 .text.TIM_ITRx_SetConfig
                0x080043e6       0x10 CMakeFiles/gp_mcu2.elf.dir/Drivers/STM32F1xx_HAL_Driver/Src/stm32f1xx_hal_tim.c.obj
 *fill*         0x080043f6        0x2 
 .text.HAL_TIM_Base_Start
                0x080043f8       0x5c CMakeFiles/gp_mcu2.elf.dir/Drivers/STM32F1xx_HAL_Driver/Src/stm32f1xx_hal_tim.c.obj
                0x080043f8                HAL_TIM_Base_Start
 .text.HAL_TIM_Base_Stop
                0x08004454       0x28 CMakeFiles/gp_mcu2.elf.dir/Drivers/STM32F1xx_HAL_Driver/Src/stm32f1xx_hal_tim.c.obj
                0x08004454                HAL_TIM_Base_Stop
 .text.HAL_TIM_Base_Start_IT
                0x0800447c       0x68 CMakeFiles/gp_mcu2.elf.dir/Drivers/STM32F1xx_HAL_Driver/Src/stm32f1xx_hal_tim.c.obj
                0x0800447c                HAL_TIM_Base_Start_IT
 .text.HAL_TIM_OC_DelayElapsedCallback
                0x080044e4        0x2 CMakeFiles/gp_mcu2.elf.dir/Drivers/STM32F1xx_HAL_Driver/Src/stm32f1xx_hal_tim.c.obj
                0x080044e4                HAL_TIM_OC_DelayElapsedCallback
 .text.HAL_TIM_IC_CaptureCallback
                0x080044e6        0x2 CMakeFiles/gp_mcu2.elf.dir/Drivers/STM32F1xx_HAL_Driver/Src/stm32f1xx_hal_tim.c.obj
                0x080044e6                HAL_TIM_IC_CaptureCallback
 .text.HAL_TIM_PWM_PulseFinishedCallback
                0x080044e8        0x2 CMakeFiles/gp_mcu2.elf.dir/Drivers/STM32F1xx_HAL_Driver/Src/stm32f1xx_hal_tim.c.obj
                0x080044e8                HAL_TIM_PWM_PulseFinishedCallback
 .text.HAL_TIM_TriggerCallback
                0x080044ea        0x2 CMakeFiles/gp_mcu2.elf.dir/Drivers/STM32F1xx_HAL_Driver/Src/stm32f1xx_hal_tim.c.obj
                0x080044ea                HAL_TIM_TriggerCallback
 .text.HAL_TIM_IRQHandler
                0x080044ec      0x17a CMakeFiles/gp_mcu2.elf.dir/Drivers/STM32F1xx_HAL_Driver/Src/stm32f1xx_hal_tim.c.obj
                0x080044ec                HAL_TIM_IRQHandler
 *fill*         0x08004666        0x2 
 .text.TIM_Base_SetConfig
                0x08004668       0x74 CMakeFiles/gp_mcu2.elf.dir/Drivers/STM32F1xx_HAL_Driver/Src/stm32f1xx_hal_tim.c.obj
                0x08004668                TIM_Base_SetConfig
 .text.HAL_TIM_Base_Init
                0x080046dc       0x58 CMakeFiles/gp_mcu2.elf.dir/Drivers/STM32F1xx_HAL_Driver/Src/stm32f1xx_hal_tim.c.obj
                0x080046dc                HAL_TIM_Base_Init
 .text.HAL_TIM_PWM_Init
                0x08004734       0x58 CMakeFiles/gp_mcu2.elf.dir/Drivers/STM32F1xx_HAL_Driver/Src/stm32f1xx_hal_tim.c.obj
                0x08004734                HAL_TIM_PWM_Init
 .text.HAL_TIM_OnePulse_Init
                0x0800478c       0x5c CMakeFiles/gp_mcu2.elf.dir/Drivers/STM32F1xx_HAL_Driver/Src/stm32f1xx_hal_tim.c.obj
                0x0800478c                HAL_TIM_OnePulse_Init
 .text.TIM_OC2_SetConfig
                0x080047e8       0x64 CMakeFiles/gp_mcu2.elf.dir/Drivers/STM32F1xx_HAL_Driver/Src/stm32f1xx_hal_tim.c.obj
                0x080047e8                TIM_OC2_SetConfig
 .text.HAL_TIM_PWM_ConfigChannel
                0x0800484c       0xd0 CMakeFiles/gp_mcu2.elf.dir/Drivers/STM32F1xx_HAL_Driver/Src/stm32f1xx_hal_tim.c.obj
                0x0800484c                HAL_TIM_PWM_ConfigChannel
 .text.TIM_ETR_SetConfig
                0x0800491c       0x18 CMakeFiles/gp_mcu2.elf.dir/Drivers/STM32F1xx_HAL_Driver/Src/stm32f1xx_hal_tim.c.obj
                0x0800491c                TIM_ETR_SetConfig
 .text.HAL_TIM_ConfigClockSource
                0x08004934       0xda CMakeFiles/gp_mcu2.elf.dir/Drivers/STM32F1xx_HAL_Driver/Src/stm32f1xx_hal_tim.c.obj
                0x08004934                HAL_TIM_ConfigClockSource
 .text.TIM_CCxChannelCmd
                0x08004a0e       0x1e CMakeFiles/gp_mcu2.elf.dir/Drivers/STM32F1xx_HAL_Driver/Src/stm32f1xx_hal_tim.c.obj
                0x08004a0e                TIM_CCxChannelCmd
 .text.HAL_TIM_PWM_Start
                0x08004a2c       0xdc CMakeFiles/gp_mcu2.elf.dir/Drivers/STM32F1xx_HAL_Driver/Src/stm32f1xx_hal_tim.c.obj
                0x08004a2c                HAL_TIM_PWM_Start
 .text.HAL_TIMEx_MasterConfigSynchronization
                0x08004b08       0x6c CMakeFiles/gp_mcu2.elf.dir/Drivers/STM32F1xx_HAL_Driver/Src/stm32f1xx_hal_tim_ex.c.obj
                0x08004b08                HAL_TIMEx_MasterConfigSynchronization
 .text.HAL_TIMEx_CommutCallback
                0x08004b74        0x2 CMakeFiles/gp_mcu2.elf.dir/Drivers/STM32F1xx_HAL_Driver/Src/stm32f1xx_hal_tim_ex.c.obj
                0x08004b74                HAL_TIMEx_CommutCallback
 .text.HAL_TIMEx_BreakCallback
                0x08004b76        0x2 CMakeFiles/gp_mcu2.elf.dir/Drivers/STM32F1xx_HAL_Driver/Src/stm32f1xx_hal_tim_ex.c.obj
                0x08004b76                HAL_TIMEx_BreakCallback
 .text.UART_EndRxTransfer
                0x08004b78       0x32 CMakeFiles/gp_mcu2.elf.dir/Drivers/STM32F1xx_HAL_Driver/Src/stm32f1xx_hal_uart.c.obj
 .text.UART_Transmit_IT
                0x08004baa       0x60 CMakeFiles/gp_mcu2.elf.dir/Drivers/STM32F1xx_HAL_Driver/Src/stm32f1xx_hal_uart.c.obj
 *fill*         0x08004c0a        0x2 
 .text.UART_SetConfig
                0x08004c0c       0x94 CMakeFiles/gp_mcu2.elf.dir/Drivers/STM32F1xx_HAL_Driver/Src/stm32f1xx_hal_uart.c.obj
 .text.UART_WaitOnFlagUntilTimeout
                0x08004ca0       0x6c CMakeFiles/gp_mcu2.elf.dir/Drivers/STM32F1xx_HAL_Driver/Src/stm32f1xx_hal_uart.c.obj
 .text.HAL_UART_Init
                0x08004d0c       0x5e CMakeFiles/gp_mcu2.elf.dir/Drivers/STM32F1xx_HAL_Driver/Src/stm32f1xx_hal_uart.c.obj
                0x08004d0c                HAL_UART_Init
 .text.HAL_UART_Transmit
                0x08004d6a       0xd8 CMakeFiles/gp_mcu2.elf.dir/Drivers/STM32F1xx_HAL_Driver/Src/stm32f1xx_hal_uart.c.obj
                0x08004d6a                HAL_UART_Transmit
 .text.HAL_UART_TxCpltCallback
                0x08004e42        0x2 CMakeFiles/gp_mcu2.elf.dir/Drivers/STM32F1xx_HAL_Driver/Src/stm32f1xx_hal_uart.c.obj
                0x08004e42                HAL_UART_TxCpltCallback
 .text.UART_EndTransmit_IT
                0x08004e44       0x1a CMakeFiles/gp_mcu2.elf.dir/Drivers/STM32F1xx_HAL_Driver/Src/stm32f1xx_hal_uart.c.obj
 .text.HAL_UART_RxCpltCallback
                0x08004e5e        0x2 CMakeFiles/gp_mcu2.elf.dir/Drivers/STM32F1xx_HAL_Driver/Src/stm32f1xx_hal_uart.c.obj
                0x08004e5e                HAL_UART_RxCpltCallback
 .text.HAL_UART_ErrorCallback
                0x08004e60        0x2 CMakeFiles/gp_mcu2.elf.dir/Drivers/STM32F1xx_HAL_Driver/Src/stm32f1xx_hal_uart.c.obj
                0x08004e60                HAL_UART_ErrorCallback
 .text.UART_DMAAbortOnError
                0x08004e62       0x10 CMakeFiles/gp_mcu2.elf.dir/Drivers/STM32F1xx_HAL_Driver/Src/stm32f1xx_hal_uart.c.obj
 .text.HAL_UARTEx_RxEventCallback
                0x08004e72        0x2 CMakeFiles/gp_mcu2.elf.dir/Drivers/STM32F1xx_HAL_Driver/Src/stm32f1xx_hal_uart.c.obj
                0x08004e72                HAL_UARTEx_RxEventCallback
 .text.UART_Receive_IT
                0x08004e74       0xd4 CMakeFiles/gp_mcu2.elf.dir/Drivers/STM32F1xx_HAL_Driver/Src/stm32f1xx_hal_uart.c.obj
 .text.HAL_UART_IRQHandler
                0x08004f48      0x204 CMakeFiles/gp_mcu2.elf.dir/Drivers/STM32F1xx_HAL_Driver/Src/stm32f1xx_hal_uart.c.obj
                0x08004f48                HAL_UART_IRQHandler
 .text.Reset_Handler
                0x0800514c       0x48 CMakeFiles/gp_mcu2.elf.dir/startup/startup_stm32f103xb.s.obj
                0x0800514c                Reset_Handler
 .text.Default_Handler
                0x08005194        0x2 CMakeFiles/gp_mcu2.elf.dir/startup/startup_stm32f103xb.s.obj
                0x08005194                RTC_Alarm_IRQHandler
                0x08005194                EXTI2_IRQHandler
                0x08005194                TIM1_CC_IRQHandler
                0x08005194                PVD_IRQHandler
                0x08005194                EXTI3_IRQHandler
                0x08005194                EXTI0_IRQHandler
                0x08005194                I2C2_EV_IRQHandler
                0x08005194                ADC1_2_IRQHandler
                0x08005194                SPI1_IRQHandler
                0x08005194                TAMPER_IRQHandler
                0x08005194                DMA1_Channel4_IRQHandler
                0x08005194                USART3_IRQHandler
                0x08005194                RTC_IRQHandler
                0x08005194                DMA1_Channel7_IRQHandler
                0x08005194                CAN1_RX1_IRQHandler
                0x08005194                I2C1_EV_IRQHandler
                0x08005194                TIM3_IRQHandler
                0x08005194                RCC_IRQHandler
                0x08005194                TIM1_TRG_COM_IRQHandler
                0x08005194                DMA1_Channel1_IRQHandler
                0x08005194                Default_Handler
                0x08005194                EXTI15_10_IRQHandler
                0x08005194                EXTI9_5_IRQHandler
                0x08005194                SPI2_IRQHandler
                0x08005194                DMA1_Channel5_IRQHandler
                0x08005194                EXTI4_IRQHandler
                0x08005194                USB_LP_CAN1_RX0_IRQHandler
                0x08005194                USB_HP_CAN1_TX_IRQHandler
                0x08005194                DMA1_Channel3_IRQHandler
                0x08005194                TIM1_UP_IRQHandler
                0x08005194                WWDG_IRQHandler
                0x08005194                TIM2_IRQHandler
                0x08005194                TIM1_BRK_IRQHandler
                0x08005194                EXTI1_IRQHandler
                0x08005194                I2C2_ER_IRQHandler
                0x08005194                DMA1_Channel2_IRQHandler
                0x08005194                CAN1_SCE_IRQHandler
                0x08005194                FLASH_IRQHandler
                0x08005194                USART1_IRQHandler
                0x08005194                I2C1_ER_IRQHandler
                0x08005194                USBWakeUp_IRQHandler
 *fill*         0x08005196        0x2 
 .text.__errno  0x08005198        0xc e:/developmentenvironment/gcc-arm-none-eabi/bin/../lib/gcc/arm-none-eabi/10.3.1/../../../../arm-none-eabi/lib/thumb/v7-m/nofp\libg.a(lib_a-errno.o)
                0x08005198                __errno
 .text.__libc_init_array
                0x080051a4       0x48 e:/developmentenvironment/gcc-arm-none-eabi/bin/../lib/gcc/arm-none-eabi/10.3.1/../../../../arm-none-eabi/lib/thumb/v7-m/nofp\libg.a(lib_a-init.o)
                0x080051a4                __libc_init_array
 .text.memset   0x080051ec       0xa4 e:/developmentenvironment/gcc-arm-none-eabi/bin/../lib/gcc/arm-none-eabi/10.3.1/../../../../arm-none-eabi/lib/thumb/v7-m/nofp\libg.a(lib_a-memset.o)
                0x080051ec                memset
 .text.printf   0x08005290       0x28 e:/developmentenvironment/gcc-arm-none-eabi/bin/../lib/gcc/arm-none-eabi/10.3.1/../../../../arm-none-eabi/lib/thumb/v7-m/nofp\libg.a(lib_a-printf.o)
                0x08005290                printf
 .text._puts_r  0x080052b8       0x9c e:/developmentenvironment/gcc-arm-none-eabi/bin/../lib/gcc/arm-none-eabi/10.3.1/../../../../arm-none-eabi/lib/thumb/v7-m/nofp\libg.a(lib_a-puts.o)
                0x080052b8                _puts_r
 .text.puts     0x08005354       0x10 e:/developmentenvironment/gcc-arm-none-eabi/bin/../lib/gcc/arm-none-eabi/10.3.1/../../../../arm-none-eabi/lib/thumb/v7-m/nofp\libg.a(lib_a-puts.o)
                0x08005354                puts
 .text.strlen   0x08005364       0x5c e:/developmentenvironment/gcc-arm-none-eabi/bin/../lib/gcc/arm-none-eabi/10.3.1/../../../../arm-none-eabi/lib/thumb/v7-m/nofp\libg.a(lib_a-strlen-stub.o)
                0x08005364                strlen
 .text._vfprintf_r
                0x080053c0     0x1b58 e:/developmentenvironment/gcc-arm-none-eabi/bin/../lib/gcc/arm-none-eabi/10.3.1/../../../../arm-none-eabi/lib/thumb/v7-m/nofp\libg.a(lib_a-vfprintf.o)
                0x080053c0                _vfprintf_r
 .text.__sbprintf
                0x08006f18       0x84 e:/developmentenvironment/gcc-arm-none-eabi/bin/../lib/gcc/arm-none-eabi/10.3.1/../../../../arm-none-eabi/lib/thumb/v7-m/nofp\libg.a(lib_a-vfprintf.o)
 .text.__swsetup_r
                0x08006f9c       0xd4 e:/developmentenvironment/gcc-arm-none-eabi/bin/../lib/gcc/arm-none-eabi/10.3.1/../../../../arm-none-eabi/lib/thumb/v7-m/nofp\libg.a(lib_a-wsetup.o)
                0x08006f9c                __swsetup_r
 .text.startup.register_fini
                0x08007070       0x14 e:/developmentenvironment/gcc-arm-none-eabi/bin/../lib/gcc/arm-none-eabi/10.3.1/../../../../arm-none-eabi/lib/thumb/v7-m/nofp\libg.a(lib_a-__call_atexit.o)
 .text.atexit   0x08007084        0xc e:/developmentenvironment/gcc-arm-none-eabi/bin/../lib/gcc/arm-none-eabi/10.3.1/../../../../arm-none-eabi/lib/thumb/v7-m/nofp\libg.a(lib_a-atexit.o)
                0x08007084                atexit
 .text.quorem   0x08007090      0x12c e:/developmentenvironment/gcc-arm-none-eabi/bin/../lib/gcc/arm-none-eabi/10.3.1/../../../../arm-none-eabi/lib/thumb/v7-m/nofp\libg.a(lib_a-dtoa.o)
 *fill*         0x080071bc        0x4 
 .text._dtoa_r  0x080071c0      0xecc e:/developmentenvironment/gcc-arm-none-eabi/bin/../lib/gcc/arm-none-eabi/10.3.1/../../../../arm-none-eabi/lib/thumb/v7-m/nofp\libg.a(lib_a-dtoa.o)
                0x080071c0                _dtoa_r
 .text.__sflush_r
                0x0800808c      0x124 e:/developmentenvironment/gcc-arm-none-eabi/bin/../lib/gcc/arm-none-eabi/10.3.1/../../../../arm-none-eabi/lib/thumb/v7-m/nofp\libg.a(lib_a-fflush.o)
                0x0800808c                __sflush_r
 .text._fflush_r
                0x080081b0       0x5c e:/developmentenvironment/gcc-arm-none-eabi/bin/../lib/gcc/arm-none-eabi/10.3.1/../../../../arm-none-eabi/lib/thumb/v7-m/nofp\libg.a(lib_a-fflush.o)
                0x080081b0                _fflush_r
 .text._cleanup_r
                0x0800820c        0xc e:/developmentenvironment/gcc-arm-none-eabi/bin/../lib/gcc/arm-none-eabi/10.3.1/../../../../arm-none-eabi/lib/thumb/v7-m/nofp\libg.a(lib_a-findfp.o)
                0x0800820c                _cleanup_r
 .text.__sinit  0x08008218      0x10c e:/developmentenvironment/gcc-arm-none-eabi/bin/../lib/gcc/arm-none-eabi/10.3.1/../../../../arm-none-eabi/lib/thumb/v7-m/nofp\libg.a(lib_a-findfp.o)
                0x08008218                __sinit
 .text.__sfp_lock_acquire
                0x08008324        0xc e:/developmentenvironment/gcc-arm-none-eabi/bin/../lib/gcc/arm-none-eabi/10.3.1/../../../../arm-none-eabi/lib/thumb/v7-m/nofp\libg.a(lib_a-findfp.o)
                0x08008324                __sfp_lock_acquire
 .text.__sfp_lock_release
                0x08008330        0xc e:/developmentenvironment/gcc-arm-none-eabi/bin/../lib/gcc/arm-none-eabi/10.3.1/../../../../arm-none-eabi/lib/thumb/v7-m/nofp\libg.a(lib_a-findfp.o)
                0x08008330                __sfp_lock_release
 .text.__libc_fini_array
                0x0800833c       0x2c e:/developmentenvironment/gcc-arm-none-eabi/bin/../lib/gcc/arm-none-eabi/10.3.1/../../../../arm-none-eabi/lib/thumb/v7-m/nofp\libg.a(lib_a-fini.o)
                0x0800833c                __libc_fini_array
 .text._malloc_trim_r
                0x08008368       0xa0 e:/developmentenvironment/gcc-arm-none-eabi/bin/../lib/gcc/arm-none-eabi/10.3.1/../../../../arm-none-eabi/lib/thumb/v7-m/nofp\libg.a(lib_a-freer.o)
                0x08008368                _malloc_trim_r
 .text._free_r  0x08008408      0x200 e:/developmentenvironment/gcc-arm-none-eabi/bin/../lib/gcc/arm-none-eabi/10.3.1/../../../../arm-none-eabi/lib/thumb/v7-m/nofp\libg.a(lib_a-freer.o)
                0x08008408                _free_r
 .text.__sfvwrite_r
                0x08008608      0x2f0 e:/developmentenvironment/gcc-arm-none-eabi/bin/../lib/gcc/arm-none-eabi/10.3.1/../../../../arm-none-eabi/lib/thumb/v7-m/nofp\libg.a(lib_a-fvwrite.o)
                0x08008608                __sfvwrite_r
 .text._fwalk_reent
                0x080088f8       0x48 e:/developmentenvironment/gcc-arm-none-eabi/bin/../lib/gcc/arm-none-eabi/10.3.1/../../../../arm-none-eabi/lib/thumb/v7-m/nofp\libg.a(lib_a-fwalk.o)
                0x080088f8                _fwalk_reent
 .text._localeconv_r
                0x08008940        0x8 e:/developmentenvironment/gcc-arm-none-eabi/bin/../lib/gcc/arm-none-eabi/10.3.1/../../../../arm-none-eabi/lib/thumb/v7-m/nofp\libg.a(lib_a-localeconv.o)
                0x08008940                _localeconv_r
 .text.__retarget_lock_init_recursive
                0x08008948        0x4 e:/developmentenvironment/gcc-arm-none-eabi/bin/../lib/gcc/arm-none-eabi/10.3.1/../../../../arm-none-eabi/lib/thumb/v7-m/nofp\libg.a(lib_a-lock.o)
                0x08008948                __retarget_lock_init_recursive
 .text.__retarget_lock_close_recursive
                0x0800894c        0x4 e:/developmentenvironment/gcc-arm-none-eabi/bin/../lib/gcc/arm-none-eabi/10.3.1/../../../../arm-none-eabi/lib/thumb/v7-m/nofp\libg.a(lib_a-lock.o)
                0x0800894c                __retarget_lock_close_recursive
 .text.__retarget_lock_acquire_recursive
                0x08008950        0x4 e:/developmentenvironment/gcc-arm-none-eabi/bin/../lib/gcc/arm-none-eabi/10.3.1/../../../../arm-none-eabi/lib/thumb/v7-m/nofp\libg.a(lib_a-lock.o)
                0x08008950                __retarget_lock_acquire_recursive
 .text.__retarget_lock_release_recursive
                0x08008954        0x4 e:/developmentenvironment/gcc-arm-none-eabi/bin/../lib/gcc/arm-none-eabi/10.3.1/../../../../arm-none-eabi/lib/thumb/v7-m/nofp\libg.a(lib_a-lock.o)
                0x08008954                __retarget_lock_release_recursive
 .text.__smakebuf_r
                0x08008958       0xe0 e:/developmentenvironment/gcc-arm-none-eabi/bin/../lib/gcc/arm-none-eabi/10.3.1/../../../../arm-none-eabi/lib/thumb/v7-m/nofp\libg.a(lib_a-makebuf.o)
                0x08008958                __smakebuf_r
 .text._malloc_r
                0x08008a38      0x558 e:/developmentenvironment/gcc-arm-none-eabi/bin/../lib/gcc/arm-none-eabi/10.3.1/../../../../arm-none-eabi/lib/thumb/v7-m/nofp\libg.a(lib_a-mallocr.o)
                0x08008a38                _malloc_r
 .text.memchr   0x08008f90       0x90 e:/developmentenvironment/gcc-arm-none-eabi/bin/../lib/gcc/arm-none-eabi/10.3.1/../../../../arm-none-eabi/lib/thumb/v7-m/nofp\libg.a(lib_a-memchr-stub.o)
                0x08008f90                memchr
 .text.memmove  0x08009020       0xf8 e:/developmentenvironment/gcc-arm-none-eabi/bin/../lib/gcc/arm-none-eabi/10.3.1/../../../../arm-none-eabi/lib/thumb/v7-m/nofp\libg.a(lib_a-memmove.o)
                0x08009020                memmove
 .text.__malloc_lock
                0x08009118        0xc e:/developmentenvironment/gcc-arm-none-eabi/bin/../lib/gcc/arm-none-eabi/10.3.1/../../../../arm-none-eabi/lib/thumb/v7-m/nofp\libg.a(lib_a-mlock.o)
                0x08009118                __malloc_lock
 .text.__malloc_unlock
                0x08009124        0xc e:/developmentenvironment/gcc-arm-none-eabi/bin/../lib/gcc/arm-none-eabi/10.3.1/../../../../arm-none-eabi/lib/thumb/v7-m/nofp\libg.a(lib_a-mlock.o)
                0x08009124                __malloc_unlock
 .text._Balloc  0x08009130       0x4c e:/developmentenvironment/gcc-arm-none-eabi/bin/../lib/gcc/arm-none-eabi/10.3.1/../../../../arm-none-eabi/lib/thumb/v7-m/nofp\libg.a(lib_a-mprec.o)
                0x08009130                _Balloc
 .text._Bfree   0x0800917c       0x14 e:/developmentenvironment/gcc-arm-none-eabi/bin/../lib/gcc/arm-none-eabi/10.3.1/../../../../arm-none-eabi/lib/thumb/v7-m/nofp\libg.a(lib_a-mprec.o)
                0x0800917c                _Bfree
 .text.__multadd
                0x08009190       0xa4 e:/developmentenvironment/gcc-arm-none-eabi/bin/../lib/gcc/arm-none-eabi/10.3.1/../../../../arm-none-eabi/lib/thumb/v7-m/nofp\libg.a(lib_a-mprec.o)
                0x08009190                __multadd
 .text.__hi0bits
                0x08009234       0x40 e:/developmentenvironment/gcc-arm-none-eabi/bin/../lib/gcc/arm-none-eabi/10.3.1/../../../../arm-none-eabi/lib/thumb/v7-m/nofp\libg.a(lib_a-mprec.o)
                0x08009234                __hi0bits
 .text.__lo0bits
                0x08009274       0x58 e:/developmentenvironment/gcc-arm-none-eabi/bin/../lib/gcc/arm-none-eabi/10.3.1/../../../../arm-none-eabi/lib/thumb/v7-m/nofp\libg.a(lib_a-mprec.o)
                0x08009274                __lo0bits
 .text.__i2b    0x080092cc       0x5c e:/developmentenvironment/gcc-arm-none-eabi/bin/../lib/gcc/arm-none-eabi/10.3.1/../../../../arm-none-eabi/lib/thumb/v7-m/nofp\libg.a(lib_a-mprec.o)
                0x080092cc                __i2b
 .text.__multiply
                0x08009328      0x15c e:/developmentenvironment/gcc-arm-none-eabi/bin/../lib/gcc/arm-none-eabi/10.3.1/../../../../arm-none-eabi/lib/thumb/v7-m/nofp\libg.a(lib_a-mprec.o)
                0x08009328                __multiply
 .text.__pow5mult
                0x08009484       0xb8 e:/developmentenvironment/gcc-arm-none-eabi/bin/../lib/gcc/arm-none-eabi/10.3.1/../../../../arm-none-eabi/lib/thumb/v7-m/nofp\libg.a(lib_a-mprec.o)
                0x08009484                __pow5mult
 .text.__lshift
                0x0800953c       0xec e:/developmentenvironment/gcc-arm-none-eabi/bin/../lib/gcc/arm-none-eabi/10.3.1/../../../../arm-none-eabi/lib/thumb/v7-m/nofp\libg.a(lib_a-mprec.o)
                0x0800953c                __lshift
 .text.__mcmp   0x08009628       0x40 e:/developmentenvironment/gcc-arm-none-eabi/bin/../lib/gcc/arm-none-eabi/10.3.1/../../../../arm-none-eabi/lib/thumb/v7-m/nofp\libg.a(lib_a-mprec.o)
                0x08009628                __mcmp
 .text.__mdiff  0x08009668      0x14c e:/developmentenvironment/gcc-arm-none-eabi/bin/../lib/gcc/arm-none-eabi/10.3.1/../../../../arm-none-eabi/lib/thumb/v7-m/nofp\libg.a(lib_a-mprec.o)
                0x08009668                __mdiff
 .text.__d2b    0x080097b4       0xc4 e:/developmentenvironment/gcc-arm-none-eabi/bin/../lib/gcc/arm-none-eabi/10.3.1/../../../../arm-none-eabi/lib/thumb/v7-m/nofp\libg.a(lib_a-mprec.o)
                0x080097b4                __d2b
 .text._realloc_r
                0x08009878      0x3dc e:/developmentenvironment/gcc-arm-none-eabi/bin/../lib/gcc/arm-none-eabi/10.3.1/../../../../arm-none-eabi/lib/thumb/v7-m/nofp\libg.a(lib_a-reallocr.o)
                0x08009878                _realloc_r
 .text.frexp    0x08009c54       0x70 e:/developmentenvironment/gcc-arm-none-eabi/bin/../lib/gcc/arm-none-eabi/10.3.1/../../../../arm-none-eabi/lib/thumb/v7-m/nofp\libg.a(lib_a-s_frexp.o)
                0x08009c54                frexp
 .text._sbrk_r  0x08009cc4       0x24 e:/developmentenvironment/gcc-arm-none-eabi/bin/../lib/gcc/arm-none-eabi/10.3.1/../../../../arm-none-eabi/lib/thumb/v7-m/nofp\libg.a(lib_a-sbrkr.o)
                0x08009cc4                _sbrk_r
 .text.__sread  0x08009ce8       0x24 e:/developmentenvironment/gcc-arm-none-eabi/bin/../lib/gcc/arm-none-eabi/10.3.1/../../../../arm-none-eabi/lib/thumb/v7-m/nofp\libg.a(lib_a-stdio.o)
                0x08009ce8                __sread
 .text.__swrite
                0x08009d0c       0x40 e:/developmentenvironment/gcc-arm-none-eabi/bin/../lib/gcc/arm-none-eabi/10.3.1/../../../../arm-none-eabi/lib/thumb/v7-m/nofp\libg.a(lib_a-stdio.o)
                0x08009d0c                __swrite
 .text.__sseek  0x08009d4c       0x20 e:/developmentenvironment/gcc-arm-none-eabi/bin/../lib/gcc/arm-none-eabi/10.3.1/../../../../arm-none-eabi/lib/thumb/v7-m/nofp\libg.a(lib_a-stdio.o)
                0x08009d4c                __sseek
 .text.__sclose
                0x08009d6c        0x8 e:/developmentenvironment/gcc-arm-none-eabi/bin/../lib/gcc/arm-none-eabi/10.3.1/../../../../arm-none-eabi/lib/thumb/v7-m/nofp\libg.a(lib_a-stdio.o)
                0x08009d6c                __sclose
 .text.strncpy  0x08009d74       0x68 e:/developmentenvironment/gcc-arm-none-eabi/bin/../lib/gcc/arm-none-eabi/10.3.1/../../../../arm-none-eabi/lib/thumb/v7-m/nofp\libg.a(lib_a-strncpy.o)
                0x08009d74                strncpy
 .text.__sprint_r.part.0
                0x08009ddc       0x78 e:/developmentenvironment/gcc-arm-none-eabi/bin/../lib/gcc/arm-none-eabi/10.3.1/../../../../arm-none-eabi/lib/thumb/v7-m/nofp\libg.a(lib_a-vfiprintf.o)
 .text.__sprint_r
                0x08009e54       0x14 e:/developmentenvironment/gcc-arm-none-eabi/bin/../lib/gcc/arm-none-eabi/10.3.1/../../../../arm-none-eabi/lib/thumb/v7-m/nofp\libg.a(lib_a-vfiprintf.o)
                0x08009e54                __sprint_r
 .text._vfiprintf_r
                0x08009e68      0xd98 e:/developmentenvironment/gcc-arm-none-eabi/bin/../lib/gcc/arm-none-eabi/10.3.1/../../../../arm-none-eabi/lib/thumb/v7-m/nofp\libg.a(lib_a-vfiprintf.o)
                0x08009e68                _vfiprintf_r
 .text.__sbprintf
                0x0800ac00       0x84 e:/developmentenvironment/gcc-arm-none-eabi/bin/../lib/gcc/arm-none-eabi/10.3.1/../../../../arm-none-eabi/lib/thumb/v7-m/nofp\libg.a(lib_a-vfiprintf.o)
 .text._write_r
                0x0800ac84       0x2c e:/developmentenvironment/gcc-arm-none-eabi/bin/../lib/gcc/arm-none-eabi/10.3.1/../../../../arm-none-eabi/lib/thumb/v7-m/nofp\libg.a(lib_a-writer.o)
                0x0800ac84                _write_r
 .text.__register_exitproc
                0x0800acb0       0x8c e:/developmentenvironment/gcc-arm-none-eabi/bin/../lib/gcc/arm-none-eabi/10.3.1/../../../../arm-none-eabi/lib/thumb/v7-m/nofp\libg.a(lib_a-__atexit.o)
                0x0800acb0                __register_exitproc
 .text.__assert_func
                0x0800ad3c       0x40 e:/developmentenvironment/gcc-arm-none-eabi/bin/../lib/gcc/arm-none-eabi/10.3.1/../../../../arm-none-eabi/lib/thumb/v7-m/nofp\libg.a(lib_a-assert.o)
                0x0800ad3c                __assert_func
 .text._calloc_r
                0x0800ad7c       0x78 e:/developmentenvironment/gcc-arm-none-eabi/bin/../lib/gcc/arm-none-eabi/10.3.1/../../../../arm-none-eabi/lib/thumb/v7-m/nofp\libg.a(lib_a-callocr.o)
                0x0800ad7c                _calloc_r
 .text._close_r
                0x0800adf4       0x24 e:/developmentenvironment/gcc-arm-none-eabi/bin/../lib/gcc/arm-none-eabi/10.3.1/../../../../arm-none-eabi/lib/thumb/v7-m/nofp\libg.a(lib_a-closer.o)
                0x0800adf4                _close_r
 .text._fclose_r
                0x0800ae18       0xcc e:/developmentenvironment/gcc-arm-none-eabi/bin/../lib/gcc/arm-none-eabi/10.3.1/../../../../arm-none-eabi/lib/thumb/v7-m/nofp\libg.a(lib_a-fclose.o)
                0x0800ae18                _fclose_r
 .text.fiprintf
                0x0800aee4       0x28 e:/developmentenvironment/gcc-arm-none-eabi/bin/../lib/gcc/arm-none-eabi/10.3.1/../../../../arm-none-eabi/lib/thumb/v7-m/nofp\libg.a(lib_a-fiprintf.o)
                0x0800aee4                fiprintf
 .text.__fputwc
                0x0800af0c       0xa0 e:/developmentenvironment/gcc-arm-none-eabi/bin/../lib/gcc/arm-none-eabi/10.3.1/../../../../arm-none-eabi/lib/thumb/v7-m/nofp\libg.a(lib_a-fputwc.o)
                0x0800af0c                __fputwc
 .text._fputwc_r
                0x0800afac       0x68 e:/developmentenvironment/gcc-arm-none-eabi/bin/../lib/gcc/arm-none-eabi/10.3.1/../../../../arm-none-eabi/lib/thumb/v7-m/nofp\libg.a(lib_a-fputwc.o)
                0x0800afac                _fputwc_r
 .text._fstat_r
                0x0800b014       0x28 e:/developmentenvironment/gcc-arm-none-eabi/bin/../lib/gcc/arm-none-eabi/10.3.1/../../../../arm-none-eabi/lib/thumb/v7-m/nofp\libg.a(lib_a-fstatr.o)
                0x0800b014                _fstat_r
 .text._isatty_r
                0x0800b03c       0x24 e:/developmentenvironment/gcc-arm-none-eabi/bin/../lib/gcc/arm-none-eabi/10.3.1/../../../../arm-none-eabi/lib/thumb/v7-m/nofp\libg.a(lib_a-isattyr.o)
                0x0800b03c                _isatty_r
 .text.__locale_mb_cur_max
                0x0800b060        0xc e:/developmentenvironment/gcc-arm-none-eabi/bin/../lib/gcc/arm-none-eabi/10.3.1/../../../../arm-none-eabi/lib/thumb/v7-m/nofp\libg.a(lib_a-locale.o)
                0x0800b060                __locale_mb_cur_max
 .text._lseek_r
                0x0800b06c       0x2c e:/developmentenvironment/gcc-arm-none-eabi/bin/../lib/gcc/arm-none-eabi/10.3.1/../../../../arm-none-eabi/lib/thumb/v7-m/nofp\libg.a(lib_a-lseekr.o)
                0x0800b06c                _lseek_r
 .text.__ascii_mbtowc
                0x0800b098       0x2c e:/developmentenvironment/gcc-arm-none-eabi/bin/../lib/gcc/arm-none-eabi/10.3.1/../../../../arm-none-eabi/lib/thumb/v7-m/nofp\libg.a(lib_a-mbtowc_r.o)
                0x0800b098                __ascii_mbtowc
 .text._read_r  0x0800b0c4       0x2c e:/developmentenvironment/gcc-arm-none-eabi/bin/../lib/gcc/arm-none-eabi/10.3.1/../../../../arm-none-eabi/lib/thumb/v7-m/nofp\libg.a(lib_a-readr.o)
                0x0800b0c4                _read_r
 .text.__swbuf_r
                0x0800b0f0       0xb0 e:/developmentenvironment/gcc-arm-none-eabi/bin/../lib/gcc/arm-none-eabi/10.3.1/../../../../arm-none-eabi/lib/thumb/v7-m/nofp\libg.a(lib_a-wbuf.o)
                0x0800b0f0                __swbuf_r
 .text._wcrtomb_r
                0x0800b1a0       0x3c e:/developmentenvironment/gcc-arm-none-eabi/bin/../lib/gcc/arm-none-eabi/10.3.1/../../../../arm-none-eabi/lib/thumb/v7-m/nofp\libg.a(lib_a-wcrtomb.o)
                0x0800b1a0                _wcrtomb_r
 .text.__ascii_wctomb
                0x0800b1dc       0x1c e:/developmentenvironment/gcc-arm-none-eabi/bin/../lib/gcc/arm-none-eabi/10.3.1/../../../../arm-none-eabi/lib/thumb/v7-m/nofp\libg.a(lib_a-wctomb_r.o)
                0x0800b1dc                __ascii_wctomb
 .text.abort    0x0800b1f8       0x10 e:/developmentenvironment/gcc-arm-none-eabi/bin/../lib/gcc/arm-none-eabi/10.3.1/../../../../arm-none-eabi/lib/thumb/v7-m/nofp\libg.a(lib_a-abort.o)
                0x0800b1f8                abort
 .text.raise    0x0800b208       0x5c e:/developmentenvironment/gcc-arm-none-eabi/bin/../lib/gcc/arm-none-eabi/10.3.1/../../../../arm-none-eabi/lib/thumb/v7-m/nofp\libg.a(lib_a-signal.o)
                0x0800b208                raise
 .text._kill_r  0x0800b264       0x28 e:/developmentenvironment/gcc-arm-none-eabi/bin/../lib/gcc/arm-none-eabi/10.3.1/../../../../arm-none-eabi/lib/thumb/v7-m/nofp\libg.a(lib_a-signalr.o)
                0x0800b264                _kill_r
 .text._getpid_r
                0x0800b28c        0x4 e:/developmentenvironment/gcc-arm-none-eabi/bin/../lib/gcc/arm-none-eabi/10.3.1/../../../../arm-none-eabi/lib/thumb/v7-m/nofp\libg.a(lib_a-signalr.o)
                0x0800b28c                _getpid_r
 *(.glue_7)
 .glue_7        0x0800b290        0x0 linker stubs
 *(.glue_7t)
 .glue_7t       0x0800b290        0x0 linker stubs
 *(.eh_frame)
 .eh_frame      0x0800b290        0x0 e:/developmentenvironment/gcc-arm-none-eabi/bin/../lib/gcc/arm-none-eabi/10.3.1/thumb/v7-m/nofp/crtbegin.o
 *(.init)
 .init          0x0800b290        0x4 e:/developmentenvironment/gcc-arm-none-eabi/bin/../lib/gcc/arm-none-eabi/10.3.1/thumb/v7-m/nofp/crti.o
                0x0800b290                _init
 .init          0x0800b294        0x8 e:/developmentenvironment/gcc-arm-none-eabi/bin/../lib/gcc/arm-none-eabi/10.3.1/thumb/v7-m/nofp/crtn.o
 *(.fini)
 .fini          0x0800b29c        0x4 e:/developmentenvironment/gcc-arm-none-eabi/bin/../lib/gcc/arm-none-eabi/10.3.1/thumb/v7-m/nofp/crti.o
                0x0800b29c                _fini
 .fini          0x0800b2a0        0x8 e:/developmentenvironment/gcc-arm-none-eabi/bin/../lib/gcc/arm-none-eabi/10.3.1/thumb/v7-m/nofp/crtn.o
                0x0800b2a8                . = ALIGN (0x4)
                0x0800b2a8                _etext = .

.vfp11_veneer   0x0800b2a8        0x0
 .vfp11_veneer  0x0800b2a8        0x0 linker stubs

.v4_bx          0x0800b2a8        0x0
 .v4_bx         0x0800b2a8        0x0 linker stubs

.iplt           0x0800b2a8        0x0
 .iplt          0x0800b2a8        0x0 e:/developmentenvironment/gcc-arm-none-eabi/bin/../lib/gcc/arm-none-eabi/10.3.1/thumb/v7-m/nofp/crtbegin.o

.rodata         0x0800b2a8      0x528
                0x0800b2a8                . = ALIGN (0x4)
 *(.rodata)
 *(.rodata*)
 .rodata.bh1750_read.str1.4
                0x0800b2a8       0x12 CMakeFiles/gp_mcu2.elf.dir/Core/Src/bh1750.c.obj
 *fill*         0x0800b2ba        0x2 
 .rodata.read_sensor_data_task.str1.4
                0x0800b2bc       0x4a CMakeFiles/gp_mcu2.elf.dir/Core/Src/main.c.obj
 *fill*         0x0800b306        0x2 
 .rodata.control_servo_task.str1.4
                0x0800b308       0x7a CMakeFiles/gp_mcu2.elf.dir/Core/Src/main.c.obj
 *fill*         0x0800b382        0x2 
 .rodata.send_sensor_data_task.str1.4
                0x0800b384       0x21 CMakeFiles/gp_mcu2.elf.dir/Core/Src/main.c.obj
 *fill*         0x0800b3a5        0x3 
 .rodata.AHBPrescTable
                0x0800b3a8       0x10 CMakeFiles/gp_mcu2.elf.dir/Core/Src/system_stm32f1xx.c.obj
                0x0800b3a8                AHBPrescTable
 .rodata.APBPrescTable
                0x0800b3b8        0x8 CMakeFiles/gp_mcu2.elf.dir/Core/Src/system_stm32f1xx.c.obj
                0x0800b3b8                APBPrescTable
 .rodata.HAL_RCC_GetSysClockFreq.str1.4
                0x0800b3c0       0x11 CMakeFiles/gp_mcu2.elf.dir/Drivers/STM32F1xx_HAL_Driver/Src/stm32f1xx_hal_rcc.c.obj
 .rodata.HAL_RCCEx_GetPeriphCLKFreq.str1.4
                0x0800b3d1       0x11 CMakeFiles/gp_mcu2.elf.dir/Drivers/STM32F1xx_HAL_Driver/Src/stm32f1xx_hal_rcc_ex.c.obj
 *fill*         0x0800b3d1        0x3 
 .rodata._global_impure_ptr
                0x0800b3d4        0x4 e:/developmentenvironment/gcc-arm-none-eabi/bin/../lib/gcc/arm-none-eabi/10.3.1/../../../../arm-none-eabi/lib/thumb/v7-m/nofp\libg.a(lib_a-impure.o)
                0x0800b3d4                _global_impure_ptr
 .rodata._puts_r.str1.4
                0x0800b3d8       0x11 e:/developmentenvironment/gcc-arm-none-eabi/bin/../lib/gcc/arm-none-eabi/10.3.1/../../../../arm-none-eabi/lib/thumb/v7-m/nofp\libg.a(lib_a-puts.o)
                                  0x2 (size before relaxing)
 .rodata._vfprintf_r.str1.4
                0x0800b3d8       0x42 e:/developmentenvironment/gcc-arm-none-eabi/bin/../lib/gcc/arm-none-eabi/10.3.1/../../../../arm-none-eabi/lib/thumb/v7-m/nofp\libg.a(lib_a-vfprintf.o)
 *fill*         0x0800b41a        0x2 
 .rodata.blanks.1
                0x0800b41c       0x10 e:/developmentenvironment/gcc-arm-none-eabi/bin/../lib/gcc/arm-none-eabi/10.3.1/../../../../arm-none-eabi/lib/thumb/v7-m/nofp\libg.a(lib_a-vfprintf.o)
 .rodata.zeroes.0
                0x0800b42c       0x10 e:/developmentenvironment/gcc-arm-none-eabi/bin/../lib/gcc/arm-none-eabi/10.3.1/../../../../arm-none-eabi/lib/thumb/v7-m/nofp\libg.a(lib_a-vfprintf.o)
 .rodata._dtoa_r.str1.4
                0x0800b43c       0xa2 e:/developmentenvironment/gcc-arm-none-eabi/bin/../lib/gcc/arm-none-eabi/10.3.1/../../../../arm-none-eabi/lib/thumb/v7-m/nofp\libg.a(lib_a-dtoa.o)
                                 0xa6 (size before relaxing)
 *fill*         0x0800b4de        0x2 
 .rodata.__multadd.str1.4
                0x0800b4e0       0x7f e:/developmentenvironment/gcc-arm-none-eabi/bin/../lib/gcc/arm-none-eabi/10.3.1/../../../../arm-none-eabi/lib/thumb/v7-m/nofp\libg.a(lib_a-mprec.o)
                                 0x93 (size before relaxing)
 *fill*         0x0800b55f        0x1 
 .rodata.__mprec_bigtens
                0x0800b560       0x28 e:/developmentenvironment/gcc-arm-none-eabi/bin/../lib/gcc/arm-none-eabi/10.3.1/../../../../arm-none-eabi/lib/thumb/v7-m/nofp\libg.a(lib_a-mprec.o)
                0x0800b560                __mprec_bigtens
 .rodata.__mprec_tens
                0x0800b588       0xc8 e:/developmentenvironment/gcc-arm-none-eabi/bin/../lib/gcc/arm-none-eabi/10.3.1/../../../../arm-none-eabi/lib/thumb/v7-m/nofp\libg.a(lib_a-mprec.o)
                0x0800b588                __mprec_tens
 .rodata.p05.0  0x0800b650        0xc e:/developmentenvironment/gcc-arm-none-eabi/bin/../lib/gcc/arm-none-eabi/10.3.1/../../../../arm-none-eabi/lib/thumb/v7-m/nofp\libg.a(lib_a-mprec.o)
 .rodata._vfiprintf_r.str1.4
                0x0800b65c       0x2f e:/developmentenvironment/gcc-arm-none-eabi/bin/../lib/gcc/arm-none-eabi/10.3.1/../../../../arm-none-eabi/lib/thumb/v7-m/nofp\libg.a(lib_a-vfiprintf.o)
 .rodata.blanks.1
                0x0800b65c       0x10 e:/developmentenvironment/gcc-arm-none-eabi/bin/../lib/gcc/arm-none-eabi/10.3.1/../../../../arm-none-eabi/lib/thumb/v7-m/nofp\libg.a(lib_a-vfiprintf.o)
 .rodata.zeroes.0
                0x0800b66c       0x10 e:/developmentenvironment/gcc-arm-none-eabi/bin/../lib/gcc/arm-none-eabi/10.3.1/../../../../arm-none-eabi/lib/thumb/v7-m/nofp\libg.a(lib_a-vfiprintf.o)
 .rodata.__assert_func.str1.4
                0x0800b67c       0x3f e:/developmentenvironment/gcc-arm-none-eabi/bin/../lib/gcc/arm-none-eabi/10.3.1/../../../../arm-none-eabi/lib/thumb/v7-m/nofp\libg.a(lib_a-assert.o)
                                 0x43 (size before relaxing)
 *fill*         0x0800b6bb        0x1 
 .rodata._setlocale_r.str1.4
                0x0800b6bc        0xa e:/developmentenvironment/gcc-arm-none-eabi/bin/../lib/gcc/arm-none-eabi/10.3.1/../../../../arm-none-eabi/lib/thumb/v7-m/nofp\libg.a(lib_a-locale.o)
                                  0xd (size before relaxing)
 *fill*         0x0800b6c6        0x2 
 .rodata.str1.4
                0x0800b6c8        0x2 e:/developmentenvironment/gcc-arm-none-eabi/bin/../lib/gcc/arm-none-eabi/10.3.1/../../../../arm-none-eabi/lib/thumb/v7-m/nofp\libg.a(lib_a-locale.o)
 *fill*         0x0800b6ca        0x2 
 .rodata._ctype_
                0x0800b6cc      0x101 e:/developmentenvironment/gcc-arm-none-eabi/bin/../lib/gcc/arm-none-eabi/10.3.1/../../../../arm-none-eabi/lib/thumb/v7-m/nofp\libg.a(lib_a-ctype_.o)
                0x0800b6cc                _ctype_
                0x0800b7d0                . = ALIGN (0x4)
 *fill*         0x0800b7cd        0x3 

.ARM.extab
 *(.ARM.extab* .gnu.linkonce.armextab.*)

.ARM            0x0800b7d0        0x8
                0x0800b7d0                __exidx_start = .
 *(.ARM.exidx*)
 .ARM.exidx     0x0800b7d0        0x8 e:/developmentenvironment/gcc-arm-none-eabi/bin/../lib/gcc/arm-none-eabi/10.3.1/thumb/v7-m/nofp\libgcc.a(_udivmoddi4.o)
                0x0800b7d8                __exidx_end = .

.rel.dyn        0x0800b7d8        0x0
 .rel.iplt      0x0800b7d8        0x0 e:/developmentenvironment/gcc-arm-none-eabi/bin/../lib/gcc/arm-none-eabi/10.3.1/thumb/v7-m/nofp/crtbegin.o

.preinit_array  0x0800b7d8        0x0
                0x0800b7d8                PROVIDE (__preinit_array_start = .)
 *(.preinit_array*)
                0x0800b7d8                PROVIDE (__preinit_array_end = .)

.init_array     0x0800b7d8        0x8
                0x0800b7d8                PROVIDE (__init_array_start = .)
 *(SORT_BY_NAME(.init_array.*))
 .init_array.00000
                0x0800b7d8        0x4 e:/developmentenvironment/gcc-arm-none-eabi/bin/../lib/gcc/arm-none-eabi/10.3.1/../../../../arm-none-eabi/lib/thumb/v7-m/nofp\libg.a(lib_a-__call_atexit.o)
 *(.init_array*)
 .init_array    0x0800b7dc        0x4 e:/developmentenvironment/gcc-arm-none-eabi/bin/../lib/gcc/arm-none-eabi/10.3.1/thumb/v7-m/nofp/crtbegin.o
                0x0800b7e0                PROVIDE (__init_array_end = .)

.fini_array     0x0800b7e0        0x4
                0x0800b7e0                PROVIDE (__fini_array_start = .)
 *(SORT_BY_NAME(.fini_array.*))
 *(.fini_array*)
 .fini_array    0x0800b7e0        0x4 e:/developmentenvironment/gcc-arm-none-eabi/bin/../lib/gcc/arm-none-eabi/10.3.1/thumb/v7-m/nofp/crtbegin.o
                0x0800b7e4                PROVIDE (__fini_array_end = .)
                0x0800b7e4                _sidata = LOADADDR (.data)

.data           0x20000000      0x9d0 load address 0x0800b7e4
                0x20000000                . = ALIGN (0x4)
                0x20000000                _sdata = .
 *(.data)
 *(.data*)
 .data.Dht11ReadStatus.0
                0x20000000        0x4 CMakeFiles/gp_mcu2.elf.dir/Core/Src/main.c.obj
 .data.lora_send_buf
                0x20000004        0xd CMakeFiles/gp_mcu2.elf.dir/Core/Src/main.c.obj
                0x20000004                lora_send_buf
 *fill*         0x20000011        0x3 
 .data.SystemCoreClock
                0x20000014        0x4 CMakeFiles/gp_mcu2.elf.dir/Core/Src/system_stm32f1xx.c.obj
                0x20000014                SystemCoreClock
 .data.uwTickFreq
                0x20000018        0x1 CMakeFiles/gp_mcu2.elf.dir/Drivers/STM32F1xx_HAL_Driver/Src/stm32f1xx_hal.c.obj
                0x20000018                uwTickFreq
 *fill*         0x20000019        0x3 
 .data.uwTickPrio
                0x2000001c        0x4 CMakeFiles/gp_mcu2.elf.dir/Drivers/STM32F1xx_HAL_Driver/Src/stm32f1xx_hal.c.obj
                0x2000001c                uwTickPrio
 .data._impure_ptr
                0x20000020        0x4 e:/developmentenvironment/gcc-arm-none-eabi/bin/../lib/gcc/arm-none-eabi/10.3.1/../../../../arm-none-eabi/lib/thumb/v7-m/nofp\libg.a(lib_a-impure.o)
                0x20000020                _impure_ptr
 *fill*         0x20000024        0x4 
 .data.impure_data
                0x20000028      0x428 e:/developmentenvironment/gcc-arm-none-eabi/bin/../lib/gcc/arm-none-eabi/10.3.1/../../../../arm-none-eabi/lib/thumb/v7-m/nofp\libg.a(lib_a-impure.o)
 .data.__atexit_recursive_mutex
                0x20000450        0x4 e:/developmentenvironment/gcc-arm-none-eabi/bin/../lib/gcc/arm-none-eabi/10.3.1/../../../../arm-none-eabi/lib/thumb/v7-m/nofp\libg.a(lib_a-__call_atexit.o)
                0x20000450                __atexit_recursive_mutex
 .data.__malloc_av_
                0x20000454      0x408 e:/developmentenvironment/gcc-arm-none-eabi/bin/../lib/gcc/arm-none-eabi/10.3.1/../../../../arm-none-eabi/lib/thumb/v7-m/nofp\libg.a(lib_a-mallocr.o)
                0x20000454                __malloc_av_
 .data.__malloc_sbrk_base
                0x2000085c        0x4 e:/developmentenvironment/gcc-arm-none-eabi/bin/../lib/gcc/arm-none-eabi/10.3.1/../../../../arm-none-eabi/lib/thumb/v7-m/nofp\libg.a(lib_a-mallocr.o)
                0x2000085c                __malloc_sbrk_base
 .data.__malloc_trim_threshold
                0x20000860        0x4 e:/developmentenvironment/gcc-arm-none-eabi/bin/../lib/gcc/arm-none-eabi/10.3.1/../../../../arm-none-eabi/lib/thumb/v7-m/nofp\libg.a(lib_a-mallocr.o)
                0x20000860                __malloc_trim_threshold
 .data.__global_locale
                0x20000864      0x16c e:/developmentenvironment/gcc-arm-none-eabi/bin/../lib/gcc/arm-none-eabi/10.3.1/../../../../arm-none-eabi/lib/thumb/v7-m/nofp\libg.a(lib_a-locale.o)
                0x20000864                __global_locale
                0x200009d0                . = ALIGN (0x4)
                0x200009d0                _edata = .

.igot.plt       0x200009d0        0x0 load address 0x0800c1b4
 .igot.plt      0x200009d0        0x0 e:/developmentenvironment/gcc-arm-none-eabi/bin/../lib/gcc/arm-none-eabi/10.3.1/thumb/v7-m/nofp/crtbegin.o
                0x200009d0                . = ALIGN (0x4)

.bss            0x200009d0      0x2a0 load address 0x0800c1b4
                0x200009d0                _sbss = .
                0x200009d0                __bss_start__ = _sbss
 *(.bss)
 .bss           0x200009d0       0x1c e:/developmentenvironment/gcc-arm-none-eabi/bin/../lib/gcc/arm-none-eabi/10.3.1/thumb/v7-m/nofp/crtbegin.o
 *(.bss*)
 .bss.hadc1     0x200009ec       0x30 CMakeFiles/gp_mcu2.elf.dir/Core/Src/adc.c.obj
                0x200009ec                hadc1
 .bss.hi2c1     0x20000a1c       0x54 CMakeFiles/gp_mcu2.elf.dir/Core/Src/i2c.c.obj
                0x20000a1c                hi2c1
 .bss.CurrentState
                0x20000a70        0x1 CMakeFiles/gp_mcu2.elf.dir/Core/Src/main.c.obj
                0x20000a70                CurrentState
 .bss.count.1   0x20000a71        0x1 CMakeFiles/gp_mcu2.elf.dir/Core/Src/main.c.obj
 .bss.event_flag
                0x20000a72        0x1 CMakeFiles/gp_mcu2.elf.dir/Core/Src/main.c.obj
                0x20000a72                event_flag
 .bss.lora_recv_flag
                0x20000a73        0x1 CMakeFiles/gp_mcu2.elf.dir/Core/Src/main.c.obj
                0x20000a73                lora_recv_flag
 .bss.sensor_data
                0x20000a74        0x8 CMakeFiles/gp_mcu2.elf.dir/Core/Src/main.c.obj
                0x20000a74                sensor_data
 .bss.heap_end.0
                0x20000a7c        0x4 CMakeFiles/gp_mcu2.elf.dir/Core/Src/syscalls.c.obj
 .bss.htim2     0x20000a80       0x48 CMakeFiles/gp_mcu2.elf.dir/Core/Src/tim.c.obj
                0x20000a80                htim2
 .bss.htim3     0x20000ac8       0x48 CMakeFiles/gp_mcu2.elf.dir/Core/Src/tim.c.obj
                0x20000ac8                htim3
 .bss.htim4     0x20000b10       0x48 CMakeFiles/gp_mcu2.elf.dir/Core/Src/tim.c.obj
                0x20000b10                htim4
 .bss.hdma_usart2_rx
                0x20000b58       0x44 CMakeFiles/gp_mcu2.elf.dir/Core/Src/usart.c.obj
                0x20000b58                hdma_usart2_rx
 .bss.huart1    0x20000b9c       0x44 CMakeFiles/gp_mcu2.elf.dir/Core/Src/usart.c.obj
                0x20000b9c                huart1
 .bss.huart2    0x20000be0       0x44 CMakeFiles/gp_mcu2.elf.dir/Core/Src/usart.c.obj
                0x20000be0                huart2
 .bss.uwTick    0x20000c24        0x4 CMakeFiles/gp_mcu2.elf.dir/Drivers/STM32F1xx_HAL_Driver/Src/stm32f1xx_hal.c.obj
                0x20000c24                uwTick
 .bss.__lock___atexit_recursive_mutex
                0x20000c28        0x1 e:/developmentenvironment/gcc-arm-none-eabi/bin/../lib/gcc/arm-none-eabi/10.3.1/../../../../arm-none-eabi/lib/thumb/v7-m/nofp\libg.a(lib_a-lock.o)
                0x20000c28                __lock___atexit_recursive_mutex
 *fill*         0x20000c29        0x3 
 .bss.__lock___malloc_recursive_mutex
                0x20000c2c        0x1 e:/developmentenvironment/gcc-arm-none-eabi/bin/../lib/gcc/arm-none-eabi/10.3.1/../../../../arm-none-eabi/lib/thumb/v7-m/nofp\libg.a(lib_a-lock.o)
                0x20000c2c                __lock___malloc_recursive_mutex
 *fill*         0x20000c2d        0x3 
 .bss.__lock___sfp_recursive_mutex
                0x20000c30        0x1 e:/developmentenvironment/gcc-arm-none-eabi/bin/../lib/gcc/arm-none-eabi/10.3.1/../../../../arm-none-eabi/lib/thumb/v7-m/nofp\libg.a(lib_a-lock.o)
                0x20000c30                __lock___sfp_recursive_mutex
 *fill*         0x20000c31        0x3 
 .bss.__lock___sinit_recursive_mutex
                0x20000c34        0x1 e:/developmentenvironment/gcc-arm-none-eabi/bin/../lib/gcc/arm-none-eabi/10.3.1/../../../../arm-none-eabi/lib/thumb/v7-m/nofp\libg.a(lib_a-lock.o)
                0x20000c34                __lock___sinit_recursive_mutex
 *fill*         0x20000c35        0x3 
 .bss.__malloc_current_mallinfo
                0x20000c38       0x28 e:/developmentenvironment/gcc-arm-none-eabi/bin/../lib/gcc/arm-none-eabi/10.3.1/../../../../arm-none-eabi/lib/thumb/v7-m/nofp\libg.a(lib_a-mallocr.o)
                0x20000c38                __malloc_current_mallinfo
 .bss.__malloc_max_sbrked_mem
                0x20000c60        0x4 e:/developmentenvironment/gcc-arm-none-eabi/bin/../lib/gcc/arm-none-eabi/10.3.1/../../../../arm-none-eabi/lib/thumb/v7-m/nofp\libg.a(lib_a-mallocr.o)
                0x20000c60                __malloc_max_sbrked_mem
 .bss.__malloc_max_total_mem
                0x20000c64        0x4 e:/developmentenvironment/gcc-arm-none-eabi/bin/../lib/gcc/arm-none-eabi/10.3.1/../../../../arm-none-eabi/lib/thumb/v7-m/nofp\libg.a(lib_a-mallocr.o)
                0x20000c64                __malloc_max_total_mem
 .bss.__malloc_top_pad
                0x20000c68        0x4 e:/developmentenvironment/gcc-arm-none-eabi/bin/../lib/gcc/arm-none-eabi/10.3.1/../../../../arm-none-eabi/lib/thumb/v7-m/nofp\libg.a(lib_a-mallocr.o)
                0x20000c68                __malloc_top_pad
 .bss.errno     0x20000c6c        0x4 e:/developmentenvironment/gcc-arm-none-eabi/bin/../lib/gcc/arm-none-eabi/10.3.1/../../../../arm-none-eabi/lib/thumb/v7-m/nofp\libg.a(lib_a-reent.o)
                0x20000c6c                errno
 *(COMMON)
                0x20000c70                . = ALIGN (0x4)
                0x20000c70                _ebss = .
                0x20000c70                __bss_end__ = _ebss

._user_heap_stack
                0x20000c70      0x600 load address 0x0800c1b4
                0x20000c70                . = ALIGN (0x8)
                0x20000c70                PROVIDE (end = .)
                [!provide]                PROVIDE (_end = .)
                0x20000e70                . = (. + _Min_Heap_Size)
 *fill*         0x20000c70      0x200 
                0x20001270                . = (. + _Min_Stack_Size)
 *fill*         0x20000e70      0x400 
                0x20001270                . = ALIGN (0x8)

/DISCARD/
 libc.a(*)
 libm.a(*)
 libgcc.a(*)

.ARM.attributes
                0x00000000       0x29
 *(.ARM.attributes)
 .ARM.attributes
                0x00000000       0x1d e:/developmentenvironment/gcc-arm-none-eabi/bin/../lib/gcc/arm-none-eabi/10.3.1/thumb/v7-m/nofp/crti.o
 .ARM.attributes
                0x0000001d       0x2d e:/developmentenvironment/gcc-arm-none-eabi/bin/../lib/gcc/arm-none-eabi/10.3.1/thumb/v7-m/nofp/crtbegin.o
 .ARM.attributes
                0x0000004a       0x2d CMakeFiles/gp_mcu2.elf.dir/Core/Src/adc.c.obj
 .ARM.attributes
                0x00000077       0x2d CMakeFiles/gp_mcu2.elf.dir/Core/Src/bh1750.c.obj
 .ARM.attributes
                0x000000a4       0x2d CMakeFiles/gp_mcu2.elf.dir/Core/Src/dht11.c.obj
 .ARM.attributes
                0x000000d1       0x2d CMakeFiles/gp_mcu2.elf.dir/Core/Src/gpio.c.obj
 .ARM.attributes
                0x000000fe       0x2d CMakeFiles/gp_mcu2.elf.dir/Core/Src/i2c.c.obj
 .ARM.attributes
                0x0000012b       0x2d CMakeFiles/gp_mcu2.elf.dir/Core/Src/main.c.obj
 .ARM.attributes
                0x00000158       0x2d CMakeFiles/gp_mcu2.elf.dir/Core/Src/soil_humi.c.obj
 .ARM.attributes
                0x00000185       0x2d CMakeFiles/gp_mcu2.elf.dir/Core/Src/stm32f1xx_hal_msp.c.obj
 .ARM.attributes
                0x000001b2       0x2d CMakeFiles/gp_mcu2.elf.dir/Core/Src/stm32f1xx_it.c.obj
 .ARM.attributes
                0x000001df       0x2d CMakeFiles/gp_mcu2.elf.dir/Core/Src/syscalls.c.obj
 .ARM.attributes
                0x0000020c       0x2d CMakeFiles/gp_mcu2.elf.dir/Core/Src/system_stm32f1xx.c.obj
 .ARM.attributes
                0x00000239       0x2d CMakeFiles/gp_mcu2.elf.dir/Core/Src/tim.c.obj
 .ARM.attributes
                0x00000266       0x2d CMakeFiles/gp_mcu2.elf.dir/Core/Src/usart.c.obj
 .ARM.attributes
                0x00000293       0x2d CMakeFiles/gp_mcu2.elf.dir/Drivers/STM32F1xx_HAL_Driver/Src/stm32f1xx_hal.c.obj
 .ARM.attributes
                0x000002c0       0x2d CMakeFiles/gp_mcu2.elf.dir/Drivers/STM32F1xx_HAL_Driver/Src/stm32f1xx_hal_adc.c.obj
 .ARM.attributes
                0x000002ed       0x2d CMakeFiles/gp_mcu2.elf.dir/Drivers/STM32F1xx_HAL_Driver/Src/stm32f1xx_hal_cortex.c.obj
 .ARM.attributes
                0x0000031a       0x2d CMakeFiles/gp_mcu2.elf.dir/Drivers/STM32F1xx_HAL_Driver/Src/stm32f1xx_hal_dma.c.obj
 .ARM.attributes
                0x00000347       0x2d CMakeFiles/gp_mcu2.elf.dir/Drivers/STM32F1xx_HAL_Driver/Src/stm32f1xx_hal_gpio.c.obj
 .ARM.attributes
                0x00000374       0x2d CMakeFiles/gp_mcu2.elf.dir/Drivers/STM32F1xx_HAL_Driver/Src/stm32f1xx_hal_i2c.c.obj
 .ARM.attributes
                0x000003a1       0x2d CMakeFiles/gp_mcu2.elf.dir/Drivers/STM32F1xx_HAL_Driver/Src/stm32f1xx_hal_rcc.c.obj
 .ARM.attributes
                0x000003ce       0x2d CMakeFiles/gp_mcu2.elf.dir/Drivers/STM32F1xx_HAL_Driver/Src/stm32f1xx_hal_rcc_ex.c.obj
 .ARM.attributes
                0x000003fb       0x2d CMakeFiles/gp_mcu2.elf.dir/Drivers/STM32F1xx_HAL_Driver/Src/stm32f1xx_hal_tim.c.obj
 .ARM.attributes
                0x00000428       0x2d CMakeFiles/gp_mcu2.elf.dir/Drivers/STM32F1xx_HAL_Driver/Src/stm32f1xx_hal_tim_ex.c.obj
 .ARM.attributes
                0x00000455       0x2d CMakeFiles/gp_mcu2.elf.dir/Drivers/STM32F1xx_HAL_Driver/Src/stm32f1xx_hal_uart.c.obj
 .ARM.attributes
                0x00000482       0x21 CMakeFiles/gp_mcu2.elf.dir/startup/startup_stm32f103xb.s.obj
 .ARM.attributes
                0x000004a3       0x1d e:/developmentenvironment/gcc-arm-none-eabi/bin/../lib/gcc/arm-none-eabi/10.3.1/thumb/v7-m/nofp\libgcc.a(_arm_addsubdf3.o)
 .ARM.attributes
                0x000004c0       0x1d e:/developmentenvironment/gcc-arm-none-eabi/bin/../lib/gcc/arm-none-eabi/10.3.1/thumb/v7-m/nofp\libgcc.a(_arm_muldivdf3.o)
 .ARM.attributes
                0x000004dd       0x1d e:/developmentenvironment/gcc-arm-none-eabi/bin/../lib/gcc/arm-none-eabi/10.3.1/thumb/v7-m/nofp\libgcc.a(_arm_cmpdf2.o)
 .ARM.attributes
                0x000004fa       0x1d e:/developmentenvironment/gcc-arm-none-eabi/bin/../lib/gcc/arm-none-eabi/10.3.1/thumb/v7-m/nofp\libgcc.a(_arm_fixdfsi.o)
 .ARM.attributes
                0x00000517       0x1d e:/developmentenvironment/gcc-arm-none-eabi/bin/../lib/gcc/arm-none-eabi/10.3.1/thumb/v7-m/nofp\libgcc.a(_arm_fixunsdfsi.o)
 .ARM.attributes
                0x00000534       0x1d e:/developmentenvironment/gcc-arm-none-eabi/bin/../lib/gcc/arm-none-eabi/10.3.1/thumb/v7-m/nofp\libgcc.a(_arm_addsubsf3.o)
 .ARM.attributes
                0x00000551       0x1d e:/developmentenvironment/gcc-arm-none-eabi/bin/../lib/gcc/arm-none-eabi/10.3.1/thumb/v7-m/nofp\libgcc.a(_arm_muldivsf3.o)
 .ARM.attributes
                0x0000056e       0x1d e:/developmentenvironment/gcc-arm-none-eabi/bin/../lib/gcc/arm-none-eabi/10.3.1/thumb/v7-m/nofp\libgcc.a(_arm_cmpsf2.o)
 .ARM.attributes
                0x0000058b       0x2d e:/developmentenvironment/gcc-arm-none-eabi/bin/../lib/gcc/arm-none-eabi/10.3.1/../../../../arm-none-eabi/lib/thumb/v7-m/nofp\libg.a(lib_a-errno.o)
 .ARM.attributes
                0x000005b8       0x2d e:/developmentenvironment/gcc-arm-none-eabi/bin/../lib/gcc/arm-none-eabi/10.3.1/../../../../arm-none-eabi/lib/thumb/v7-m/nofp\libg.a(lib_a-impure.o)
 .ARM.attributes
                0x000005e5       0x2d e:/developmentenvironment/gcc-arm-none-eabi/bin/../lib/gcc/arm-none-eabi/10.3.1/../../../../arm-none-eabi/lib/thumb/v7-m/nofp\libg.a(lib_a-init.o)
 .ARM.attributes
                0x00000612       0x2d e:/developmentenvironment/gcc-arm-none-eabi/bin/../lib/gcc/arm-none-eabi/10.3.1/../../../../arm-none-eabi/lib/thumb/v7-m/nofp\libg.a(lib_a-memset.o)
 .ARM.attributes
                0x0000063f       0x2d e:/developmentenvironment/gcc-arm-none-eabi/bin/../lib/gcc/arm-none-eabi/10.3.1/../../../../arm-none-eabi/lib/thumb/v7-m/nofp\libg.a(lib_a-printf.o)
 .ARM.attributes
                0x0000066c       0x2d e:/developmentenvironment/gcc-arm-none-eabi/bin/../lib/gcc/arm-none-eabi/10.3.1/../../../../arm-none-eabi/lib/thumb/v7-m/nofp\libg.a(lib_a-puts.o)
 .ARM.attributes
                0x00000699       0x2d e:/developmentenvironment/gcc-arm-none-eabi/bin/../lib/gcc/arm-none-eabi/10.3.1/../../../../arm-none-eabi/lib/thumb/v7-m/nofp\libg.a(lib_a-strlen-stub.o)
 .ARM.attributes
                0x000006c6       0x2d e:/developmentenvironment/gcc-arm-none-eabi/bin/../lib/gcc/arm-none-eabi/10.3.1/../../../../arm-none-eabi/lib/thumb/v7-m/nofp\libg.a(lib_a-vfprintf.o)
 .ARM.attributes
                0x000006f3       0x2d e:/developmentenvironment/gcc-arm-none-eabi/bin/../lib/gcc/arm-none-eabi/10.3.1/../../../../arm-none-eabi/lib/thumb/v7-m/nofp\libg.a(lib_a-wsetup.o)
 .ARM.attributes
                0x00000720       0x2d e:/developmentenvironment/gcc-arm-none-eabi/bin/../lib/gcc/arm-none-eabi/10.3.1/../../../../arm-none-eabi/lib/thumb/v7-m/nofp\libg.a(lib_a-__call_atexit.o)
 .ARM.attributes
                0x0000074d       0x2d e:/developmentenvironment/gcc-arm-none-eabi/bin/../lib/gcc/arm-none-eabi/10.3.1/../../../../arm-none-eabi/lib/thumb/v7-m/nofp\libg.a(lib_a-atexit.o)
 .ARM.attributes
                0x0000077a       0x2d e:/developmentenvironment/gcc-arm-none-eabi/bin/../lib/gcc/arm-none-eabi/10.3.1/../../../../arm-none-eabi/lib/thumb/v7-m/nofp\libg.a(lib_a-dtoa.o)
 .ARM.attributes
                0x000007a7       0x2d e:/developmentenvironment/gcc-arm-none-eabi/bin/../lib/gcc/arm-none-eabi/10.3.1/../../../../arm-none-eabi/lib/thumb/v7-m/nofp\libg.a(lib_a-fflush.o)
 .ARM.attributes
                0x000007d4       0x2d e:/developmentenvironment/gcc-arm-none-eabi/bin/../lib/gcc/arm-none-eabi/10.3.1/../../../../arm-none-eabi/lib/thumb/v7-m/nofp\libg.a(lib_a-findfp.o)
 .ARM.attributes
                0x00000801       0x2d e:/developmentenvironment/gcc-arm-none-eabi/bin/../lib/gcc/arm-none-eabi/10.3.1/../../../../arm-none-eabi/lib/thumb/v7-m/nofp\libg.a(lib_a-fini.o)
 .ARM.attributes
                0x0000082e       0x2d e:/developmentenvironment/gcc-arm-none-eabi/bin/../lib/gcc/arm-none-eabi/10.3.1/../../../../arm-none-eabi/lib/thumb/v7-m/nofp\libg.a(lib_a-freer.o)
 .ARM.attributes
                0x0000085b       0x2d e:/developmentenvironment/gcc-arm-none-eabi/bin/../lib/gcc/arm-none-eabi/10.3.1/../../../../arm-none-eabi/lib/thumb/v7-m/nofp\libg.a(lib_a-fvwrite.o)
 .ARM.attributes
                0x00000888       0x2d e:/developmentenvironment/gcc-arm-none-eabi/bin/../lib/gcc/arm-none-eabi/10.3.1/../../../../arm-none-eabi/lib/thumb/v7-m/nofp\libg.a(lib_a-fwalk.o)
 .ARM.attributes
                0x000008b5       0x2d e:/developmentenvironment/gcc-arm-none-eabi/bin/../lib/gcc/arm-none-eabi/10.3.1/../../../../arm-none-eabi/lib/thumb/v7-m/nofp\libg.a(lib_a-localeconv.o)
 .ARM.attributes
                0x000008e2       0x2d e:/developmentenvironment/gcc-arm-none-eabi/bin/../lib/gcc/arm-none-eabi/10.3.1/../../../../arm-none-eabi/lib/thumb/v7-m/nofp\libg.a(lib_a-lock.o)
 .ARM.attributes
                0x0000090f       0x2d e:/developmentenvironment/gcc-arm-none-eabi/bin/../lib/gcc/arm-none-eabi/10.3.1/../../../../arm-none-eabi/lib/thumb/v7-m/nofp\libg.a(lib_a-makebuf.o)
 .ARM.attributes
                0x0000093c       0x2d e:/developmentenvironment/gcc-arm-none-eabi/bin/../lib/gcc/arm-none-eabi/10.3.1/../../../../arm-none-eabi/lib/thumb/v7-m/nofp\libg.a(lib_a-mallocr.o)
 .ARM.attributes
                0x00000969       0x2d e:/developmentenvironment/gcc-arm-none-eabi/bin/../lib/gcc/arm-none-eabi/10.3.1/../../../../arm-none-eabi/lib/thumb/v7-m/nofp\libg.a(lib_a-memchr-stub.o)
 .ARM.attributes
                0x00000996       0x1b e:/developmentenvironment/gcc-arm-none-eabi/bin/../lib/gcc/arm-none-eabi/10.3.1/../../../../arm-none-eabi/lib/thumb/v7-m/nofp\libg.a(lib_a-memcpy.o)
 .ARM.attributes
                0x000009b1       0x2d e:/developmentenvironment/gcc-arm-none-eabi/bin/../lib/gcc/arm-none-eabi/10.3.1/../../../../arm-none-eabi/lib/thumb/v7-m/nofp\libg.a(lib_a-memmove.o)
 .ARM.attributes
                0x000009de       0x2d e:/developmentenvironment/gcc-arm-none-eabi/bin/../lib/gcc/arm-none-eabi/10.3.1/../../../../arm-none-eabi/lib/thumb/v7-m/nofp\libg.a(lib_a-mlock.o)
 .ARM.attributes
                0x00000a0b       0x2d e:/developmentenvironment/gcc-arm-none-eabi/bin/../lib/gcc/arm-none-eabi/10.3.1/../../../../arm-none-eabi/lib/thumb/v7-m/nofp\libg.a(lib_a-mprec.o)
 .ARM.attributes
                0x00000a38       0x2d e:/developmentenvironment/gcc-arm-none-eabi/bin/../lib/gcc/arm-none-eabi/10.3.1/../../../../arm-none-eabi/lib/thumb/v7-m/nofp\libg.a(lib_a-reallocr.o)
 .ARM.attributes
                0x00000a65       0x2d e:/developmentenvironment/gcc-arm-none-eabi/bin/../lib/gcc/arm-none-eabi/10.3.1/../../../../arm-none-eabi/lib/thumb/v7-m/nofp\libg.a(lib_a-s_frexp.o)
 .ARM.attributes
                0x00000a92       0x2d e:/developmentenvironment/gcc-arm-none-eabi/bin/../lib/gcc/arm-none-eabi/10.3.1/../../../../arm-none-eabi/lib/thumb/v7-m/nofp\libg.a(lib_a-sbrkr.o)
 .ARM.attributes
                0x00000abf       0x2d e:/developmentenvironment/gcc-arm-none-eabi/bin/../lib/gcc/arm-none-eabi/10.3.1/../../../../arm-none-eabi/lib/thumb/v7-m/nofp\libg.a(lib_a-stdio.o)
 .ARM.attributes
                0x00000aec       0x2d e:/developmentenvironment/gcc-arm-none-eabi/bin/../lib/gcc/arm-none-eabi/10.3.1/../../../../arm-none-eabi/lib/thumb/v7-m/nofp\libg.a(lib_a-strncpy.o)
 .ARM.attributes
                0x00000b19       0x2d e:/developmentenvironment/gcc-arm-none-eabi/bin/../lib/gcc/arm-none-eabi/10.3.1/../../../../arm-none-eabi/lib/thumb/v7-m/nofp\libg.a(lib_a-vfiprintf.o)
 .ARM.attributes
                0x00000b46       0x2d e:/developmentenvironment/gcc-arm-none-eabi/bin/../lib/gcc/arm-none-eabi/10.3.1/../../../../arm-none-eabi/lib/thumb/v7-m/nofp\libg.a(lib_a-writer.o)
 .ARM.attributes
                0x00000b73       0x2d e:/developmentenvironment/gcc-arm-none-eabi/bin/../lib/gcc/arm-none-eabi/10.3.1/../../../../arm-none-eabi/lib/thumb/v7-m/nofp\libg.a(lib_a-__atexit.o)
 .ARM.attributes
                0x00000ba0       0x2d e:/developmentenvironment/gcc-arm-none-eabi/bin/../lib/gcc/arm-none-eabi/10.3.1/../../../../arm-none-eabi/lib/thumb/v7-m/nofp\libg.a(lib_a-assert.o)
 .ARM.attributes
                0x00000bcd       0x2d e:/developmentenvironment/gcc-arm-none-eabi/bin/../lib/gcc/arm-none-eabi/10.3.1/../../../../arm-none-eabi/lib/thumb/v7-m/nofp\libg.a(lib_a-callocr.o)
 .ARM.attributes
                0x00000bfa       0x2d e:/developmentenvironment/gcc-arm-none-eabi/bin/../lib/gcc/arm-none-eabi/10.3.1/../../../../arm-none-eabi/lib/thumb/v7-m/nofp\libg.a(lib_a-closer.o)
 .ARM.attributes
                0x00000c27       0x2d e:/developmentenvironment/gcc-arm-none-eabi/bin/../lib/gcc/arm-none-eabi/10.3.1/../../../../arm-none-eabi/lib/thumb/v7-m/nofp\libg.a(lib_a-fclose.o)
 .ARM.attributes
                0x00000c54       0x2d e:/developmentenvironment/gcc-arm-none-eabi/bin/../lib/gcc/arm-none-eabi/10.3.1/../../../../arm-none-eabi/lib/thumb/v7-m/nofp\libg.a(lib_a-fiprintf.o)
 .ARM.attributes
                0x00000c81       0x2d e:/developmentenvironment/gcc-arm-none-eabi/bin/../lib/gcc/arm-none-eabi/10.3.1/../../../../arm-none-eabi/lib/thumb/v7-m/nofp\libg.a(lib_a-fputwc.o)
 .ARM.attributes
                0x00000cae       0x2d e:/developmentenvironment/gcc-arm-none-eabi/bin/../lib/gcc/arm-none-eabi/10.3.1/../../../../arm-none-eabi/lib/thumb/v7-m/nofp\libg.a(lib_a-fstatr.o)
 .ARM.attributes
                0x00000cdb       0x2d e:/developmentenvironment/gcc-arm-none-eabi/bin/../lib/gcc/arm-none-eabi/10.3.1/../../../../arm-none-eabi/lib/thumb/v7-m/nofp\libg.a(lib_a-isattyr.o)
 .ARM.attributes
                0x00000d08       0x2d e:/developmentenvironment/gcc-arm-none-eabi/bin/../lib/gcc/arm-none-eabi/10.3.1/../../../../arm-none-eabi/lib/thumb/v7-m/nofp\libg.a(lib_a-locale.o)
 .ARM.attributes
                0x00000d35       0x2d e:/developmentenvironment/gcc-arm-none-eabi/bin/../lib/gcc/arm-none-eabi/10.3.1/../../../../arm-none-eabi/lib/thumb/v7-m/nofp\libg.a(lib_a-lseekr.o)
 .ARM.attributes