Archive member included to satisfy reference by file (symbol)

e:/developmentenvironment/gcc-arm-none-eabi/bin/../lib/gcc/arm-none-eabi/10.3.1/thumb/v7-m/nofp\libgcc.a(_arm_muldf3.o)
                              CMakeFiles/gp_mcu2.elf.dir/Core/Src/soil_humi.c.obj (__aeabi_dmul)
e:/developmentenvironment/gcc-arm-none-eabi/bin/../lib/gcc/arm-none-eabi/10.3.1/thumb/v7-m/nofp\libgcc.a(_arm_mulsf3.o)
                              CMakeFiles/gp_mcu2.elf.dir/Core/Src/main.c.obj (__aeabi_fmul)
e:/developmentenvironment/gcc-arm-none-eabi/bin/../lib/gcc/arm-none-eabi/10.3.1/thumb/v7-m/nofp\libgcc.a(_arm_addsubdf3.o)
                              CMakeFiles/gp_mcu2.elf.dir/Core/Src/soil_humi.c.obj (__aeabi_dadd)
e:/developmentenvironment/gcc-arm-none-eabi/bin/../lib/gcc/arm-none-eabi/10.3.1/thumb/v7-m/nofp\libgcc.a(_arm_muldivdf3.o)
                              CMakeFiles/gp_mcu2.elf.dir/Core/Src/bh1750.c.obj (__aeabi_ddiv)
e:/developmentenvironment/gcc-arm-none-eabi/bin/../lib/gcc/arm-none-eabi/10.3.1/thumb/v7-m/nofp\libgcc.a(_arm_cmpdf2.o)
                              CMakeFiles/gp_mcu2.elf.dir/Core/Src/main.c.obj (__aeabi_dcmplt)
e:/developmentenvironment/gcc-arm-none-eabi/bin/../lib/gcc/arm-none-eabi/10.3.1/thumb/v7-m/nofp\libgcc.a(_arm_fixdfsi.o)
                              CMakeFiles/gp_mcu2.elf.dir/Core/Src/bh1750.c.obj (__aeabi_d2iz)
e:/developmentenvironment/gcc-arm-none-eabi/bin/../lib/gcc/arm-none-eabi/10.3.1/thumb/v7-m/nofp\libgcc.a(_arm_fixunsdfsi.o)
                              CMakeFiles/gp_mcu2.elf.dir/Core/Src/soil_humi.c.obj (__aeabi_d2uiz)
e:/developmentenvironment/gcc-arm-none-eabi/bin/../lib/gcc/arm-none-eabi/10.3.1/thumb/v7-m/nofp\libgcc.a(_arm_addsubsf3.o)
                              CMakeFiles/gp_mcu2.elf.dir/Core/Src/main.c.obj (__aeabi_fsub)
e:/developmentenvironment/gcc-arm-none-eabi/bin/../lib/gcc/arm-none-eabi/10.3.1/thumb/v7-m/nofp\libgcc.a(_arm_muldivsf3.o)
                              CMakeFiles/gp_mcu2.elf.dir/Core/Src/main.c.obj (__aeabi_fdiv)
e:/developmentenvironment/gcc-arm-none-eabi/bin/../lib/gcc/arm-none-eabi/10.3.1/thumb/v7-m/nofp\libgcc.a(_arm_cmpsf2.o)
                              CMakeFiles/gp_mcu2.elf.dir/Core/Src/main.c.obj (__aeabi_fcmplt)
e:/developmentenvironment/gcc-arm-none-eabi/bin/../lib/gcc/arm-none-eabi/10.3.1/../../../../arm-none-eabi/lib/thumb/v7-m/nofp\libg.a(lib_a-errno.o)
                              CMakeFiles/gp_mcu2.elf.dir/Core/Src/syscalls.c.obj (__errno)
e:/developmentenvironment/gcc-arm-none-eabi/bin/../lib/gcc/arm-none-eabi/10.3.1/../../../../arm-none-eabi/lib/thumb/v7-m/nofp\libg.a(lib_a-exit.o)
                              e:/developmentenvironment/gcc-arm-none-eabi/bin/../lib/gcc/arm-none-eabi/10.3.1/../../../../arm-none-eabi/lib/thumb/v7-m/nofp/crt0.o (exit)
e:/developmentenvironment/gcc-arm-none-eabi/bin/../lib/gcc/arm-none-eabi/10.3.1/../../../../arm-none-eabi/lib/thumb/v7-m/nofp\libg.a(lib_a-impure.o)
                              e:/developmentenvironment/gcc-arm-none-eabi/bin/../lib/gcc/arm-none-eabi/10.3.1/../../../../arm-none-eabi/lib/thumb/v7-m/nofp\libg.a(lib_a-exit.o) (_global_impure_ptr)
e:/developmentenvironment/gcc-arm-none-eabi/bin/../lib/gcc/arm-none-eabi/10.3.1/../../../../arm-none-eabi/lib/thumb/v7-m/nofp\libg.a(lib_a-init.o)
                              e:/developmentenvironment/gcc-arm-none-eabi/bin/../lib/gcc/arm-none-eabi/10.3.1/../../../../arm-none-eabi/lib/thumb/v7-m/nofp/crt0.o (__libc_init_array)
e:/developmentenvironment/gcc-arm-none-eabi/bin/../lib/gcc/arm-none-eabi/10.3.1/../../../../arm-none-eabi/lib/thumb/v7-m/nofp\libg.a(lib_a-memset.o)
                              e:/developmentenvironment/gcc-arm-none-eabi/bin/../lib/gcc/arm-none-eabi/10.3.1/../../../../arm-none-eabi/lib/thumb/v7-m/nofp/crt0.o (memset)
e:/developmentenvironment/gcc-arm-none-eabi/bin/../lib/gcc/arm-none-eabi/10.3.1/../../../../arm-none-eabi/lib/thumb/v7-m/nofp\libg.a(lib_a-printf.o)
                              CMakeFiles/gp_mcu2.elf.dir/Core/Src/main.c.obj (printf)
e:/developmentenvironment/gcc-arm-none-eabi/bin/../lib/gcc/arm-none-eabi/10.3.1/../../../../arm-none-eabi/lib/thumb/v7-m/nofp\libg.a(lib_a-puts.o)
                              CMakeFiles/gp_mcu2.elf.dir/Core/Src/bh1750.c.obj (puts)
e:/developmentenvironment/gcc-arm-none-eabi/bin/../lib/gcc/arm-none-eabi/10.3.1/../../../../arm-none-eabi/lib/thumb/v7-m/nofp\libg.a(lib_a-strlen-stub.o)
                              e:/developmentenvironment/gcc-arm-none-eabi/bin/../lib/gcc/arm-none-eabi/10.3.1/../../../../arm-none-eabi/lib/thumb/v7-m/nofp\libg.a(lib_a-puts.o) (strlen)
e:/developmentenvironment/gcc-arm-none-eabi/bin/../lib/gcc/arm-none-eabi/10.3.1/../../../../arm-none-eabi/lib/thumb/v7-m/nofp\libg.a(lib_a-vfprintf.o)
                              e:/developmentenvironment/gcc-arm-none-eabi/bin/../lib/gcc/arm-none-eabi/10.3.1/../../../../arm-none-eabi/lib/thumb/v7-m/nofp\libg.a(lib_a-printf.o) (_vfprintf_r)
[...]
Memory Configuration

Name             Origin             Length             Attributes
RAM              0x20000000         0x00005000         xrw
FLASH            0x08000000         0x00010000         xr
*default*        0x00000000         0xffffffff

Linker script and memory map

LOAD e:/developmentenvironment/gcc-arm-none-eabi/bin/../lib/gcc/arm-none-eabi/10.3.1/thumb/v7-m/nofp/crti.o
LOAD e:/developmentenvironment/gcc-arm-none-eabi/bin/../lib/gcc/arm-none-eabi/10.3.1/thumb/v7-m/nofp/crtbegin.o
LOAD e:/developmentenvironment/gcc-arm-none-eabi/bin/../lib/gcc/arm-none-eabi/10.3.1/../../../../arm-none-eabi/lib/thumb/v7-m/nofp/crt0.o
LOAD CMakeFiles/gp_mcu2.elf.dir/Core/Src/adc.c.obj
LOAD CMakeFiles/gp_mcu2.elf.dir/Core/Src/bh1750.c.obj
LOAD CMakeFiles/gp_mcu2.elf.dir/Core/Src/dht11.c.obj
LOAD CMakeFiles/gp_mcu2.elf.dir/Core/Src/dma.c.obj
LOAD CMakeFiles/gp_mcu2.elf.dir/Core/Src/gpio.c.obj
LOAD CMakeFiles/gp_mcu2.elf.dir/Core/Src/i2c.c.obj
LOAD CMakeFiles/gp_mcu2.elf.dir/Core/Src/main.c.obj
LOAD CMakeFiles/gp_mcu2.elf.dir/Core/Src/soil_humi.c.obj
LOAD CMakeFiles/gp_mcu2.elf.dir/Core/Src/stm32f1xx_hal_msp.c.obj
LOAD CMakeFiles/gp_mcu2.elf.dir/Core/Src/stm32f1xx_it.c.obj
LOAD CMakeFiles/gp_mcu2.elf.dir/Core/Src/syscalls.c.obj
LOAD CMakeFiles/gp_mcu2.elf.dir/Core/Src/system_stm32f1xx.c.obj
LOAD CMakeFiles/gp_mcu2.elf.dir/Core/Src/task_queue.c.obj
LOAD CMakeFiles/gp_mcu2.elf.dir/Core/Src/tim.c.obj
LOAD CMakeFiles/gp_mcu2.elf.dir/Core/Src/usart.c.obj
LOAD CMakeFiles/gp_mcu2.elf.dir/Drivers/STM32F1xx_HAL_Driver/Src/stm32f1xx_hal.c.obj
LOAD CMakeFiles/gp_mcu2.elf.dir/Drivers/STM32F1xx_HAL_Driver/Src/stm32f1xx_hal_adc.c.obj
LOAD CMakeFiles/gp_mcu2.elf.dir/Drivers/STM32F1xx_HAL_Driver/Src/stm32f1xx_hal_adc_ex.c.obj
LOAD CMakeFiles/gp_mcu2.elf.dir/Drivers/STM32F1xx_HAL_Driver/Src/stm32f1xx_hal_cortex.c.obj
LOAD CMakeFiles/gp_mcu2.elf.dir/Drivers/STM32F1xx_HAL_Driver/Src/stm32f1xx_hal_dma.c.obj
LOAD CMakeFiles/gp_mcu2.elf.dir/Drivers/STM32F1xx_HAL_Driver/Src/stm32f1xx_hal_exti.c.obj
LOAD CMakeFiles/gp_mcu2.elf.dir/Drivers/STM32F1xx_HAL_Driver/Src/stm32f1xx_hal_flash.c.obj
LOAD CMakeFiles/gp_mcu2.elf.dir/Drivers/STM32F1xx_HAL_Driver/Src/stm32f1xx_hal_flash_ex.c.obj
LOAD CMakeFiles/gp_mcu2.elf.dir/Drivers/STM32F1xx_HAL_Driver/Src/stm32f1xx_hal_gpio.c.obj
LOAD CMakeFiles/gp_mcu2.elf.dir/Drivers/STM32F1xx_HAL_Driver/Src/stm32f1xx_hal_gpio_ex.c.obj
LOAD CMakeFiles/gp_mcu2.elf.dir/Drivers/STM32F1xx_HAL_Driver/Src/stm32f1xx_hal_i2c.c.obj
LOAD CMakeFiles/gp_mcu2.elf.dir/Drivers/STM32F1xx_HAL_Driver/Src/stm32f1xx_hal_pwr.c.obj
LOAD CMakeFiles/gp_mcu2.elf.dir/Drivers/STM32F1xx_HAL_Driver/Src/stm32f1xx_hal_rcc.c.obj
LOAD CMakeFiles/gp_mcu2.elf.dir/Drivers/STM32F1xx_HAL_Driver/Src/stm32f1xx_hal_rcc_ex.c.obj
LOAD CMakeFiles/gp_mcu2.elf.dir/Drivers/STM32F1xx_HAL_Driver/Src/stm32f1xx_hal_tim.c.obj
LOAD CMakeFiles/gp_mcu2.elf.dir/Drivers/STM32F1xx_HAL_Driver/Src/stm32f1xx_hal_tim_ex.c.obj
LOAD CMakeFiles/gp_mcu2.elf.dir/Drivers/STM32F1xx_HAL_Driver/Src/stm32f1xx_hal_uart.c.obj
LOAD CMakeFiles/gp_mcu2.elf.dir/startup/startup_stm32f103xb.s.obj
START GROUP
LOAD e:/developmentenvironment/gcc-arm-none-eabi/bin/../lib/gcc/arm-none-eabi/10.3.1/thumb/v7-m/nofp\libgcc.a
LOAD e:/developmentenvironment/gcc-arm-none-eabi/bin/../lib/gcc/arm-none-eabi/10.3.1/../../../../arm-none-eabi/lib/thumb/v7-m/nofp\libg.a
LOAD e:/developmentenvironment/gcc-arm-none-eabi/bin/../lib/gcc/arm-none-eabi/10.3.1/../../../../arm-none-eabi/lib/thumb/v7-m/nofp\libc.a
END GROUP
LOAD e:/developmentenvironment/gcc-arm-none-eabi/bin/../lib/gcc/arm-none-eabi/10.3.1/thumb/v7-m/nofp/crtend.o
LOAD e:/developmentenvironment/gcc-arm-none-eabi/bin/../lib/gcc/arm-none-eabi/10.3.1/thumb/v7-m/nofp/crtn.o
                0x20005000                _estack = 0x20005000
                0x00000200                _Min_Heap_Size = 0x200
                0x00000400                _Min_Stack_Size = 0x400

.isr_vector     0x08000000      0x10c
                0x08000000                . = ALIGN (0x4)
 *(.isr_vector)
 .isr_vector    0x08000000      0x10c CMakeFiles/gp_mcu2.elf.dir/startup/startup_stm32f103xb.s.obj
                0x08000000                g_pfnVectors
                0x0800010c                . = ALIGN (0x4)

.text           0x08000110     0xb1e0
                0x08000110                . = ALIGN (0x4)
 *(.text)
 .text          0x08000110       0x40 e:/developmentenvironment/gcc-arm-none-eabi/bin/../lib/gcc/arm-none-eabi/10.3.1/thumb/v7-m/nofp/crtbegin.o
 .text          0x08000150      0x378 e:/developmentenvironment/gcc-arm-none-eabi/bin/../lib/gcc/arm-none-eabi/10.3.1/thumb/v7-m/nofp\libgcc.a(_arm_addsubdf3.o)
                0x08000150                __aeabi_drsub
                0x08000158                __aeabi_dsub
                0x08000158                __subdf3
                0x0800015c                __aeabi_dadd
                0x0800015c                __adddf3
                0x080003d4                __floatunsidf
                0x080003d4                __aeabi_ui2d
                0x080003f4                __floatsidf
                0x080003f4                __aeabi_i2d
                0x08000418                __aeabi_f2d
                0x08000418                __extendsfdf2
                0x0800045c                __floatundidf
                0x0800045c                __aeabi_ul2d
                0x0800046c                __floatdidf
                0x0800046c                __aeabi_l2d
 .text          0x080004c8      0x424 e:/developmentenvironment/gcc-arm-none-eabi/bin/../lib/gcc/arm-none-eabi/10.3.1/thumb/v7-m/nofp\libgcc.a(_arm_muldivdf3.o)
                0x080004c8                __aeabi_dmul
                0x080004c8                __muldf3
                0x0800071c                __divdf3
                0x0800071c                __aeabi_ddiv
 .text          0x080008ec      0x110 e:/developmentenvironment/gcc-arm-none-eabi/bin/../lib/gcc/arm-none-eabi/10.3.1/thumb/v7-m/nofp\libgcc.a(_arm_cmpdf2.o)
                0x080008ec                __gtdf2
                0x080008ec                __gedf2
                0x080008f4                __ltdf2
                0x080008f4                __ledf2
                0x080008fc                __nedf2
                0x080008fc                __eqdf2
                0x080008fc                __cmpdf2
                0x08000978                __aeabi_cdrcmple
                0x08000988                __aeabi_cdcmpeq
                0x08000988                __aeabi_cdcmple
                0x08000998                __aeabi_dcmpeq
                0x080009ac                __aeabi_dcmplt
                0x080009c0                __aeabi_dcmple
                0x080009d4                __aeabi_dcmpge
                0x080009e8                __aeabi_dcmpgt
 .text          0x080009fc       0x50 e:/developmentenvironment/gcc-arm-none-eabi/bin/../lib/gcc/arm-none-eabi/10.3.1/thumb/v7-m/nofp\libgcc.a(_arm_fixdfsi.o)
                0x080009fc                __aeabi_d2iz
                0x080009fc                __fixdfsi
 .text          0x08000a4c       0x40 e:/developmentenvironment/gcc-arm-none-eabi/bin/../lib/gcc/arm-none-eabi/10.3.1/thumb/v7-m/nofp\libgcc.a(_arm_fixunsdfsi.o)
                0x08000a4c                __aeabi_d2uiz
                0x08000a4c                __fixunsdfsi
 .text          0x08000a8c      0x21c e:/developmentenvironment/gcc-arm-none-eabi/bin/../lib/gcc/arm-none-eabi/10.3.1/thumb/v7-m/nofp\libgcc.a(_arm_addsubsf3.o)
                0x08000a8c                __aeabi_frsub
                0x08000a94                __subsf3
                0x08000a94                __aeabi_fsub
                0x08000a98                __aeabi_fadd
                0x08000a98                __addsf3
                0x08000bf8                __aeabi_ui2f
                0x08000bf8                __floatunsisf
                0x08000c00                __aeabi_i2f
                0x08000c00                __floatsisf
                0x08000c1c                __aeabi_ul2f
                0x08000c1c                __floatundisf
                0x08000c2c                __aeabi_l2f
                0x08000c2c                __floatdisf
 .text          0x08000ca8      0x2a0 e:/developmentenvironment/gcc-arm-none-eabi/bin/../lib/gcc/arm-none-eabi/10.3.1/thumb/v7-m/nofp\libgcc.a(_arm_muldivsf3.o)
                0x08000ca8                __mulsf3
                0x08000ca8                __aeabi_fmul
                0x08000e10                __aeabi_fdiv
                0x08000e10                __divsf3
 .text          0x08000f48       0xec e:/developmentenvironment/gcc-arm-none-eabi/bin/../lib/gcc/arm-none-eabi/10.3.1/thumb/v7-m/nofp\libgcc.a(_arm_cmpsf2.o)
                0x08000f48                __gesf2
                0x08000f48                __gtsf2
                0x08000f50                __lesf2
                0x08000f50                __ltsf2
                0x08000f58                __nesf2
                0x08000f58                __eqsf2
                0x08000f58                __cmpsf2
                0x08000fb8                __aeabi_cfrcmple
                0x08000fc0                __aeabi_cfcmpeq
                0x08000fc0                __aeabi_cfcmple
                0x08000fd0                __aeabi_fcmpeq
                0x08000fe4                __aeabi_fcmplt
                0x08000ff8                __aeabi_fcmple
                0x0800100c                __aeabi_fcmpge
                0x08001020                __aeabi_fcmpgt
 .text          0x08001034       0xec e:/developmentenvironment/gcc-arm-none-eabi/bin/../lib/gcc/arm-none-eabi/10.3.1/../../../../arm-none-eabi/lib/thumb/v7-m/nofp\libg.a(lib_a-memcpy.o)
                0x08001034                memcpy
 .text          0x08001120       0x2c e:/developmentenvironment/gcc-arm-none-eabi/bin/../lib/gcc/arm-none-eabi/10.3.1/thumb/v7-m/nofp\libgcc.a(_arm_unorddf2.o)
                0x08001120                __unorddf2
                0x08001120                __aeabi_dcmpun
 .text          0x0800114c       0x30 e:/developmentenvironment/gcc-arm-none-eabi/bin/../lib/gcc/arm-none-eabi/10.3.1/thumb/v7-m/nofp\libgcc.a(_aeabi_uldivmod.o)
                0x0800114c                __aeabi_uldivmod
 .text          0x0800117c      0x2d4 e:/developmentenvironment/gcc-arm-none-eabi/bin/../lib/gcc/arm-none-eabi/10.3.1/thumb/v7-m/nofp\libgcc.a(_udivmoddi4.o)
                0x0800117c                __udivmoddi4
 .text          0x08001450        0x4 e:/developmentenvironment/gcc-arm-none-eabi/bin/../lib/gcc/arm-none-eabi/10.3.1/thumb/v7-m/nofp\libgcc.a(_dvmd_tls.o)
                0x08001450                __aeabi_idiv0
                0x08001450                __aeabi_ldiv0
 *(.text*)
 .text.MX_ADC1_Init
                0x08001454       0x58 CMakeFiles/gp_mcu2.elf.dir/Core/Src/adc.c.obj
                0x08001454                MX_ADC1_Init
 .text.HAL_ADC_MspInit
                0x080014ac       0x60 CMakeFiles/gp_mcu2.elf.dir/Core/Src/adc.c.obj
                0x080014ac                HAL_ADC_MspInit
 .text.bh1750_init
                0x0800150c       0x3c CMakeFiles/gp_mcu2.elf.dir/Core/Src/bh1750.c.obj
                0x0800150c                bh1750_init
 .text.bh1750_read
                0x08001548       0x54 CMakeFiles/gp_mcu2.elf.dir/Core/Src/bh1750.c.obj
                0x08001548                bh1750_read
 .text.DHT11_IO_IN
                0x0800159c       0x2c CMakeFiles/gp_mcu2.elf.dir/Core/Src/dht11.c.obj
                0x0800159c                DHT11_IO_IN
 .text.DHT11_IO_OUT
                0x080015c8       0x30 CMakeFiles/gp_mcu2.elf.dir/Core/Src/dht11.c.obj
                0x080015c8                DHT11_IO_OUT
 .text.DHT11_Rst
                0x080015f8       0x30 CMakeFiles/gp_mcu2.elf.dir/Core/Src/dht11.c.obj
                0x080015f8                DHT11_Rst
 .text.DHT11_Check
                0x08001628       0x58 CMakeFiles/gp_mcu2.elf.dir/Core/Src/dht11.c.obj
                0x08001628                DHT11_Check
 .text.DHT11_Read_Bit
                0x08001680       0x5c CMakeFiles/gp_mcu2.elf.dir/Core/Src/dht11.c.obj
                0x08001680                DHT11_Read_Bit
 .text.DHT11_Read_Byte
                0x080016dc       0x1e CMakeFiles/gp_mcu2.elf.dir/Core/Src/dht11.c.obj
                0x080016dc                DHT11_Read_Byte
 .text.DHT11_Read_Data
                0x080016fa       0x5c CMakeFiles/gp_mcu2.elf.dir/Core/Src/dht11.c.obj
                0x080016fa                DHT11_Read_Data
 *fill*         0x08001756        0x2 
 .text.MX_DMA_Init
                0x08001758       0x34 CMakeFiles/gp_mcu2.elf.dir/Core/Src/dma.c.obj
                0x08001758                MX_DMA_Init
 .text.MX_GPIO_Init
                0x0800178c       0xb4 CMakeFiles/gp_mcu2.elf.dir/Core/Src/gpio.c.obj
                0x0800178c                MX_GPIO_Init
 .text.MX_I2C1_Init
                0x08001840       0x3c CMakeFiles/gp_mcu2.elf.dir/Core/Src/i2c.c.obj
                0x08001840                MX_I2C1_Init
 .text.HAL_I2C_MspInit
                0x0800187c       0x64 CMakeFiles/gp_mcu2.elf.dir/Core/Src/i2c.c.obj
                0x0800187c                HAL_I2C_MspInit
 .text.HAL_TIM_PeriodElapsedCallback
                0x080018e0       0x3c CMakeFiles/gp_mcu2.elf.dir/Core/Src/main.c.obj
                0x080018e0                HAL_TIM_PeriodElapsedCallback
 .text.idel_task
                0x0800191c       0x5c CMakeFiles/gp_mcu2.elf.dir/Core/Src/main.c.obj
                0x0800191c                idel_task
 .text.read_sensor_data_task
                0x08001978       0x60 CMakeFiles/gp_mcu2.elf.dir/Core/Src/main.c.obj
                0x08001978                read_sensor_data_task
 .text.control_servo_task
                0x080019d8      0x218 CMakeFiles/gp_mcu2.elf.dir/Core/Src/main.c.obj
                0x080019d8                control_servo_task
 .text.send_sensor_data_task
                0x08001bf0       0xbc CMakeFiles/gp_mcu2.elf.dir/Core/Src/main.c.obj
                0x08001bf0                send_sensor_data_task
 .text.recv_control_task
                0x08001cac       0xd4 CMakeFiles/gp_mcu2.elf.dir/Core/Src/main.c.obj
                0x08001cac                recv_control_task
 .text.Error_Handler
                0x08001d80        0x4 CMakeFiles/gp_mcu2.elf.dir/Core/Src/main.c.obj
                0x08001d80                Error_Handler
 .text.SystemClock_Config
                0x08001d84       0x84 CMakeFiles/gp_mcu2.elf.dir/Core/Src/main.c.obj
                0x08001d84                SystemClock_Config
 .text.hw_init  0x08001e08       0x7c CMakeFiles/gp_mcu2.elf.dir/Core/Src/main.c.obj
                0x08001e08                hw_init
 .text.main     0x08001e84       0x48 CMakeFiles/gp_mcu2.elf.dir/Core/Src/main.c.obj
                0x08001e84                main
 *fill*         0x08001ecc        0x4 
 .text.soil_humi_read
                0x08001ed0       0x64 CMakeFiles/gp_mcu2.elf.dir/Core/Src/soil_humi.c.obj
                0x08001ed0                soil_humi_read
 .text.HAL_MspInit
                0x08001f34       0x44 CMakeFiles/gp_mcu2.elf.dir/Core/Src/stm32f1xx_hal_msp.c.obj
                0x08001f34                HAL_MspInit
 .text.NMI_Handler
                0x08001f78        0x2 CMakeFiles/gp_mcu2.elf.dir/Core/Src/stm32f1xx_it.c.obj
                0x08001f78                NMI_Handler
 .text.HardFault_Handler
                0x08001f7a        0x2 CMakeFiles/gp_mcu2.elf.dir/Core/Src/stm32f1xx_it.c.obj
                0x08001f7a                HardFault_Handler
 .text.MemManage_Handler
                0x08001f7c        0x2 CMakeFiles/gp_mcu2.elf.dir/Core/Src/stm32f1xx_it.c.obj
                0x08001f7c                MemManage_Handler
 .text.BusFault_Handler
                0x08001f7e        0x2 CMakeFiles/gp_mcu2.elf.dir/Core/Src/stm32f1xx_it.c.obj
                0x08001f7e                BusFault_Handler
 .text.UsageFault_Handler
                0x08001f80        0x2 CMakeFiles/gp_mcu2.elf.dir/Core/Src/stm32f1xx_it.c.obj
                0x08001f80                UsageFault_Handler
 .text.SVC_Handler
                0x08001f82        0x2 CMakeFiles/gp_mcu2.elf.dir/Core/Src/stm32f1xx_it.c.obj
                0x08001f82                SVC_Handler
 .text.DebugMon_Handler
                0x08001f84        0x2 CMakeFiles/gp_mcu2.elf.dir/Core/Src/stm32f1xx_it.c.obj
                0x08001f84                DebugMon_Handler
 .text.PendSV_Handler
                0x08001f86        0x2 CMakeFiles/gp_mcu2.elf.dir/Core/Src/stm32f1xx_it.c.obj
                0x08001f86                PendSV_Handler
 .text.SysTick_Handler
                0x08001f88        0x8 CMakeFiles/gp_mcu2.elf.dir/Core/Src/stm32f1xx_it.c.obj
                0x08001f88                SysTick_Handler
 .text.DMA1_Channel6_IRQHandler
                0x08001f90       0x10 CMakeFiles/gp_mcu2.elf.dir/Core/Src/stm32f1xx_it.c.obj
                0x08001f90                DMA1_Channel6_IRQHandler
 .text.TIM4_IRQHandler
                0x08001fa0       0x10 CMakeFiles/gp_mcu2.elf.dir/Core/Src/stm32f1xx_it.c.obj
                0x08001fa0                TIM4_IRQHandler
 .text.USART2_IRQHandler
                0x08001fb0       0x6c CMakeFiles/gp_mcu2.elf.dir/Core/Src/stm32f1xx_it.c.obj
                0x08001fb0                USART2_IRQHandler
 .text._getpid  0x0800201c        0x4 CMakeFiles/gp_mcu2.elf.dir/Core/Src/syscalls.c.obj
                0x0800201c                _getpid
 .text._kill    0x08002020       0x10 CMakeFiles/gp_mcu2.elf.dir/Core/Src/syscalls.c.obj
                0x08002020                _kill
 .text._exit    0x08002030        0xc CMakeFiles/gp_mcu2.elf.dir/Core/Src/syscalls.c.obj
                0x08002030                _exit
 .text._read    0x0800203c       0x20 CMakeFiles/gp_mcu2.elf.dir/Core/Src/syscalls.c.obj
                0x0800203c                _read
 .text._sbrk    0x0800205c       0x3c CMakeFiles/gp_mcu2.elf.dir/Core/Src/syscalls.c.obj
                0x0800205c                _sbrk
 .text._close   0x08002098        0x6 CMakeFiles/gp_mcu2.elf.dir/Core/Src/syscalls.c.obj
                0x08002098                _close
 .text._fstat   0x0800209e        0xa CMakeFiles/gp_mcu2.elf.dir/Core/Src/syscalls.c.obj
                0x0800209e                _fstat
 .text._isatty  0x080020a8        0x4 CMakeFiles/gp_mcu2.elf.dir/Core/Src/syscalls.c.obj
                0x080020a8                _isatty
 .text._lseek   0x080020ac        0x4 CMakeFiles/gp_mcu2.elf.dir/Core/Src/syscalls.c.obj
                0x080020ac                _lseek
 .text.SystemInit
                0x080020b0        0x2 CMakeFiles/gp_mcu2.elf.dir/Core/Src/system_stm32f1xx.c.obj
                0x080020b0                SystemInit
 *fill*         0x080020b2        0x2 
 .text.MX_TIM3_Init
                0x080020b4       0x54 CMakeFiles/gp_mcu2.elf.dir/Core/Src/tim.c.obj
                0x080020b4                MX_TIM3_Init
 .text.MX_TIM4_Init
                0x08002108       0x74 CMakeFiles/gp_mcu2.elf.dir/Core/Src/tim.c.obj
                0x08002108                MX_TIM4_Init
 .text.HAL_TIM_PWM_MspInit
                0x0800217c       0x26 CMakeFiles/gp_mcu2.elf.dir/Core/Src/tim.c.obj
                0x0800217c                HAL_TIM_PWM_MspInit
 *fill*         0x080021a2        0x2 
 .text.HAL_TIM_OnePulse_MspInit
                0x080021a4       0x2c CMakeFiles/gp_mcu2.elf.dir/Core/Src/tim.c.obj
                0x080021a4                HAL_TIM_OnePulse_MspInit
 .text.HAL_TIM_Base_MspInit
                0x080021d0       0x40 CMakeFiles/gp_mcu2.elf.dir/Core/Src/tim.c.obj
                0x080021d0                HAL_TIM_Base_MspInit
 .text.HAL_TIM_MspPostInit
                0x08002210       0x64 CMakeFiles/gp_mcu2.elf.dir/Core/Src/tim.c.obj
                0x08002210                HAL_TIM_MspPostInit
 .text.MX_TIM2_Init
                0x08002274       0x84 CMakeFiles/gp_mcu2.elf.dir/Core/Src/tim.c.obj
                0x08002274                MX_TIM2_Init
 .text.Delay_us
                0x080022f8       0x34 CMakeFiles/gp_mcu2.elf.dir/Core/Src/tim.c.obj
                0x080022f8                Delay_us
 .text.MX_USART1_UART_Init
                0x0800232c       0x34 CMakeFiles/gp_mcu2.elf.dir/Core/Src/usart.c.obj
                0x0800232c                MX_USART1_UART_Init
 .text.MX_USART2_UART_Init
                0x08002360       0x34 CMakeFiles/gp_mcu2.elf.dir/Core/Src/usart.c.obj
                0x08002360                MX_USART2_UART_Init
 .text.HAL_UART_MspInit
                0x08002394      0x11c CMakeFiles/gp_mcu2.elf.dir/Core/Src/usart.c.obj
                0x08002394                HAL_UART_MspInit
 .text._write   0x080024b0       0x18 CMakeFiles/gp_mcu2.elf.dir/Core/Src/usart.c.obj
                0x080024b0                _write
 .text.HAL_InitTick
                0x080024c8       0x4c CMakeFiles/gp_mcu2.elf.dir/Drivers/STM32F1xx_HAL_Driver/Src/stm32f1xx_hal.c.obj
                0x080024c8                HAL_InitTick
 .text.HAL_Init
                0x08002514       0x24 CMakeFiles/gp_mcu2.elf.dir/Drivers/STM32F1xx_HAL_Driver/Src/stm32f1xx_hal.c.obj
                0x08002514                HAL_Init
 .text.HAL_IncTick
                0x08002538       0x18 CMakeFiles/gp_mcu2.elf.dir/Drivers/STM32F1xx_HAL_Driver/Src/stm32f1xx_hal.c.obj
                0x08002538                HAL_IncTick
 .text.HAL_GetTick
                0x08002550        0xc CMakeFiles/gp_mcu2.elf.dir/Drivers/STM32F1xx_HAL_Driver/Src/stm32f1xx_hal.c.obj
                0x08002550                HAL_GetTick
 .text.HAL_Delay
                0x0800255c       0x28 CMakeFiles/gp_mcu2.elf.dir/Drivers/STM32F1xx_HAL_Driver/Src/stm32f1xx_hal.c.obj
                0x0800255c                HAL_Delay
 .text.HAL_ADC_PollForConversion
                0x08002584      0x184 CMakeFiles/gp_mcu2.elf.dir/Drivers/STM32F1xx_HAL_Driver/Src/stm32f1xx_hal_adc.c.obj
                0x08002584                HAL_ADC_PollForConversion
 .text.HAL_ADC_GetValue
                0x08002708        0x6 CMakeFiles/gp_mcu2.elf.dir/Drivers/STM32F1xx_HAL_Driver/Src/stm32f1xx_hal_adc.c.obj
                0x08002708                HAL_ADC_GetValue
 *fill*         0x0800270e        0x2 
 .text.HAL_ADC_ConfigChannel
                0x08002710      0x144 CMakeFiles/gp_mcu2.elf.dir/Drivers/STM32F1xx_HAL_Driver/Src/stm32f1xx_hal_adc.c.obj
                0x08002710                HAL_ADC_ConfigChannel
 .text.ADC_Enable
                0x08002854       0x88 CMakeFiles/gp_mcu2.elf.dir/Drivers/STM32F1xx_HAL_Driver/Src/stm32f1xx_hal_adc.c.obj
                0x08002854                ADC_Enable
 .text.HAL_ADC_Start
                0x080028dc       0xe8 CMakeFiles/gp_mcu2.elf.dir/Drivers/STM32F1xx_HAL_Driver/Src/stm32f1xx_hal_adc.c.obj
                0x080028dc                HAL_ADC_Start
 .text.ADC_ConversionStop_Disable
                0x080029c4       0x56 CMakeFiles/gp_mcu2.elf.dir/Drivers/STM32F1xx_HAL_Driver/Src/stm32f1xx_hal_adc.c.obj
                0x080029c4                ADC_ConversionStop_Disable
 *fill*         0x08002a1a        0x2 
 .text.HAL_ADC_Init
                0x08002a1c      0x108 CMakeFiles/gp_mcu2.elf.dir/Drivers/STM32F1xx_HAL_Driver/Src/stm32f1xx_hal_adc.c.obj
                0x08002a1c                HAL_ADC_Init
 .text.HAL_ADC_Stop
                0x08002b24       0x34 CMakeFiles/gp_mcu2.elf.dir/Drivers/STM32F1xx_HAL_Driver/Src/stm32f1xx_hal_adc.c.obj
                0x08002b24                HAL_ADC_Stop
 .text.HAL_NVIC_SetPriorityGrouping
                0x08002b58       0x24 CMakeFiles/gp_mcu2.elf.dir/Drivers/STM32F1xx_HAL_Driver/Src/stm32f1xx_hal_cortex.c.obj
                0x08002b58                HAL_NVIC_SetPriorityGrouping
 .text.HAL_NVIC_SetPriority
                0x08002b7c       0x70 CMakeFiles/gp_mcu2.elf.dir/Drivers/STM32F1xx_HAL_Driver/Src/stm32f1xx_hal_cortex.c.obj
                0x08002b7c                HAL_NVIC_SetPriority
 .text.HAL_NVIC_EnableIRQ
                0x08002bec       0x1c CMakeFiles/gp_mcu2.elf.dir/Drivers/STM32F1xx_HAL_Driver/Src/stm32f1xx_hal_cortex.c.obj
                0x08002bec                HAL_NVIC_EnableIRQ
 .text.HAL_SYSTICK_Config
                0x08002c08       0x28 CMakeFiles/gp_mcu2.elf.dir/Drivers/STM32F1xx_HAL_Driver/Src/stm32f1xx_hal_cortex.c.obj
                0x08002c08                HAL_SYSTICK_Config
 .text.DMA_SetConfig
                0x08002c30       0x2c CMakeFiles/gp_mcu2.elf.dir/Drivers/STM32F1xx_HAL_Driver/Src/stm32f1xx_hal_dma.c.obj
 .text.HAL_DMA_Init
                0x08002c5c       0x6c CMakeFiles/gp_mcu2.elf.dir/Drivers/STM32F1xx_HAL_Driver/Src/stm32f1xx_hal_dma.c.obj
                0x08002c5c                HAL_DMA_Init
 .text.HAL_DMA_Start_IT
                0x08002cc8       0x74 CMakeFiles/gp_mcu2.elf.dir/Drivers/STM32F1xx_HAL_Driver/Src/stm32f1xx_hal_dma.c.obj
                0x08002cc8                HAL_DMA_Start_IT
 .text.HAL_DMA_Abort
                0x08002d3c       0x44 CMakeFiles/gp_mcu2.elf.dir/Drivers/STM32F1xx_HAL_Driver/Src/stm32f1xx_hal_dma.c.obj
                0x08002d3c                HAL_DMA_Abort
 .text.HAL_DMA_IRQHandler
                0x08002d80      0x144 CMakeFiles/gp_mcu2.elf.dir/Drivers/STM32F1xx_HAL_Driver/Src/stm32f1xx_hal_dma.c.obj
                0x08002d80                HAL_DMA_IRQHandler
 .text.HAL_GPIO_Init
                0x08002ec4      0x224 CMakeFiles/gp_mcu2.elf.dir/Drivers/STM32F1xx_HAL_Driver/Src/stm32f1xx_hal_gpio.c.obj
                0x08002ec4                HAL_GPIO_Init
 .text.HAL_GPIO_ReadPin
                0x080030e8        0xe CMakeFiles/gp_mcu2.elf.dir/Drivers/STM32F1xx_HAL_Driver/Src/stm32f1xx_hal_gpio.c.obj
                0x080030e8                HAL_GPIO_ReadPin
 .text.HAL_GPIO_WritePin
                0x080030f6        0xc CMakeFiles/gp_mcu2.elf.dir/Drivers/STM32F1xx_HAL_Driver/Src/stm32f1xx_hal_gpio.c.obj
                0x080030f6                HAL_GPIO_WritePin
 .text.HAL_GPIO_TogglePin
                0x08003102       0x12 CMakeFiles/gp_mcu2.elf.dir/Drivers/STM32F1xx_HAL_Driver/Src/stm32f1xx_hal_gpio.c.obj
                0x08003102                HAL_GPIO_TogglePin
 .text.I2C_IsAcknowledgeFailed
                0x08003114       0x32 CMakeFiles/gp_mcu2.elf.dir/Drivers/STM32F1xx_HAL_Driver/Src/stm32f1xx_hal_i2c.c.obj
 .text.I2C_WaitOnFlagUntilTimeout
                0x08003146       0x7c CMakeFiles/gp_mcu2.elf.dir/Drivers/STM32F1xx_HAL_Driver/Src/stm32f1xx_hal_i2c.c.obj
 .text.I2C_WaitOnMasterAddressFlagUntilTimeout
                0x080031c2       0xaa CMakeFiles/gp_mcu2.elf.dir/Drivers/STM32F1xx_HAL_Driver/Src/stm32f1xx_hal_i2c.c.obj
 .text.I2C_MasterRequestWrite
                0x0800326c       0xb4 CMakeFiles/gp_mcu2.elf.dir/Drivers/STM32F1xx_HAL_Driver/Src/stm32f1xx_hal_i2c.c.obj
 .text.I2C_MasterRequestRead
                0x08003320      0x120 CMakeFiles/gp_mcu2.elf.dir/Drivers/STM32F1xx_HAL_Driver/Src/stm32f1xx_hal_i2c.c.obj
 .text.I2C_WaitOnTXEFlagUntilTimeout
                0x08003440       0x54 CMakeFiles/gp_mcu2.elf.dir/Drivers/STM32F1xx_HAL_Driver/Src/stm32f1xx_hal_i2c.c.obj
 .text.I2C_WaitOnBTFFlagUntilTimeout
                0x08003494       0x54 CMakeFiles/gp_mcu2.elf.dir/Drivers/STM32F1xx_HAL_Driver/Src/stm32f1xx_hal_i2c.c.obj
 .text.I2C_WaitOnRXNEFlagUntilTimeout
                0x080034e8       0x6a CMakeFiles/gp_mcu2.elf.dir/Drivers/STM32F1xx_HAL_Driver/Src/stm32f1xx_hal_i2c.c.obj
 *fill*         0x08003552        0x2 
 .text.HAL_I2C_Init
                0x08003554      0x1bc CMakeFiles/gp_mcu2.elf.dir/Drivers/STM32F1xx_HAL_Driver/Src/stm32f1xx_hal_i2c.c.obj
                0x08003554                HAL_I2C_Init
 .text.HAL_I2C_Master_Transmit
                0x08003710      0x178 CMakeFiles/gp_mcu2.elf.dir/Drivers/STM32F1xx_HAL_Driver/Src/stm32f1xx_hal_i2c.c.obj
                0x08003710                HAL_I2C_Master_Transmit
 .text.HAL_I2C_Master_Receive
                0x08003888      0x344 CMakeFiles/gp_mcu2.elf.dir/Drivers/STM32F1xx_HAL_Driver/Src/stm32f1xx_hal_i2c.c.obj
                0x08003888                HAL_I2C_Master_Receive
 .text.RCC_Delay
                0x08003bcc       0x2c CMakeFiles/gp_mcu2.elf.dir/Drivers/STM32F1xx_HAL_Driver/Src/stm32f1xx_hal_rcc.c.obj
 .text.HAL_RCC_OscConfig
                0x08003bf8      0x410 CMakeFiles/gp_mcu2.elf.dir/Drivers/STM32F1xx_HAL_Driver/Src/stm32f1xx_hal_rcc.c.obj
                0x08003bf8                HAL_RCC_OscConfig
 .text.HAL_RCC_GetSysClockFreq
                0x08004008       0x70 CMakeFiles/gp_mcu2.elf.dir/Drivers/STM32F1xx_HAL_Driver/Src/stm32f1xx_hal_rcc.c.obj
                0x08004008                HAL_RCC_GetSysClockFreq
 .text.HAL_RCC_ClockConfig
                0x08004078      0x16c CMakeFiles/gp_mcu2.elf.dir/Drivers/STM32F1xx_HAL_Driver/Src/stm32f1xx_hal_rcc.c.obj
                0x08004078                HAL_RCC_ClockConfig
 .text.HAL_RCC_GetHCLKFreq
                0x080041e4        0xc CMakeFiles/gp_mcu2.elf.dir/Drivers/STM32F1xx_HAL_Driver/Src/stm32f1xx_hal_rcc.c.obj
                0x080041e4                HAL_RCC_GetHCLKFreq
 .text.HAL_RCC_GetPCLK1Freq
                0x080041f0       0x20 CMakeFiles/gp_mcu2.elf.dir/Drivers/STM32F1xx_HAL_Driver/Src/stm32f1xx_hal_rcc.c.obj
                0x080041f0                HAL_RCC_GetPCLK1Freq
 .text.HAL_RCC_GetPCLK2Freq
                0x08004210       0x20 CMakeFiles/gp_mcu2.elf.dir/Drivers/STM32F1xx_HAL_Driver/Src/stm32f1xx_hal_rcc.c.obj
                0x08004210                HAL_RCC_GetPCLK2Freq
 .text.HAL_RCCEx_PeriphCLKConfig
                0x08004230      0x118 CMakeFiles/gp_mcu2.elf.dir/Drivers/STM32F1xx_HAL_Driver/Src/stm32f1xx_hal_rcc_ex.c.obj
                0x08004230                HAL_RCCEx_PeriphCLKConfig
 .text.HAL_RCCEx_GetPeriphCLKFreq
                0x08004348      0x100 CMakeFiles/gp_mcu2.elf.dir/Drivers/STM32F1xx_HAL_Driver/Src/stm32f1xx_hal_rcc_ex.c.obj
                0x08004348                HAL_RCCEx_GetPeriphCLKFreq
 .text.TIM_OC1_SetConfig
                0x08004448       0x5c CMakeFiles/gp_mcu2.elf.dir/Drivers/STM32F1xx_HAL_Driver/Src/stm32f1xx_hal_tim.c.obj
 .text.TIM_OC3_SetConfig
                0x080044a4       0x64 CMakeFiles/gp_mcu2.elf.dir/Drivers/STM32F1xx_HAL_Driver/Src/stm32f1xx_hal_tim.c.obj
 .text.TIM_OC4_SetConfig
                0x08004508       0x48 CMakeFiles/gp_mcu2.elf.dir/Drivers/STM32F1xx_HAL_Driver/Src/stm32f1xx_hal_tim.c.obj
 .text.TIM_TI1_ConfigInputStage
                0x08004550       0x24 CMakeFiles/gp_mcu2.elf.dir/Drivers/STM32F1xx_HAL_Driver/Src/stm32f1xx_hal_tim.c.obj
 .text.TIM_TI2_ConfigInputStage
                0x08004574       0x26 CMakeFiles/gp_mcu2.elf.dir/Drivers/STM32F1xx_HAL_Driver/Src/stm32f1xx_hal_tim.c.obj
 .text.TIM_ITRx_SetConfig
                0x0800459a       0x10 CMakeFiles/gp_mcu2.elf.dir/Drivers/STM32F1xx_HAL_Driver/Src/stm32f1xx_hal_tim.c.obj
 *fill*         0x080045aa        0x2 
 .text.HAL_TIM_Base_Start
                0x080045ac       0x5c CMakeFiles/gp_mcu2.elf.dir/Drivers/STM32F1xx_HAL_Driver/Src/stm32f1xx_hal_tim.c.obj
                0x080045ac                HAL_TIM_Base_Start
 .text.HAL_TIM_Base_Stop
                0x08004608       0x28 CMakeFiles/gp_mcu2.elf.dir/Drivers/STM32F1xx_HAL_Driver/Src/stm32f1xx_hal_tim.c.obj
                0x08004608                HAL_TIM_Base_Stop
 .text.HAL_TIM_Base_Start_IT
                0x08004630       0x68 CMakeFiles/gp_mcu2.elf.dir/Drivers/STM32F1xx_HAL_Driver/Src/stm32f1xx_hal_tim.c.obj
                0x08004630                HAL_TIM_Base_Start_IT
 .text.HAL_TIM_OC_DelayElapsedCallback
                0x08004698        0x2 CMakeFiles/gp_mcu2.elf.dir/Drivers/STM32F1xx_HAL_Driver/Src/stm32f1xx_hal_tim.c.obj
                0x08004698                HAL_TIM_OC_DelayElapsedCallback
 .text.HAL_TIM_IC_CaptureCallback
                0x0800469a        0x2 CMakeFiles/gp_mcu2.elf.dir/Drivers/STM32F1xx_HAL_Driver/Src/stm32f1xx_hal_tim.c.obj
                0x0800469a                HAL_TIM_IC_CaptureCallback
 .text.HAL_TIM_PWM_PulseFinishedCallback
                0x0800469c        0x2 CMakeFiles/gp_mcu2.elf.dir/Drivers/STM32F1xx_HAL_Driver/Src/stm32f1xx_hal_tim.c.obj
                0x0800469c                HAL_TIM_PWM_PulseFinishedCallback
 .text.HAL_TIM_TriggerCallback
                0x0800469e        0x2 CMakeFiles/gp_mcu2.elf.dir/Drivers/STM32F1xx_HAL_Driver/Src/stm32f1xx_hal_tim.c.obj
                0x0800469e                HAL_TIM_TriggerCallback
 .text.HAL_TIM_IRQHandler
                0x080046a0      0x17a CMakeFiles/gp_mcu2.elf.dir/Drivers/STM32F1xx_HAL_Driver/Src/stm32f1xx_hal_tim.c.obj
                0x080046a0                HAL_TIM_IRQHandler
 *fill*         0x0800481a        0x2 
 .text.TIM_Base_SetConfig
                0x0800481c       0x74 CMakeFiles/gp_mcu2.elf.dir/Drivers/STM32F1xx_HAL_Driver/Src/stm32f1xx_hal_tim.c.obj
                0x0800481c                TIM_Base_SetConfig
 .text.HAL_TIM_Base_Init
                0x08004890       0x58 CMakeFiles/gp_mcu2.elf.dir/Drivers/STM32F1xx_HAL_Driver/Src/stm32f1xx_hal_tim.c.obj
                0x08004890                HAL_TIM_Base_Init
 .text.HAL_TIM_PWM_Init
                0x080048e8       0x58 CMakeFiles/gp_mcu2.elf.dir/Drivers/STM32F1xx_HAL_Driver/Src/stm32f1xx_hal_tim.c.obj
                0x080048e8                HAL_TIM_PWM_Init
 .text.HAL_TIM_OnePulse_Init
                0x08004940       0x5c CMakeFiles/gp_mcu2.elf.dir/Drivers/STM32F1xx_HAL_Driver/Src/stm32f1xx_hal_tim.c.obj
                0x08004940                HAL_TIM_OnePulse_Init
 .text.TIM_OC2_SetConfig
                0x0800499c       0x64 CMakeFiles/gp_mcu2.elf.dir/Drivers/STM32F1xx_HAL_Driver/Src/stm32f1xx_hal_tim.c.obj
                0x0800499c                TIM_OC2_SetConfig
 .text.HAL_TIM_PWM_ConfigChannel
                0x08004a00       0xd0 CMakeFiles/gp_mcu2.elf.dir/Drivers/STM32F1xx_HAL_Driver/Src/stm32f1xx_hal_tim.c.obj
                0x08004a00                HAL_TIM_PWM_ConfigChannel
 .text.TIM_ETR_SetConfig
                0x08004ad0       0x18 CMakeFiles/gp_mcu2.elf.dir/Drivers/STM32F1xx_HAL_Driver/Src/stm32f1xx_hal_tim.c.obj
                0x08004ad0                TIM_ETR_SetConfig
 .text.HAL_TIM_ConfigClockSource
                0x08004ae8       0xda CMakeFiles/gp_mcu2.elf.dir/Drivers/STM32F1xx_HAL_Driver/Src/stm32f1xx_hal_tim.c.obj
                0x08004ae8                HAL_TIM_ConfigClockSource
 .text.TIM_CCxChannelCmd
                0x08004bc2       0x1e CMakeFiles/gp_mcu2.elf.dir/Drivers/STM32F1xx_HAL_Driver/Src/stm32f1xx_hal_tim.c.obj
                0x08004bc2                TIM_CCxChannelCmd
 .text.HAL_TIM_PWM_Start
                0x08004be0       0xdc CMakeFiles/gp_mcu2.elf.dir/Drivers/STM32F1xx_HAL_Driver/Src/stm32f1xx_hal_tim.c.obj
                0x08004be0                HAL_TIM_PWM_Start
 .text.HAL_TIMEx_MasterConfigSynchronization
                0x08004cbc       0x6c CMakeFiles/gp_mcu2.elf.dir/Drivers/STM32F1xx_HAL_Driver/Src/stm32f1xx_hal_tim_ex.c.obj
                0x08004cbc                HAL_TIMEx_MasterConfigSynchronization
 .text.HAL_TIMEx_CommutCallback
                0x08004d28        0x2 CMakeFiles/gp_mcu2.elf.dir/Drivers/STM32F1xx_HAL_Driver/Src/stm32f1xx_hal_tim_ex.c.obj
                0x08004d28                HAL_TIMEx_CommutCallback
 .text.HAL_TIMEx_BreakCallback
                0x08004d2a        0x2 CMakeFiles/gp_mcu2.elf.dir/Drivers/STM32F1xx_HAL_Driver/Src/stm32f1xx_hal_tim_ex.c.obj
                0x08004d2a                HAL_TIMEx_BreakCallback
 .text.UART_EndTxTransfer
                0x08004d2c       0x12 CMakeFiles/gp_mcu2.elf.dir/Drivers/STM32F1xx_HAL_Driver/Src/stm32f1xx_hal_uart.c.obj
 .text.UART_EndRxTransfer
                0x08004d3e       0x32 CMakeFiles/gp_mcu2.elf.dir/Drivers/STM32F1xx_HAL_Driver/Src/stm32f1xx_hal_uart.c.obj
 .text.UART_SetConfig
                0x08004d70       0x94 CMakeFiles/gp_mcu2.elf.dir/Drivers/STM32F1xx_HAL_Driver/Src/stm32f1xx_hal_uart.c.obj
 .text.UART_WaitOnFlagUntilTimeout
                0x08004e04       0x6c CMakeFiles/gp_mcu2.elf.dir/Drivers/STM32F1xx_HAL_Driver/Src/stm32f1xx_hal_uart.c.obj
 .text.HAL_UART_Init
                0x08004e70       0x5e CMakeFiles/gp_mcu2.elf.dir/Drivers/STM32F1xx_HAL_Driver/Src/stm32f1xx_hal_uart.c.obj
                0x08004e70                HAL_UART_Init
 .text.HAL_UART_Transmit
                0x08004ece       0xd8 CMakeFiles/gp_mcu2.elf.dir/Drivers/STM32F1xx_HAL_Driver/Src/stm32f1xx_hal_uart.c.obj
                0x08004ece                HAL_UART_Transmit
 .text.HAL_UART_DMAStop
                0x08004fa6       0x64 CMakeFiles/gp_mcu2.elf.dir/Drivers/STM32F1xx_HAL_Driver/Src/stm32f1xx_hal_uart.c.obj
                0x08004fa6                HAL_UART_DMAStop
 .text.HAL_UART_RxCpltCallback
                0x0800500a        0x2 CMakeFiles/gp_mcu2.elf.dir/Drivers/STM32F1xx_HAL_Driver/Src/stm32f1xx_hal_uart.c.obj
                0x0800500a                HAL_UART_RxCpltCallback
 .text.HAL_UART_RxHalfCpltCallback
                0x0800500c        0x2 CMakeFiles/gp_mcu2.elf.dir/Drivers/STM32F1xx_HAL_Driver/Src/stm32f1xx_hal_uart.c.obj
                0x0800500c                HAL_UART_RxHalfCpltCallback
 .text.HAL_UART_ErrorCallback
                0x0800500e        0x2 CMakeFiles/gp_mcu2.elf.dir/Drivers/STM32F1xx_HAL_Driver/Src/stm32f1xx_hal_uart.c.obj
                0x0800500e                HAL_UART_ErrorCallback
 .text.UART_DMAError
                0x08005010       0x58 CMakeFiles/gp_mcu2.elf.dir/Drivers/STM32F1xx_HAL_Driver/Src/stm32f1xx_hal_uart.c.obj
 .text.HAL_UARTEx_RxEventCallback
                0x08005068        0x2 CMakeFiles/gp_mcu2.elf.dir/Drivers/STM32F1xx_HAL_Driver/Src/stm32f1xx_hal_uart.c.obj
                0x08005068                HAL_UARTEx_RxEventCallback
 .text.UART_DMARxHalfCplt
                0x0800506a       0x1a CMakeFiles/gp_mcu2.elf.dir/Drivers/STM32F1xx_HAL_Driver/Src/stm32f1xx_hal_uart.c.obj
 .text.UART_DMAReceiveCplt
                0x08005084       0x5e CMakeFiles/gp_mcu2.elf.dir/Drivers/STM32F1xx_HAL_Driver/Src/stm32f1xx_hal_uart.c.obj
 *fill*         0x080050e2        0x2 
 .text.UART_Start_Receive_DMA
                0x080050e4       0x78 CMakeFiles/gp_mcu2.elf.dir/Drivers/STM32F1xx_HAL_Driver/Src/stm32f1xx_hal_uart.c.obj
                0x080050e4                UART_Start_Receive_DMA
 .text.HAL_UART_Receive_DMA
                0x0800515c       0x38 CMakeFiles/gp_mcu2.elf.dir/Drivers/STM32F1xx_HAL_Driver/Src/stm32f1xx_hal_uart.c.obj
                0x0800515c                HAL_UART_Receive_DMA
 .text.Reset_Handler
                0x08005194       0x48 CMakeFiles/gp_mcu2.elf.dir/startup/startup_stm32f103xb.s.obj
                0x08005194                Reset_Handler
 .text.Default_Handler
                0x080051dc        0x2 CMakeFiles/gp_mcu2.elf.dir/startup/startup_stm32f103xb.s.obj
                0x080051dc                RTC_Alarm_IRQHandler
                0x080051dc                EXTI2_IRQHandler
                0x080051dc                TIM1_CC_IRQHandler
                0x080051dc                PVD_IRQHandler
                0x080051dc                EXTI3_IRQHandler
                0x080051dc                EXTI0_IRQHandler
                0x080051dc                I2C2_EV_IRQHandler
                0x080051dc                ADC1_2_IRQHandler
                0x080051dc                SPI1_IRQHandler
                0x080051dc                TAMPER_IRQHandler
                0x080051dc                DMA1_Channel4_IRQHandler
                0x080051dc                USART3_IRQHandler
                0x080051dc                RTC_IRQHandler
                0x080051dc                DMA1_Channel7_IRQHandler
                0x080051dc                CAN1_RX1_IRQHandler
                0x080051dc                I2C1_EV_IRQHandler
                0x080051dc                TIM3_IRQHandler
                0x080051dc                RCC_IRQHandler
                0x080051dc                TIM1_TRG_COM_IRQHandler
                0x080051dc                DMA1_Channel1_IRQHandler
                0x080051dc                Default_Handler
                0x080051dc                EXTI15_10_IRQHandler
                0x080051dc                EXTI9_5_IRQHandler
                0x080051dc                SPI2_IRQHandler
                0x080051dc                DMA1_Channel5_IRQHandler
                0x080051dc                EXTI4_IRQHandler
                0x080051dc                USB_LP_CAN1_RX0_IRQHandler
                0x080051dc                USB_HP_CAN1_TX_IRQHandler
                0x080051dc                DMA1_Channel3_IRQHandler
                0x080051dc                TIM1_UP_IRQHandler
                0x080051dc                WWDG_IRQHandler
                0x080051dc                TIM2_IRQHandler
                0x080051dc                TIM1_BRK_IRQHandler
                0x080051dc                EXTI1_IRQHandler
                0x080051dc                I2C2_ER_IRQHandler
                0x080051dc                DMA1_Channel2_IRQHandler
                0x080051dc                CAN1_SCE_IRQHandler
                0x080051dc                FLASH_IRQHandler
                0x080051dc                USART1_IRQHandler
                0x080051dc                I2C1_ER_IRQHandler
                0x080051dc                USBWakeUp_IRQHandler
 *fill*         0x080051de        0x2 
 .text.__errno  0x080051e0        0xc e:/developmentenvironment/gcc-arm-none-eabi/bin/../lib/gcc/arm-none-eabi/10.3.1/../../../../arm-none-eabi/lib/thumb/v7-m/nofp\libg.a(lib_a-errno.o)
                0x080051e0                __errno
 .text.__libc_init_array
                0x080051ec       0x48 e:/developmentenvironment/gcc-arm-none-eabi/bin/../lib/gcc/arm-none-eabi/10.3.1/../../../../arm-none-eabi/lib/thumb/v7-m/nofp\libg.a(lib_a-init.o)
                0x080051ec                __libc_init_array
 .text.memset   0x08005234       0xa4 e:/developmentenvironment/gcc-arm-none-eabi/bin/../lib/gcc/arm-none-eabi/10.3.1/../../../../arm-none-eabi/lib/thumb/v7-m/nofp\libg.a(lib_a-memset.o)
                0x08005234                memset
 .text.printf   0x080052d8       0x28 e:/developmentenvironment/gcc-arm-none-eabi/bin/../lib/gcc/arm-none-eabi/10.3.1/../../../../arm-none-eabi/lib/thumb/v7-m/nofp\libg.a(lib_a-printf.o)
                0x080052d8                printf
 .text._puts_r  0x08005300       0x9c e:/developmentenvironment/gcc-arm-none-eabi/bin/../lib/gcc/arm-none-eabi/10.3.1/../../../../arm-none-eabi/lib/thumb/v7-m/nofp\libg.a(lib_a-puts.o)
                0x08005300                _puts_r
 .text.puts     0x0800539c       0x10 e:/developmentenvironment/gcc-arm-none-eabi/bin/../lib/gcc/arm-none-eabi/10.3.1/../../../../arm-none-eabi/lib/thumb/v7-m/nofp\libg.a(lib_a-puts.o)
                0x0800539c                puts
 .text.strlen   0x080053ac       0x5c e:/developmentenvironment/gcc-arm-none-eabi/bin/../lib/gcc/arm-none-eabi/10.3.1/../../../../arm-none-eabi/lib/thumb/v7-m/nofp\libg.a(lib_a-strlen-stub.o)
                0x080053ac                strlen
 .text._vfprintf_r
                0x08005408     0x1b58 e:/developmentenvironment/gcc-arm-none-eabi/bin/../lib/gcc/arm-none-eabi/10.3.1/../../../../arm-none-eabi/lib/thumb/v7-m/nofp\libg.a(lib_a-vfprintf.o)
                0x08005408                _vfprintf_r
 .text.__sbprintf
                0x08006f60       0x84 e:/developmentenvironment/gcc-arm-none-eabi/bin/../lib/gcc/arm-none-eabi/10.3.1/../../../../arm-none-eabi/lib/thumb/v7-m/nofp\libg.a(lib_a-vfprintf.o)
 .text.__swsetup_r
                0x08006fe4       0xd4 e:/developmentenvironment/gcc-arm-none-eabi/bin/../lib/gcc/arm-none-eabi/10.3.1/../../../../arm-none-eabi/lib/thumb/v7-m/nofp\libg.a(lib_a-wsetup.o)
                0x08006fe4                __swsetup_r
 .text.startup.register_fini
                0x080070b8       0x14 e:/developmentenvironment/gcc-arm-none-eabi/bin/../lib/gcc/arm-none-eabi/10.3.1/../../../../arm-none-eabi/lib/thumb/v7-m/nofp\libg.a(lib_a-__call_atexit.o)
 .text.atexit   0x080070cc        0xc e:/developmentenvironment/gcc-arm-none-eabi/bin/../lib/gcc/arm-none-eabi/10.3.1/../../../../arm-none-eabi/lib/thumb/v7-m/nofp\libg.a(lib_a-atexit.o)
                0x080070cc                atexit
 .text.quorem   0x080070d8      0x12c e:/developmentenvironment/gcc-arm-none-eabi/bin/../lib/gcc/arm-none-eabi/10.3.1/../../../../arm-none-eabi/lib/thumb/v7-m/nofp\libg.a(lib_a-dtoa.o)
 *fill*         0x08007204        0x4 
 .text._dtoa_r  0x08007208      0xecc e:/developmentenvironment/gcc-arm-none-eabi/bin/../lib/gcc/arm-none-eabi/10.3.1/../../../../arm-none-eabi/lib/thumb/v7-m/nofp\libg.a(lib_a-dtoa.o)
                0x08007208                _dtoa_r
 .text.__sflush_r
                0x080080d4      0x124 e:/developmentenvironment/gcc-arm-none-eabi/bin/../lib/gcc/arm-none-eabi/10.3.1/../../../../arm-none-eabi/lib/thumb/v7-m/nofp\libg.a(lib_a-fflush.o)
                0x080080d4                __sflush_r
 .text._fflush_r
                0x080081f8       0x5c e:/developmentenvironment/gcc-arm-none-eabi/bin/../lib/gcc/arm-none-eabi/10.3.1/../../../../arm-none-eabi/lib/thumb/v7-m/nofp\libg.a(lib_a-fflush.o)
                0x080081f8                _fflush_r
 .text._cleanup_r
                0x08008254        0xc e:/developmentenvironment/gcc-arm-none-eabi/bin/../lib/gcc/arm-none-eabi/10.3.1/../../../../arm-none-eabi/lib/thumb/v7-m/nofp\libg.a(lib_a-findfp.o)
                0x08008254                _cleanup_r
 .text.__sinit  0x08008260      0x10c e:/developmentenvironment/gcc-arm-none-eabi/bin/../lib/gcc/arm-none-eabi/10.3.1/../../../../arm-none-eabi/lib/thumb/v7-m/nofp\libg.a(lib_a-findfp.o)
                0x08008260                __sinit
 .text.__sfp_lock_acquire
                0x0800836c        0xc e:/developmentenvironment/gcc-arm-none-eabi/bin/../lib/gcc/arm-none-eabi/10.3.1/../../../../arm-none-eabi/lib/thumb/v7-m/nofp\libg.a(lib_a-findfp.o)
                0x0800836c                __sfp_lock_acquire
 .text.__sfp_lock_release
                0x08008378        0xc e:/developmentenvironment/gcc-arm-none-eabi/bin/../lib/gcc/arm-none-eabi/10.3.1/../../../../arm-none-eabi/lib/thumb/v7-m/nofp\libg.a(lib_a-findfp.o)
                0x08008378                __sfp_lock_release
 .text.__libc_fini_array
                0x08008384       0x2c e:/developmentenvironment/gcc-arm-none-eabi/bin/../lib/gcc/arm-none-eabi/10.3.1/../../../../arm-none-eabi/lib/thumb/v7-m/nofp\libg.a(lib_a-fini.o)
                0x08008384                __libc_fini_array
 .text._malloc_trim_r
                0x080083b0       0xa0 e:/developmentenvironment/gcc-arm-none-eabi/bin/../lib/gcc/arm-none-eabi/10.3.1/../../../../arm-none-eabi/lib/thumb/v7-m/nofp\libg.a(lib_a-freer.o)
                0x080083b0                _malloc_trim_r
 .text._free_r  0x08008450      0x200 e:/developmentenvironment/gcc-arm-none-eabi/bin/../lib/gcc/arm-none-eabi/10.3.1/../../../../arm-none-eabi/lib/thumb/v7-m/nofp\libg.a(lib_a-freer.o)
                0x08008450                _free_r
 .text.__sfvwrite_r
                0x08008650      0x2f0 e:/developmentenvironment/gcc-arm-none-eabi/bin/../lib/gcc/arm-none-eabi/10.3.1/../../../../arm-none-eabi/lib/thumb/v7-m/nofp\libg.a(lib_a-fvwrite.o)
                0x08008650                __sfvwrite_r
 .text._fwalk_reent
                0x08008940       0x48 e:/developmentenvironment/gcc-arm-none-eabi/bin/../lib/gcc/arm-none-eabi/10.3.1/../../../../arm-none-eabi/lib/thumb/v7-m/nofp\libg.a(lib_a-fwalk.o)
                0x08008940                _fwalk_reent
 .text._localeconv_r
                0x08008988        0x8 e:/developmentenvironment/gcc-arm-none-eabi/bin/../lib/gcc/arm-none-eabi/10.3.1/../../../../arm-none-eabi/lib/thumb/v7-m/nofp\libg.a(lib_a-localeconv.o)
                0x08008988                _localeconv_r
 .text.__retarget_lock_init_recursive
                0x08008990        0x4 e:/developmentenvironment/gcc-arm-none-eabi/bin/../lib/gcc/arm-none-eabi/10.3.1/../../../../arm-none-eabi/lib/thumb/v7-m/nofp\libg.a(lib_a-lock.o)
                0x08008990                __retarget_lock_init_recursive
 .text.__retarget_lock_close_recursive
                0x08008994        0x4 e:/developmentenvironment/gcc-arm-none-eabi/bin/../lib/gcc/arm-none-eabi/10.3.1/../../../../arm-none-eabi/lib/thumb/v7-m/nofp\libg.a(lib_a-lock.o)
                0x08008994                __retarget_lock_close_recursive
 .text.__retarget_lock_acquire_recursive
                0x08008998        0x4 e:/developmentenvironment/gcc-arm-none-eabi/bin/../lib/gcc/arm-none-eabi/10.3.1/../../../../arm-none-eabi/lib/thumb/v7-m/nofp\libg.a(lib_a-lock.o)
                0x08008998                __retarget_lock_acquire_recursive
 .text.__retarget_lock_release_recursive
                0x0800899c        0x4 e:/developmentenvironment/gcc-arm-none-eabi/bin/../lib/gcc/arm-none-eabi/10.3.1/../../../../arm-none-eabi/lib/thumb/v7-m/nofp\libg.a(lib_a-lock.o)
                0x0800899c                __retarget_lock_release_recursive
 .text.__smakebuf_r
                0x080089a0       0xe0 e:/developmentenvironment/gcc-arm-none-eabi/bin/../lib/gcc/arm-none-eabi/10.3.1/../../../../arm-none-eabi/lib/thumb/v7-m/nofp\libg.a(lib_a-makebuf.o)
                0x080089a0                __smakebuf_r
 .text._malloc_r
                0x08008a80      0x558 e:/developmentenvironment/gcc-arm-none-eabi/bin/../lib/gcc/arm-none-eabi/10.3.1/../../../../arm-none-eabi/lib/thumb/v7-m/nofp\libg.a(lib_a-mallocr.o)
                0x08008a80                _malloc_r
 .text.memchr   0x08008fd8       0x90 e:/developmentenvironment/gcc-arm-none-eabi/bin/../lib/gcc/arm-none-eabi/10.3.1/../../../../arm-none-eabi/lib/thumb/v7-m/nofp\libg.a(lib_a-memchr-stub.o)
                0x08008fd8                memchr
 .text.memmove  0x08009068       0xf8 e:/developmentenvironment/gcc-arm-none-eabi/bin/../lib/gcc/arm-none-eabi/10.3.1/../../../../arm-none-eabi/lib/thumb/v7-m/nofp\libg.a(lib_a-memmove.o)
                0x08009068                memmove
 .text.__malloc_lock
                0x08009160        0xc e:/developmentenvironment/gcc-arm-none-eabi/bin/../lib/gcc/arm-none-eabi/10.3.1/../../../../arm-none-eabi/lib/thumb/v7-m/nofp\libg.a(lib_a-mlock.o)
                0x08009160                __malloc_lock
 .text.__malloc_unlock
                0x0800916c        0xc e:/developmentenvironment/gcc-arm-none-eabi/bin/../lib/gcc/arm-none-eabi/10.3.1/../../../../arm-none-eabi/lib/thumb/v7-m/nofp\libg.a(lib_a-mlock.o)
                0x0800916c                __malloc_unlock
 .text._Balloc  0x08009178       0x4c e:/developmentenvironment/gcc-arm-none-eabi/bin/../lib/gcc/arm-none-eabi/10.3.1/../../../../arm-none-eabi/lib/thumb/v7-m/nofp\libg.a(lib_a-mprec.o)
                0x08009178                _Balloc
 .text._Bfree   0x080091c4       0x14 e:/developmentenvironment/gcc-arm-none-eabi/bin/../lib/gcc/arm-none-eabi/10.3.1/../../../../arm-none-eabi/lib/thumb/v7-m/nofp\libg.a(lib_a-mprec.o)
                0x080091c4                _Bfree
 .text.__multadd
                0x080091d8       0xa4 e:/developmentenvironment/gcc-arm-none-eabi/bin/../lib/gcc/arm-none-eabi/10.3.1/../../../../arm-none-eabi/lib/thumb/v7-m/nofp\libg.a(lib_a-mprec.o)
                0x080091d8                __multadd
 .text.__hi0bits
                0x0800927c       0x40 e:/developmentenvironment/gcc-arm-none-eabi/bin/../lib/gcc/arm-none-eabi/10.3.1/../../../../arm-none-eabi/lib/thumb/v7-m/nofp\libg.a(lib_a-mprec.o)
                0x0800927c                __hi0bits
 .text.__lo0bits
                0x080092bc       0x58 e:/developmentenvironment/gcc-arm-none-eabi/bin/../lib/gcc/arm-none-eabi/10.3.1/../../../../arm-none-eabi/lib/thumb/v7-m/nofp\libg.a(lib_a-mprec.o)
                0x080092bc                __lo0bits
 .text.__i2b    0x08009314       0x5c e:/developmentenvironment/gcc-arm-none-eabi/bin/../lib/gcc/arm-none-eabi/10.3.1/../../../../arm-none-eabi/lib/thumb/v7-m/nofp\libg.a(lib_a-mprec.o)
                0x08009314                __i2b
 .text.__multiply
                0x08009370      0x15c e:/developmentenvironment/gcc-arm-none-eabi/bin/../lib/gcc/arm-none-eabi/10.3.1/../../../../arm-none-eabi/lib/thumb/v7-m/nofp\libg.a(lib_a-mprec.o)
                0x08009370                __multiply
 .text.__pow5mult
                0x080094cc       0xb8 e:/developmentenvironment/gcc-arm-none-eabi/bin/../lib/gcc/arm-none-eabi/10.3.1/../../../../arm-none-eabi/lib/thumb/v7-m/nofp\libg.a(lib_a-mprec.o)
                0x080094cc                __pow5mult
 .text.__lshift
                0x08009584       0xec e:/developmentenvironment/gcc-arm-none-eabi/bin/../lib/gcc/arm-none-eabi/10.3.1/../../../../arm-none-eabi/lib/thumb/v7-m/nofp\libg.a(lib_a-mprec.o)
                0x08009584                __lshift
 .text.__mcmp   0x08009670       0x40 e:/developmentenvironment/gcc-arm-none-eabi/bin/../lib/gcc/arm-none-eabi/10.3.1/../../../../arm-none-eabi/lib/thumb/v7-m/nofp\libg.a(lib_a-mprec.o)
                0x08009670                __mcmp
 .text.__mdiff  0x080096b0      0x14c e:/developmentenvironment/gcc-arm-none-eabi/bin/../lib/gcc/arm-none-eabi/10.3.1/../../../../arm-none-eabi/lib/thumb/v7-m/nofp\libg.a(lib_a-mprec.o)
                0x080096b0                __mdiff
 .text.__d2b    0x080097fc       0xc4 e:/developmentenvironment/gcc-arm-none-eabi/bin/../lib/gcc/arm-none-eabi/10.3.1/../../../../arm-none-eabi/lib/thumb/v7-m/nofp\libg.a(lib_a-mprec.o)
                0x080097fc                __d2b
 .text._realloc_r
                0x080098c0      0x3dc e:/developmentenvironment/gcc-arm-none-eabi/bin/../lib/gcc/arm-none-eabi/10.3.1/../../../../arm-none-eabi/lib/thumb/v7-m/nofp\libg.a(lib_a-reallocr.o)
                0x080098c0                _realloc_r
 .text.frexp    0x08009c9c       0x70 e:/developmentenvironment/gcc-arm-none-eabi/bin/../lib/gcc/arm-none-eabi/10.3.1/../../../../arm-none-eabi/lib/thumb/v7-m/nofp\libg.a(lib_a-s_frexp.o)
                0x08009c9c                frexp
 .text._sbrk_r  0x08009d0c       0x24 e:/developmentenvironment/gcc-arm-none-eabi/bin/../lib/gcc/arm-none-eabi/10.3.1/../../../../arm-none-eabi/lib/thumb/v7-m/nofp\libg.a(lib_a-sbrkr.o)
                0x08009d0c                _sbrk_r
 .text.__sread  0x08009d30       0x24 e:/developmentenvironment/gcc-arm-none-eabi/bin/../lib/gcc/arm-none-eabi/10.3.1/../../../../arm-none-eabi/lib/thumb/v7-m/nofp\libg.a(lib_a-stdio.o)
                0x08009d30                __sread
 .text.__swrite
                0x08009d54       0x40 e:/developmentenvironment/gcc-arm-none-eabi/bin/../lib/gcc/arm-none-eabi/10.3.1/../../../../arm-none-eabi/lib/thumb/v7-m/nofp\libg.a(lib_a-stdio.o)
                0x08009d54                __swrite
 .text.__sseek  0x08009d94       0x20 e:/developmentenvironment/gcc-arm-none-eabi/bin/../lib/gcc/arm-none-eabi/10.3.1/../../../../arm-none-eabi/lib/thumb/v7-m/nofp\libg.a(lib_a-stdio.o)
                0x08009d94                __sseek
 .text.__sclose
                0x08009db4        0x8 e:/developmentenvironment/gcc-arm-none-eabi/bin/../lib/gcc/arm-none-eabi/10.3.1/../../../../arm-none-eabi/lib/thumb/v7-m/nofp\libg.a(lib_a-stdio.o)
                0x08009db4                __sclose
 .text.strncpy  0x08009dbc       0x68 e:/developmentenvironment/gcc-arm-none-eabi/bin/../lib/gcc/arm-none-eabi/10.3.1/../../../../arm-none-eabi/lib/thumb/v7-m/nofp\libg.a(lib_a-strncpy.o)
                0x08009dbc                strncpy
 .text.__sprint_r.part.0
                0x08009e24       0x78 e:/developmentenvironment/gcc-arm-none-eabi/bin/../lib/gcc/arm-none-eabi/10.3.1/../../../../arm-none-eabi/lib/thumb/v7-m/nofp\libg.a(lib_a-vfiprintf.o)
 .text.__sprint_r
                0x08009e9c       0x14 e:/developmentenvironment/gcc-arm-none-eabi/bin/../lib/gcc/arm-none-eabi/10.3.1/../../../../arm-none-eabi/lib/thumb/v7-m/nofp\libg.a(lib_a-vfiprintf.o)
                0x08009e9c                __sprint_r
 .text._vfiprintf_r
                0x08009eb0      0xd98 e:/developmentenvironment/gcc-arm-none-eabi/bin/../lib/gcc/arm-none-eabi/10.3.1/../../../../arm-none-eabi/lib/thumb/v7-m/nofp\libg.a(lib_a-vfiprintf.o)
                0x08009eb0                _vfiprintf_r
 .text.__sbprintf
                0x0800ac48       0x84 e:/developmentenvironment/gcc-arm-none-eabi/bin/../lib/gcc/arm-none-eabi/10.3.1/../../../../arm-none-eabi/lib/thumb/v7-m/nofp\libg.a(lib_a-vfiprintf.o)
 .text._write_r
                0x0800accc       0x2c e:/developmentenvironment/gcc-arm-none-eabi/bin/../lib/gcc/arm-none-eabi/10.3.1/../../../../arm-none-eabi/lib/thumb/v7-m/nofp\libg.a(lib_a-writer.o)
                0x0800accc                _write_r
 .text.__register_exitproc
                0x0800acf8       0x8c e:/developmentenvironment/gcc-arm-none-eabi/bin/../lib/gcc/arm-none-eabi/10.3.1/../../../../arm-none-eabi/lib/thumb/v7-m/nofp\libg.a(lib_a-__atexit.o)
                0x0800acf8                __register_exitproc
 .text.__assert_func
                0x0800ad84       0x40 e:/developmentenvironment/gcc-arm-none-eabi/bin/../lib/gcc/arm-none-eabi/10.3.1/../../../../arm-none-eabi/lib/thumb/v7-m/nofp\libg.a(lib_a-assert.o)
                0x0800ad84                __assert_func
 .text._calloc_r
                0x0800adc4       0x78 e:/developmentenvironment/gcc-arm-none-eabi/bin/../lib/gcc/arm-none-eabi/10.3.1/../../../../arm-none-eabi/lib/thumb/v7-m/nofp\libg.a(lib_a-callocr.o)
                0x0800adc4                _calloc_r
 .text._close_r
                0x0800ae3c       0x24 e:/developmentenvironment/gcc-arm-none-eabi/bin/../lib/gcc/arm-none-eabi/10.3.1/../../../../arm-none-eabi/lib/thumb/v7-m/nofp\libg.a(lib_a-closer.o)
                0x0800ae3c                _close_r
 .text._fclose_r
                0x0800ae60       0xcc e:/developmentenvironment/gcc-arm-none-eabi/bin/../lib/gcc/arm-none-eabi/10.3.1/../../../../arm-none-eabi/lib/thumb/v7-m/nofp\libg.a(lib_a-fclose.o)
                0x0800ae60                _fclose_r
 .text.fiprintf
                0x0800af2c       0x28 e:/developmentenvironment/gcc-arm-none-eabi/bin/../lib/gcc/arm-none-eabi/10.3.1/../../../../arm-none-eabi/lib/thumb/v7-m/nofp\libg.a(lib_a-fiprintf.o)
                0x0800af2c                fiprintf
 .text.__fputwc
                0x0800af54       0xa0 e:/developmentenvironment/gcc-arm-none-eabi/bin/../lib/gcc/arm-none-eabi/10.3.1/../../../../arm-none-eabi/lib/thumb/v7-m/nofp\libg.a(lib_a-fputwc.o)
                0x0800af54                __fputwc
 .text._fputwc_r
                0x0800aff4       0x68 e:/developmentenvironment/gcc-arm-none-eabi/bin/../lib/gcc/arm-none-eabi/10.3.1/../../../../arm-none-eabi/lib/thumb/v7-m/nofp\libg.a(lib_a-fputwc.o)
                0x0800aff4                _fputwc_r
 .text._fstat_r
                0x0800b05c       0x28 e:/developmentenvironment/gcc-arm-none-eabi/bin/../lib/gcc/arm-none-eabi/10.3.1/../../../../arm-none-eabi/lib/thumb/v7-m/nofp\libg.a(lib_a-fstatr.o)
                0x0800b05c                _fstat_r
 .text._isatty_r
                0x0800b084       0x24 e:/developmentenvironment/gcc-arm-none-eabi/bin/../lib/gcc/arm-none-eabi/10.3.1/../../../../arm-none-eabi/lib/thumb/v7-m/nofp\libg.a(lib_a-isattyr.o)
                0x0800b084                _isatty_r
 .text.__locale_mb_cur_max
                0x0800b0a8        0xc e:/developmentenvironment/gcc-arm-none-eabi/bin/../lib/gcc/arm-none-eabi/10.3.1/../../../../arm-none-eabi/lib/thumb/v7-m/nofp\libg.a(lib_a-locale.o)
                0x0800b0a8                __locale_mb_cur_max
 .text._lseek_r
                0x0800b0b4       0x2c e:/developmentenvironment/gcc-arm-none-eabi/bin/../lib/gcc/arm-none-eabi/10.3.1/../../../../arm-none-eabi/lib/thumb/v7-m/nofp\libg.a(lib_a-lseekr.o)
                0x0800b0b4                _lseek_r
 .text.__ascii_mbtowc
                0x0800b0e0       0x2c e:/developmentenvironment/gcc-arm-none-eabi/bin/../lib/gcc/arm-none-eabi/10.3.1/../../../../arm-none-eabi/lib/thumb/v7-m/nofp\libg.a(lib_a-mbtowc_r.o)
                0x0800b0e0                __ascii_mbtowc
 .text._read_r  0x0800b10c       0x2c e:/developmentenvironment/gcc-arm-none-eabi/bin/../lib/gcc/arm-none-eabi/10.3.1/../../../../arm-none-eabi/lib/thumb/v7-m/nofp\libg.a(lib_a-readr.o)
                0x0800b10c                _read_r
 .text.__swbuf_r
                0x0800b138       0xb0 e:/developmentenvironment/gcc-arm-none-eabi/bin/../lib/gcc/arm-none-eabi/10.3.1/../../../../arm-none-eabi/lib/thumb/v7-m/nofp\libg.a(lib_a-wbuf.o)
                0x0800b138                __swbuf_r
 .text._wcrtomb_r
                0x0800b1e8       0x3c e:/developmentenvironment/gcc-arm-none-eabi/bin/../lib/gcc/arm-none-eabi/10.3.1/../../../../arm-none-eabi/lib/thumb/v7-m/nofp\libg.a(lib_a-wcrtomb.o)
                0x0800b1e8                _wcrtomb_r
 .text.__ascii_wctomb
                0x0800b224       0x1c e:/developmentenvironment/gcc-arm-none-eabi/bin/../lib/gcc/arm-none-eabi/10.3.1/../../../../arm-none-eabi/lib/thumb/v7-m/nofp\libg.a(lib_a-wctomb_r.o)
                0x0800b224                __ascii_wctomb
 .text.abort    0x0800b240       0x10 e:/developmentenvironment/gcc-arm-none-eabi/bin/../lib/gcc/arm-none-eabi/10.3.1/../../../../arm-none-eabi/lib/thumb/v7-m/nofp\libg.a(lib_a-abort.o)
                0x0800b240                abort
 .text.raise    0x0800b250       0x5c e:/developmentenvironment/gcc-arm-none-eabi/bin/../lib/gcc/arm-none-eabi/10.3.1/../../../../arm-none-eabi/lib/thumb/v7-m/nofp\libg.a(lib_a-signal.o)
                0x0800b250                raise
 .text._kill_r  0x0800b2ac       0x28 e:/developmentenvironment/gcc-arm-none-eabi/bin/../lib/gcc/arm-none-eabi/10.3.1/../../../../arm-none-eabi/lib/thumb/v7-m/nofp\libg.a(lib_a-signalr.o)
                0x0800b2ac                _kill_r
 .text._getpid_r
                0x0800b2d4        0x4 e:/developmentenvironment/gcc-arm-none-eabi/bin/../lib/gcc/arm-none-eabi/10.3.1/../../../../arm-none-eabi/lib/thumb/v7-m/nofp\libg.a(lib_a-signalr.o)
                0x0800b2d4                _getpid_r
 *(.glue_7)
 .glue_7        0x0800b2d8        0x0 linker stubs
 *(.glue_7t)
 .glue_7t       0x0800b2d8        0x0 linker stubs
 *(.eh_frame)
 .eh_frame      0x0800b2d8        0x0 e:/developmentenvironment/gcc-arm-none-eabi/bin/../lib/gcc/arm-none-eabi/10.3.1/thumb/v7-m/nofp/crtbegin.o
 *(.init)
 .init          0x0800b2d8        0x4 e:/developmentenvironment/gcc-arm-none-eabi/bin/../lib/gcc/arm-none-eabi/10.3.1/thumb/v7-m/nofp/crti.o
                0x0800b2d8                _init
 .init          0x0800b2dc        0x8 e:/developmentenvironment/gcc-arm-none-eabi/bin/../lib/gcc/arm-none-eabi/10.3.1/thumb/v7-m/nofp/crtn.o
 *(.fini)
 .fini          0x0800b2e4        0x4 e:/developmentenvironment/gcc-arm-none-eabi/bin/../lib/gcc/arm-none-eabi/10.3.1/thumb/v7-m/nofp/crti.o
                0x0800b2e4                _fini
 .fini          0x0800b2e8        0x8 e:/developmentenvironment/gcc-arm-none-eabi/bin/../lib/gcc/arm-none-eabi/10.3.1/thumb/v7-m/nofp/crtn.o
                0x0800b2f0                . = ALIGN (0x4)
                0x0800b2f0                _etext = .

.vfp11_veneer   0x0800b2f0        0x0
 .vfp11_veneer  0x0800b2f0        0x0 linker stubs

.v4_bx          0x0800b2f0        0x0
 .v4_bx         0x0800b2f0        0x0 linker stubs

.iplt           0x0800b2f0        0x0
 .iplt          0x0800b2f0        0x0 e:/developmentenvironment/gcc-arm-none-eabi/bin/../lib/gcc/arm-none-eabi/10.3.1/thumb/v7-m/nofp/crtbegin.o

.rodata         0x0800b2f0      0x578
                0x0800b2f0                . = ALIGN (0x4)
 *(.rodata)
 *(.rodata*)
 .rodata.bh1750_read.str1.4
                0x0800b2f0       0x12 CMakeFiles/gp_mcu2.elf.dir/Core/Src/bh1750.c.obj
 *fill*         0x0800b302        0x2 
 .rodata.read_sensor_data_task.str1.4
                0x0800b304       0x4a CMakeFiles/gp_mcu2.elf.dir/Core/Src/main.c.obj
 *fill*         0x0800b34e        0x2 
 .rodata.control_servo_task.str1.4
                0x0800b350       0x7a CMakeFiles/gp_mcu2.elf.dir/Core/Src/main.c.obj
 *fill*         0x0800b3ca        0x2 
 .rodata.send_sensor_data_task.str1.4
                0x0800b3cc       0x21 CMakeFiles/gp_mcu2.elf.dir/Core/Src/main.c.obj
 *fill*         0x0800b3ed        0x3 
 .rodata.recv_control_task.str1.4
                0x0800b3f0       0x4a CMakeFiles/gp_mcu2.elf.dir/Core/Src/main.c.obj
 *fill*         0x0800b43a        0x2 
 .rodata.AHBPrescTable
                0x0800b43c       0x10 CMakeFiles/gp_mcu2.elf.dir/Core/Src/system_stm32f1xx.c.obj
                0x0800b43c                AHBPrescTable
 .rodata.APBPrescTable
                0x0800b44c        0x8 CMakeFiles/gp_mcu2.elf.dir/Core/Src/system_stm32f1xx.c.obj
                0x0800b44c                APBPrescTable
 .rodata.HAL_RCC_GetSysClockFreq.str1.4
                0x0800b454       0x11 CMakeFiles/gp_mcu2.elf.dir/Drivers/STM32F1xx_HAL_Driver/Src/stm32f1xx_hal_rcc.c.obj
 .rodata.HAL_RCCEx_GetPeriphCLKFreq.str1.4
                0x0800b465       0x11 CMakeFiles/gp_mcu2.elf.dir/Drivers/STM32F1xx_HAL_Driver/Src/stm32f1xx_hal_rcc_ex.c.obj
 *fill*         0x0800b465        0x3 
 .rodata._global_impure_ptr
                0x0800b468        0x4 e:/developmentenvironment/gcc-arm-none-eabi/bin/../lib/gcc/arm-none-eabi/10.3.1/../../../../arm-none-eabi/lib/thumb/v7-m/nofp\libg.a(lib_a-impure.o)
                0x0800b468                _global_impure_ptr
 .rodata._puts_r.str1.4
                0x0800b46c       0x11 e:/developmentenvironment/gcc-arm-none-eabi/bin/../lib/gcc/arm-none-eabi/10.3.1/../../../../arm-none-eabi/lib/thumb/v7-m/nofp\libg.a(lib_a-puts.o)
                                  0x2 (size before relaxing)
 .rodata._vfprintf_r.str1.4
                0x0800b46c       0x42 e:/developmentenvironment/gcc-arm-none-eabi/bin/../lib/gcc/arm-none-eabi/10.3.1/../../../../arm-none-eabi/lib/thumb/v7-m/nofp\libg.a(lib_a-vfprintf.o)
 *fill*         0x0800b4ae        0x2 
 .rodata.blanks.1
                0x0800b4b0       0x10 e:/developmentenvironment/gcc-arm-none-eabi/bin/../lib/gcc/arm-none-eabi/10.3.1/../../../../arm-none-eabi/lib/thumb/v7-m/nofp\libg.a(lib_a-vfprintf.o)
 .rodata.zeroes.0
                0x0800b4c0       0x10 e:/developmentenvironment/gcc-arm-none-eabi/bin/../lib/gcc/arm-none-eabi/10.3.1/../../../../arm-none-eabi/lib/thumb/v7-m/nofp\libg.a(lib_a-vfprintf.o)
 .rodata._dtoa_r.str1.4
                0x0800b4d0       0xa2 e:/developmentenvironment/gcc-arm-none-eabi/bin/../lib/gcc/arm-none-eabi/10.3.1/../../../../arm-none-eabi/lib/thumb/v7-m/nofp\libg.a(lib_a-dtoa.o)
                                 0xa6 (size before relaxing)
 *fill*         0x0800b572        0x2 
 .rodata.__multadd.str1.4
                0x0800b574       0x7f e:/developmentenvironment/gcc-arm-none-eabi/bin/../lib/gcc/arm-none-eabi/10.3.1/../../../../arm-none-eabi/lib/thumb/v7-m/nofp\libg.a(lib_a-mprec.o)
                                 0x93 (size before relaxing)
 *fill*         0x0800b5f3        0x5 
 .rodata.__mprec_bigtens
                0x0800b5f8       0x28 e:/developmentenvironment/gcc-arm-none-eabi/bin/../lib/gcc/arm-none-eabi/10.3.1/../../../../arm-none-eabi/lib/thumb/v7-m/nofp\libg.a(lib_a-mprec.o)
                0x0800b5f8                __mprec_bigtens
 .rodata.__mprec_tens
                0x0800b620       0xc8 e:/developmentenvironment/gcc-arm-none-eabi/bin/../lib/gcc/arm-none-eabi/10.3.1/../../../../arm-none-eabi/lib/thumb/v7-m/nofp\libg.a(lib_a-mprec.o)
                0x0800b620                __mprec_tens
 .rodata.p05.0  0x0800b6e8        0xc e:/developmentenvironment/gcc-arm-none-eabi/bin/../lib/gcc/arm-none-eabi/10.3.1/../../../../arm-none-eabi/lib/thumb/v7-m/nofp\libg.a(lib_a-mprec.o)
 .rodata._vfiprintf_r.str1.4
                0x0800b6f4       0x2f e:/developmentenvironment/gcc-arm-none-eabi/bin/../lib/gcc/arm-none-eabi/10.3.1/../../../../arm-none-eabi/lib/thumb/v7-m/nofp\libg.a(lib_a-vfiprintf.o)
 .rodata.blanks.1
                0x0800b6f4       0x10 e:/developmentenvironment/gcc-arm-none-eabi/bin/../lib/gcc/arm-none-eabi/10.3.1/../../../../arm-none-eabi/lib/thumb/v7-m/nofp\libg.a(lib_a-vfiprintf.o)
 .rodata.zeroes.0
                0x0800b704       0x10 e:/developmentenvironment/gcc-arm-none-eabi/bin/../lib/gcc/arm-none-eabi/10.3.1/../../../../arm-none-eabi/lib/thumb/v7-m/nofp\libg.a(lib_a-vfiprintf.o)
 .rodata.__assert_func.str1.4
                0x0800b714       0x3f e:/developmentenvironment/gcc-arm-none-eabi/bin/../lib/gcc/arm-none-eabi/10.3.1/../../../../arm-none-eabi/lib/thumb/v7-m/nofp\libg.a(lib_a-assert.o)
                                 0x43 (size before relaxing)
 *fill*         0x0800b753        0x1 
 .rodata._setlocale_r.str1.4
                0x0800b754        0xa e:/developmentenvironment/gcc-arm-none-eabi/bin/../lib/gcc/arm-none-eabi/10.3.1/../../../../arm-none-eabi/lib/thumb/v7-m/nofp\libg.a(lib_a-locale.o)
                                  0xd (size before relaxing)
 *fill*         0x0800b75e        0x2 
 .rodata.str1.4
                0x0800b760        0x2 e:/developmentenvironment/gcc-arm-none-eabi/bin/../lib/gcc/arm-none-eabi/10.3.1/../../../../arm-none-eabi/lib/thumb/v7-m/nofp\libg.a(lib_a-locale.o)
 *fill*         0x0800b762        0x2 
 .rodata._ctype_
                0x0800b764      0x101 e:/developmentenvironment/gcc-arm-none-eabi/bin/../lib/gcc/arm-none-eabi/10.3.1/../../../../arm-none-eabi/lib/thumb/v7-m/nofp\libg.a(lib_a-ctype_.o)
                0x0800b764                _ctype_
                0x0800b868                . = ALIGN (0x4)
 *fill*         0x0800b865        0x3 

.ARM.extab
 *(.ARM.extab* .gnu.linkonce.armextab.*)

.ARM            0x0800b868        0x8
                0x0800b868                __exidx_start = .
 *(.ARM.exidx*)
 .ARM.exidx     0x0800b868        0x8 e:/developmentenvironment/gcc-arm-none-eabi/bin/../lib/gcc/arm-none-eabi/10.3.1/thumb/v7-m/nofp\libgcc.a(_udivmoddi4.o)
                0x0800b870                __exidx_end = .

.rel.dyn        0x0800b870        0x0
 .rel.iplt      0x0800b870        0x0 e:/developmentenvironment/gcc-arm-none-eabi/bin/../lib/gcc/arm-none-eabi/10.3.1/thumb/v7-m/nofp/crtbegin.o

.preinit_array  0x0800b870        0x0
                0x0800b870                PROVIDE (__preinit_array_start = .)
 *(.preinit_array*)
                0x0800b870                PROVIDE (__preinit_array_end = .)

.init_array     0x0800b870        0x8
                0x0800b870                PROVIDE (__init_array_start = .)
 *(SORT_BY_NAME(.init_array.*))
 .init_array.00000
                0x0800b870        0x4 e:/developmentenvironment/gcc-arm-none-eabi/bin/../lib/gcc/arm-none-eabi/10.3.1/../../../../arm-none-eabi/lib/thumb/v7-m/nofp\libg.a(lib_a-__call_atexit.o)
 *(.init_array*)
 .init_array    0x0800b874        0x4 e:/developmentenvironment/gcc-arm-none-eabi/bin/../lib/gcc/arm-none-eabi/10.3.1/thumb/v7-m/nofp/crtbegin.o
                0x0800b878                PROVIDE (__init_array_end = .)

.fini_array     0x0800b878        0x4
                0x0800b878                PROVIDE (__fini_array_start = .)
 *(SORT_BY_NAME(.fini_array.*))
 *(.fini_array*)
 .fini_array    0x0800b878        0x4 e:/developmentenvironment/gcc-arm-none-eabi/bin/../lib/gcc/arm-none-eabi/10.3.1/thumb/v7-m/nofp/crtbegin.o
                0x0800b87c                PROVIDE (__fini_array_end = .)
                0x0800b87c                _sidata = LOADADDR (.data)

.data           0x20000000      0x9d0 load address 0x0800b87c
                0x20000000                . = ALIGN (0x4)
                0x20000000                _sdata = .
 *(.data)
 *(.data*)
 .data.Dht11ReadStatus.0
                0x20000000        0x4 CMakeFiles/gp_mcu2.elf.dir/Core/Src/main.c.obj
 .data.auto_mode
                0x20000004        0x1 CMakeFiles/gp_mcu2.elf.dir/Core/Src/main.c.obj
                0x20000004                auto_mode
 *fill*         0x20000005        0x3 
 .data.lora_send_buf
                0x20000008        0xd CMakeFiles/gp_mcu2.elf.dir/Core/Src/main.c.obj
                0x20000008                lora_send_buf
 *fill*         0x20000015        0x3 
 .data.SystemCoreClock
                0x20000018        0x4 CMakeFiles/gp_mcu2.elf.dir/Core/Src/system_stm32f1xx.c.obj
                0x20000018                SystemCoreClock
 .data.uwTickFreq
                0x2000001c        0x1 CMakeFiles/gp_mcu2.elf.dir/Drivers/STM32F1xx_HAL_Driver/Src/stm32f1xx_hal.c.obj
                0x2000001c                uwTickFreq
 *fill*         0x2000001d        0x3 
 .data.uwTickPrio
                0x20000020        0x4 CMakeFiles/gp_mcu2.elf.dir/Drivers/STM32F1xx_HAL_Driver/Src/stm32f1xx_hal.c.obj
                0x20000020                uwTickPrio
 .data._impure_ptr
                0x20000024        0x4 e:/developmentenvironment/gcc-arm-none-eabi/bin/../lib/gcc/arm-none-eabi/10.3.1/../../../../arm-none-eabi/lib/thumb/v7-m/nofp\libg.a(lib_a-impure.o)
                0x20000024                _impure_ptr
 .data.impure_data
                0x20000028      0x428 e:/developmentenvironment/gcc-arm-none-eabi/bin/../lib/gcc/arm-none-eabi/10.3.1/../../../../arm-none-eabi/lib/thumb/v7-m/nofp\libg.a(lib_a-impure.o)
 .data.__atexit_recursive_mutex
                0x20000450        0x4 e:/developmentenvironment/gcc-arm-none-eabi/bin/../lib/gcc/arm-none-eabi/10.3.1/../../../../arm-none-eabi/lib/thumb/v7-m/nofp\libg.a(lib_a-__call_atexit.o)
                0x20000450                __atexit_recursive_mutex
 .data.__malloc_av_
                0x20000454      0x408 e:/developmentenvironment/gcc-arm-none-eabi/bin/../lib/gcc/arm-none-eabi/10.3.1/../../../../arm-none-eabi/lib/thumb/v7-m/nofp\libg.a(lib_a-mallocr.o)
                0x20000454                __malloc_av_
 .data.__malloc_sbrk_base
                0x2000085c        0x4 e:/developmentenvironment/gcc-arm-none-eabi/bin/../lib/gcc/arm-none-eabi/10.3.1/../../../../arm-none-eabi/lib/thumb/v7-m/nofp\libg.a(lib_a-mallocr.o)
                0x2000085c                __malloc_sbrk_base
 .data.__malloc_trim_threshold
                0x20000860        0x4 e:/developmentenvironment/gcc-arm-none-eabi/bin/../lib/gcc/arm-none-eabi/10.3.1/../../../../arm-none-eabi/lib/thumb/v7-m/nofp\libg.a(lib_a-mallocr.o)
                0x20000860                __malloc_trim_threshold
 .data.__global_locale
                0x20000864      0x16c e:/developmentenvironment/gcc-arm-none-eabi/bin/../lib/gcc/arm-none-eabi/10.3.1/../../../../arm-none-eabi/lib/thumb/v7-m/nofp\libg.a(lib_a-locale.o)
                0x20000864                __global_locale
                0x200009d0                . = ALIGN (0x4)
                0x200009d0                _edata = .

.igot.plt       0x200009d0        0x0 load address 0x0800c24c
 .igot.plt      0x200009d0        0x0 e:/developmentenvironment/gcc-arm-none-eabi/bin/../lib/gcc/arm-none-eabi/10.3.1/thumb/v7-m/nofp/crtbegin.o
                0x200009d0                . = ALIGN (0x4)

.bss            0x200009d0      0x6a8 load address 0x0800c24c
                0x200009d0                _sbss = .
                0x200009d0                __bss_start__ = _sbss
 *(.bss)
 .bss           0x200009d0       0x1c e:/developmentenvironment/gcc-arm-none-eabi/bin/../lib/gcc/arm-none-eabi/10.3.1/thumb/v7-m/nofp/crtbegin.o
 *(.bss*)
 .bss.hadc1     0x200009ec       0x30 CMakeFiles/gp_mcu2.elf.dir/Core/Src/adc.c.obj
                0x200009ec                hadc1
 .bss.hi2c1     0x20000a1c       0x54 CMakeFiles/gp_mcu2.elf.dir/Core/Src/i2c.c.obj
                0x20000a1c                hi2c1
 .bss.CurrentState
                0x20000a70        0x1 CMakeFiles/gp_mcu2.elf.dir/Core/Src/main.c.obj
                0x20000a70                CurrentState
 .bss.count.1   0x20000a71        0x1 CMakeFiles/gp_mcu2.elf.dir/Core/Src/main.c.obj
 .bss.event_flag
                0x20000a72        0x1 CMakeFiles/gp_mcu2.elf.dir/Core/Src/main.c.obj
                0x20000a72                event_flag
 *fill*         0x20000a73        0x1 
 .bss.lora_receive_buffer
                0x20000a74      0x400 CMakeFiles/gp_mcu2.elf.dir/Core/Src/main.c.obj
                0x20000a74                lora_receive_buffer
 .bss.lora_recv_flag
                0x20000e74        0x1 CMakeFiles/gp_mcu2.elf.dir/Core/Src/main.c.obj
                0x20000e74                lora_recv_flag
 .bss.lora_recv_len
                0x20000e75        0x1 CMakeFiles/gp_mcu2.elf.dir/Core/Src/main.c.obj
                0x20000e75                lora_recv_len
 *fill*         0x20000e76        0x2 
 .bss.sensor_data
                0x20000e78        0x8 CMakeFiles/gp_mcu2.elf.dir/Core/Src/main.c.obj
                0x20000e78                sensor_data
 .bss.res       0x20000e80        0x1 CMakeFiles/gp_mcu2.elf.dir/Core/Src/stm32f1xx_it.c.obj
                0x20000e80                res
 *fill*         0x20000e81        0x1 
 .bss.temp      0x20000e82        0x2 CMakeFiles/gp_mcu2.elf.dir/Core/Src/stm32f1xx_it.c.obj
                0x20000e82                temp
 .bss.heap_end.0
                0x20000e84        0x4 CMakeFiles/gp_mcu2.elf.dir/Core/Src/syscalls.c.obj
 .bss.htim2     0x20000e88       0x48 CMakeFiles/gp_mcu2.elf.dir/Core/Src/tim.c.obj
                0x20000e88                htim2
 .bss.htim3     0x20000ed0       0x48 CMakeFiles/gp_mcu2.elf.dir/Core/Src/tim.c.obj
                0x20000ed0                htim3
 .bss.htim4     0x20000f18       0x48 CMakeFiles/gp_mcu2.elf.dir/Core/Src/tim.c.obj
                0x20000f18                htim4
 .bss.hdma_usart2_rx
                0x20000f60       0x44 CMakeFiles/gp_mcu2.elf.dir/Core/Src/usart.c.obj
                0x20000f60                hdma_usart2_rx
 .bss.huart1    0x20000fa4       0x44 CMakeFiles/gp_mcu2.elf.dir/Core/Src/usart.c.obj
                0x20000fa4                huart1
 .bss.huart2    0x20000fe8       0x44 CMakeFiles/gp_mcu2.elf.dir/Core/Src/usart.c.obj
                0x20000fe8                huart2
 .bss.uwTick    0x2000102c        0x4 CMakeFiles/gp_mcu2.elf.dir/Drivers/STM32F1xx_HAL_Driver/Src/stm32f1xx_hal.c.obj
                0x2000102c                uwTick
 .bss.__lock___atexit_recursive_mutex
                0x20001030        0x1 e:/developmentenvironment/gcc-arm-none-eabi/bin/../lib/gcc/arm-none-eabi/10.3.1/../../../../arm-none-eabi/lib/thumb/v7-m/nofp\libg.a(lib_a-lock.o)
                0x20001030                __lock___atexit_recursive_mutex
 *fill*         0x20001031        0x3 
 .bss.__lock___malloc_recursive_mutex
                0x20001034        0x1 e:/developmentenvironment/gcc-arm-none-eabi/bin/../lib/gcc/arm-none-eabi/10.3.1/../../../../arm-none-eabi/lib/thumb/v7-m/nofp\libg.a(lib_a-lock.o)
                0x20001034                __lock___malloc_recursive_mutex
 *fill*         0x20001035        0x3 
 .bss.__lock___sfp_recursive_mutex
                0x20001038        0x1 e:/developmentenvironment/gcc-arm-none-eabi/bin/../lib/gcc/arm-none-eabi/10.3.1/../../../../arm-none-eabi/lib/thumb/v7-m/nofp\libg.a(lib_a-lock.o)
                0x20001038                __lock___sfp_recursive_mutex
 *fill*         0x20001039        0x3 
 .bss.__lock___sinit_recursive_mutex
                0x2000103c        0x1 e:/developmentenvironment/gcc-arm-none-eabi/bin/../lib/gcc/arm-none-eabi/10.3.1/../../../../arm-none-eabi/lib/thumb/v7-m/nofp\libg.a(lib_a-lock.o)
                0x2000103c                __lock___sinit_recursive_mutex
 *fill*         0x2000103d        0x3 
 .bss.__malloc_current_mallinfo
                0x20001040       0x28 e:/developmentenvironment/gcc-arm-none-eabi/bin/../lib/gcc/arm-none-eabi/10.3.1/../../../../arm-none-eabi/lib/thumb/v7-m/nofp\libg.a(lib_a-mallocr.o)
                0x20001040                __malloc_current_mallinfo
 .bss.__malloc_max_sbrked_mem
                0x20001068        0x4 e:/developmentenvironment/gcc-arm-none-eabi/bin/../lib/gcc/arm-none-eabi/10.3.1/../../../../arm-none-eabi/lib/thumb/v7-m/nofp\libg.a(lib_a-mallocr.o)
                0x20001068                __malloc_max_sbrked_mem
 .bss.__malloc_max_total_mem
                0x2000106c        0x4 e:/developmentenvironment/gcc-arm-none-eabi/bin/../lib/gcc/arm-none-eabi/10.3.1/../../../../arm-none-eabi/lib/thumb/v7-m/nofp\libg.a(lib_a-mallocr.o)
                0x2000106c                __malloc_max_total_mem
 .bss.__malloc_top_pad
                0x20001070        0x4 e:/developmentenvironment/gcc-arm-none-eabi/bin/../lib/gcc/arm-none-eabi/10.3.1/../../../../arm-none-eabi/lib/thumb/v7-m/nofp\libg.a(lib_a-mallocr.o)
                0x20001070                __malloc_top_pad
 .bss.errno     0x20001074        0x4 e:/developmentenvironment/gcc-arm-none-eabi/bin/../lib/gcc/arm-none-eabi/10.3.1/../../../../arm-none-eabi/lib/thumb/v7-m/nofp\libg.a(lib_a-reent.o)
                0x20001074                errno
 *(COMMON)
                0x20001078                . = ALIGN (0x4)
                0x20001078                _ebss = .
                0x20001078                __bss_end__ = _ebss

._user_heap_stack
                0x20001078      0x600 load address 0x0800c24c
                0x20001078                . = ALIGN (0x8)
                0x20001078                PROVIDE (end = .)
                [!provide]                PROVIDE (_end = .)
                0x20001278                . = (. + _Min_Heap_Size)
 *fill*         0x20001078      0x200 
                0x20001678                . = (. + _Min_Stack_Size)
 *fill*         0x20001278      0x400 
                0x20001678                . = ALIGN (0x8)

/DISCARD/
 libc.a(*)
 libm.a(*)
 libgcc.a(*)

.ARM.attributes
                0x00000000       0x29
 *(.ARM.attributes)
 .ARM.attributes
                0x00000000       0x1d e:/developmentenvironment/gcc-arm-none-eabi/bin/../lib/gcc/arm-none-eabi/10.3.1/thumb/v7-m/nofp/crti.o
 .ARM.attributes
                0x0000001d       0x2d e:/developmentenvironment/gcc-arm-none-eabi/bin/../lib/gcc/arm-none-eabi/10.3.1/thumb/v7-m/nofp/crtbegin.o
 .ARM.attributes
                0x0000004a       0x2d CMakeFiles/gp_mcu2.elf.dir/Core/Src/adc.c.obj
 .ARM.attributes
                0x00000077       0x2d CMakeFiles/gp_mcu2.elf.dir/Core/Src/bh1750.c.obj
 .ARM.attributes
                0x000000a4       0x2d CMakeFiles/gp_mcu2.elf.dir/Core/Src/dht11.c.obj
 .ARM.attributes
                0x000000d1       0x2d CMakeFiles/gp_mcu2.elf.dir/Core/Src/dma.c.obj
 .ARM.attributes
                0x000000fe       0x2d CMakeFiles/gp_mcu2.elf.dir/Core/Src/gpio.c.obj
 .ARM.attributes
                0x0000012b       0x2d CMakeFiles/gp_mcu2.elf.dir/Core/Src/i2c.c.obj
 .ARM.attributes
                0x00000158       0x2d CMakeFiles/gp_mcu2.elf.dir/Core/Src/main.c.obj
 .ARM.attributes
                0x00000185       0x2d CMakeFiles/gp_mcu2.elf.dir/Core/Src/soil_humi.c.obj
 .ARM.attributes
                0x000001b2       0x2d CMakeFiles/gp_mcu2.elf.dir/Core/Src/stm32f1xx_hal_msp.c.obj
 .ARM.attributes
                0x000001df       0x2d CMakeFiles/gp_mcu2.elf.dir/Core/Src/stm32f1xx_it.c.obj
 .ARM.attributes
                0x0000020c       0x2d CMakeFiles/gp_mcu2.elf.dir/Core/Src/syscalls.c.obj
 .ARM.attributes
                0x00000239       0x2d CMakeFiles/gp_mcu2.elf.dir/Core/Src/system_stm32f1xx.c.obj
 .ARM.attributes
                0x00000266       0x2d CMakeFiles/gp_mcu2.elf.dir/Core/Src/tim.c.obj
 .ARM.attributes
                0x00000293       0x2d CMakeFiles/gp_mcu2.elf.dir/Core/Src/usart.c.obj
 .ARM.attributes
                0x000002c0       0x2d CMakeFiles/gp_mcu2.elf.dir/Drivers/STM32F1xx_HAL_Driver/Src/stm32f1xx_hal.c.obj
 .ARM.attributes
                0x000002ed       0x2d CMakeFiles/gp_mcu2.elf.dir/Drivers/STM32F1xx_HAL_Driver/Src/stm32f1xx_hal_adc.c.obj
 .ARM.attributes
                0x0000031a       0x2d CMakeFiles/gp_mcu2.elf.dir/Drivers/STM32F1xx_HAL_Driver/Src/stm32f1xx_hal_cortex.c.obj
 .ARM.attributes
                0x00000347       0x2d CMakeFiles/gp_mcu2.elf.dir/Drivers/STM32F1xx_HAL_Driver/Src/stm32f1xx_hal_dma.c.obj
 .ARM.attributes
                0x00000374       0x2d CMakeFiles/gp_mcu2.elf.dir/Drivers/STM32F1xx_HAL_Driver/Src/stm32f1xx_hal_gpio.c.obj
 .ARM.attributes
                0x000003a1       0x2d CMakeFiles/gp_mcu2.elf.dir/Drivers/STM32F1xx_HAL_Driver/Src/stm32f1xx_hal_i2c.c.obj
 .ARM.attributes
                0x000003ce       0x2d CMakeFiles/gp_mcu2.elf.dir/Drivers/STM32F1xx_HAL_Driver/Src/stm32f1xx_hal_rcc.c.obj
 .ARM.attributes
                0x000003fb       0x2d CMakeFiles/gp_mcu2.elf.dir/Drivers/STM32F1xx_HAL_Driver/Src/stm32f1xx_hal_rcc_ex.c.obj
 .ARM.attributes
                0x00000428       0x2d CMakeFiles/gp_mcu2.elf.dir/Drivers/STM32F1xx_HAL_Driver/Src/stm32f1xx_hal_tim.c.obj
 .ARM.attributes
                0x00000455       0x2d CMakeFiles/gp_mcu2.elf.dir/Drivers/STM32F1xx_HAL_Driver/Src/stm32f1xx_hal_tim_ex.c.obj
 .ARM.attributes
                0x00000482       0x2d CMakeFiles/gp_mcu2.elf.dir/Drivers/STM32F1xx_HAL_Driver/Src/stm32f1xx_hal_uart.c.obj
 .ARM.attributes
                0x000004af       0x21 CMakeFiles/gp_mcu2.elf.dir/startup/startup_stm32f103xb.s.obj
 .ARM.attributes
                0x000004d0       0x1d e:/developmentenvironment/gcc-arm-none-eabi/bin/../lib/gcc/arm-none-eabi/10.3.1/thumb/v7-m/nofp\libgcc.a(_arm_addsubdf3.o)
 .ARM.attributes
                0x000004ed       0x1d e:/developmentenvironment/gcc-arm-none-eabi/bin/../lib/gcc/arm-none-eabi/10.3.1/thumb/v7-m/nofp\libgcc.a(_arm_muldivdf3.o)
 .ARM.attributes
                0x0000050a       0x1d e:/developmentenvironment/gcc-arm-none-eabi/bin/../lib/gcc/arm-none-eabi/10.3.1/thumb/v7-m/nofp\libgcc.a(_arm_cmpdf2.o)
 .ARM.attributes
                0x00000527       0x1d e:/developmentenvironment/gcc-arm-none-eabi/bin/../lib/gcc/arm-none-eabi/10.3.1/thumb/v7-m/nofp\libgcc.a(_arm_fixdfsi.o)
 .ARM.attributes
                0x00000544       0x1d e:/developmentenvironment/gcc-arm-none-eabi/bin/../lib/gcc/arm-none-eabi/10.3.1/thumb/v7-m/nofp\libgcc.a(_arm_fixunsdfsi.o)
 .ARM.attributes
                0x00000561       0x1d e:/developmentenvironment/gcc-arm-none-eabi/bin/../lib/gcc/arm-none-eabi/10.3.1/thumb/v7-m/nofp\libgcc.a(_arm_addsubsf3.o)
 .ARM.attributes
                0x0000057e       0x1d e:/developmentenvironment/gcc-arm-none-eabi/bin/../lib/gcc/arm-none-eabi/10.3.1/thumb/v7-m/nofp\libgcc.a(_arm_muldivsf3.o)
 .ARM.attributes
                0x0000059b       0x1d e:/developmentenvironment/gcc-arm-none-eabi/bin/../lib/gcc/arm-none-eabi/10.3.1/thumb/v7-m/nofp\libgcc.a(_arm_cmpsf2.o)
 .ARM.attributes
                0x000005b8       0x2d e:/developmentenvironment/gcc-arm-none-eabi/bin/../lib/gcc/arm-none-eabi/10.3.1/../../../../arm-none-eabi/lib/thumb/v7-m/nofp\libg.a(lib_a-errno.o)
 .ARM.attributes
                0x000005e5       0x2d e:/developmentenvironment/gcc-arm-none-eabi/bin/../lib/gcc/arm-none-eabi/10.3.1/../../../../arm-none-eabi/lib/thumb/v7-m/nofp\libg.a(lib_a-impure.o)
 .ARM.attributes
                0x00000612       0x2d e:/developmentenvironment/gcc-arm-none-eabi/bin/../lib/gcc/arm-none-eabi/10.3.1/../../../../arm-none-eabi/lib/thumb/v7-m/nofp\libg.a(lib_a-init.o)
 .ARM.attributes
                0x0000063f       0x2d e:/developmentenvironment/gcc-arm-none-eabi/bin/../lib/gcc/arm-none-eabi/10.3.1/../../../../arm-none-eabi/lib/thumb/v7-m/nofp\libg.a(lib_a-memset.o)
 .ARM.attributes
                0x0000066c       0x2d e:/developmentenvironment/gcc-arm-none-eabi/bin/../lib/gcc/arm-none-eabi/10.3.1/../../../../arm-none-eabi/lib/thumb/v7-m/nofp\libg.a(lib_a-printf.o)
 .ARM.attributes
                0x00000699       0x2d e:/developmentenvironment/gcc-arm-none-eabi/bin/../lib/gcc/arm-none-eabi/10.3.1/../../../../arm-none-eabi/lib/thumb/v7-m/nofp\libg.a(lib_a-puts.o)
 .ARM.attributes
                0x000006c6       0x2d e:/developmentenvironment/gcc-arm-none-eabi/bin/../lib/gcc/arm-none-eabi/10.3.1/../../../../arm-none-eabi/lib/thumb/v7-m/nofp\libg.a(lib_a-strlen-stub.o)
 .ARM.attributes
                0x000006f3       0x2d e:/developmentenvironment/gcc-arm-none-eabi/bin/../lib/gcc/arm-none-eabi/10.3.1/../../../../arm-none-eabi/lib/thumb/v7-m/nofp\libg.a(lib_a-vfprintf.o)
 .ARM.attributes
                0x00000720       0x2d e:/developmentenvironment/gcc-arm-none-eabi/bin/../lib/gcc/arm-none-eabi/10.3.1/../../../../arm-none-eabi/lib/thumb/v7-m/nofp\libg.a(lib_a-wsetup.o)
 .ARM.attributes
                0x0000074d       0x2d e:/developmentenvironment/gcc-arm-none-eabi/bin/../lib/gcc/arm-none-eabi/10.3.1/../../../../arm-none-eabi/lib/thumb/v7-m/nofp\libg.a(lib_a-__call_atexit.o)
 .ARM.attributes
                0x0000077a       0x2d e:/developmentenvironment/gcc-arm-none-eabi/bin/../lib/gcc/arm-none-eabi/10.3.1/../../../../arm-none-eabi/lib/thumb/v7-m/nofp\libg.a(lib_a-atexit.o)
 .ARM.attributes
                0x000007a7       0x2d e:/developmentenvironment/gcc-arm-none-eabi/bin/../lib/gcc/arm-none-eabi/10.3.1/../../../../arm-none-eabi/lib/thumb/v7-m/nofp\libg.a(lib_a-dtoa.o)
 .ARM.attributes
                0x000007d4       0x2d e:/developmentenvironment/gcc-arm-none-eabi/bin/../lib/gcc/arm-none-eabi/10.3.1/../../../../arm-none-eabi/lib/thumb/v7-m/nofp\libg.a(lib_a-fflush.o)
 .ARM.attributes
                0x00000801       0x2d e:/developmentenvironment/gcc-arm-none-eabi/bin/../lib/gcc/arm-none-eabi/10.3.1/../../../../arm-none-eabi/lib/thumb/v7-m/nofp\libg.a(lib_a-findfp.o)
 .ARM.attributes
                0x0000082e       0x2d e:/developmentenvironment/gcc-arm-none-eabi/bin/../lib/gcc/arm-none-eabi/10.3.1/../../../../arm-none-eabi/lib/thumb/v7-m/nofp\libg.a(lib_a-fini.o)
 .ARM.attributes
                0x0000085b       0x2d e:/developmentenvironment/gcc-arm-none-eabi/bin/../lib/gcc/arm-none-eabi/10.3.1/../../../../arm-none-eabi/lib/thumb/v7-m/nofp\libg.a(lib_a-freer.o)
 .ARM.attributes
                0x00000888       0x2d e:/developmentenvironment/gcc-arm-none-eabi/bin/../lib/gcc/arm-none-eabi/10.3.1/../../../../arm-none-eabi/lib/thumb/v7-m/nofp\libg.a(lib_a-fvwrite.o)
 .ARM.attributes
                0x000008b5       0x2d e:/developmentenvironment/gcc-arm-none-eabi/bin/../lib/gcc/arm-none-eabi/10.3.1/../../../../arm-none-eabi/lib/thumb/v7-m/nofp\libg.a(lib_a-fwalk.o)
 .ARM.attributes
                0x000008e2       0x2d e:/developmentenvironment/gcc-arm-none-eabi/bin/../lib/gcc/arm-none-eabi/10.3.1/../../../../arm-none-eabi/lib/thumb/v7-m/nofp\libg.a(lib_a-localeconv.o)
 .ARM.attributes
                0x0000090f       0x2d e:/developmentenvironment/gcc-arm-none-eabi/bin/../lib/gcc/arm-none-eabi/10.3.1/../../../../arm-none-eabi/lib/thumb/v7-m/nofp\libg.a(lib_a-lock.o)
 .ARM.attributes
                0x0000093c       0x2d e:/developmentenvironment/gcc-arm-none-eabi/bin/../lib/gcc/arm-none-eabi/10.3.1/../../../../arm-none-eabi/lib/thumb/v7-m/nofp\libg.a(lib_a-makebuf.o)
 .ARM.attributes
                0x00000969       0x2d e:/developmentenvironment/gcc-arm-none-eabi/bin/../lib/gcc/arm-none-eabi/10.3.1/../../../../arm-none-eabi/lib/thumb/v7-m/nofp\libg.a(lib_a-mallocr.o)
 .ARM.attributes
                0x00000996       0x2d e:/developmentenvironment/gcc-arm-none-eabi/bin/../lib/gcc/arm-none-eabi/10.3.1/../../../../arm-none-eabi/lib/thumb/v7-m/nofp\libg.a(lib_a-memchr-stub.o)
 .ARM.attributes
                0x000009c3       0x1b e:/developmentenvironment/gcc-arm-none-eabi/bin/../lib/gcc/arm-none-eabi/10.3.1/../../../../arm-none-eabi/lib/thumb/v7-m/nofp\libg.a(lib_a-memcpy.o)
 .ARM.attributes
                0x000009de       0x2d e:/developmentenvironment/gcc-arm-none-eabi/bin/../lib/gcc/arm-none-eabi/10.3.1/../../../../arm-none-eabi/lib/thumb/v7-m/nofp\libg.a(lib_a-memmove.o)
 .ARM.attributes
                0x00000a0b       0x2d e:/developmentenvironment/gcc-arm-none-eabi/bin/../lib/gcc/arm-none-eabi/10.3.1/../../../../arm-none-eabi/lib/thumb/v7-m/nofp\libg.a(lib_a-mlock.o)
 .ARM.attributes
                0x00000a38       0x2d e:/developmentenvironment/gcc-arm-none-eabi/bin/../lib/gcc/arm-none-eabi/10.3.1/../../../../arm-none-eabi/lib/thumb/v7-m/nofp\libg.a(lib_a-mprec.o)
 .ARM.attributes
                0x00000a65       0x2d e:/developmentenvironment/gcc-arm-none-eabi/bin/../lib/gcc/arm-none-eabi/10.3.1/../../../../arm-none-eabi/lib/thumb/v7-m/nofp\libg.a(lib_a-reallocr.o)
 .ARM.attributes
                0x00000a92       0x2d e:/developmentenvironment/gcc-arm-none-eabi/bin/../lib/gcc/arm-none-eabi/10.3.1/../../../../arm-none-eabi/lib/thumb/v7-m/nofp\libg.a(lib_a-s_frexp.o)
 .ARM.attributes
                0x00000abf       0x2d e:/developmentenvironment/gcc-arm-none-eabi/bin/../lib/gcc/arm-none-eabi/10.3.1/../../../../arm-none-eabi/lib/thumb/v7-m/nofp\libg.a(lib_a-sbrkr.o)
 .ARM.attributes
                0x00000aec       0x2d e:/developmentenvironment/gcc-arm-none-eabi/bin/../lib/gcc/arm-none-eabi/10.3.1/../../../../arm-none-eabi/lib/thumb/v7-m/nofp\libg.a(lib_a-stdio.o)
 .ARM.attributes
                0x00000b19       0x2d e:/developmentenvironment/gcc-arm-none-eabi/bin/../lib/gcc/arm-none-eabi/10.3.1/../../../../arm-none-eabi/lib/thumb/v7-m/nofp\libg.a(lib_a-strncpy.o)
 .ARM.attributes
                0x00000b46       0x2d e:/developmentenvironment/gcc-arm-none-eabi/bin/../lib/gcc/arm-none-eabi/10.3.1/../../../../arm-none-eabi/lib/thumb/v7-m/nofp\libg.a(lib_a-vfiprintf.o)
 .ARM.attributes
                0x00000b73       0x2d e:/developmentenvironment/gcc-arm-none-eabi/bin/../lib/gcc/arm-none-eabi/10.3.1/../../../../arm-none-eabi/lib/thumb/v7-m/nofp\libg.a(lib_a-writer.o)
 .ARM.attributes
                0x00000ba0       0x2d e:/developmentenvironment/gcc-arm-none-eabi/bin/../lib/gcc/arm-none-eabi/10.3.1/../../../../arm-none-eabi/lib/thumb/v7-m/nofp\libg.a(lib_a-__atexit.o)
 .ARM.attributes